Component: ARM Compiler 5.06 update 6 (build 750) Tool: armlink [4d35ed]

==============================================================================

Section Cross References

    startup_stm32f427xx.o(RESET) refers to startup_stm32f427xx.o(STACK) for __initial_sp
    startup_stm32f427xx.o(RESET) refers to startup_stm32f427xx.o(.text) for Reset_Handler
    startup_stm32f427xx.o(RESET) refers to stm32f4xx_it.o(i.NMI_Handler) for NMI_Handler
    startup_stm32f427xx.o(RESET) refers to stm32f4xx_it.o(i.HardFault_Handler) for HardFault_Handler
    startup_stm32f427xx.o(RESET) refers to stm32f4xx_it.o(i.MemManage_Handler) for MemManage_Handler
    startup_stm32f427xx.o(RESET) refers to stm32f4xx_it.o(i.BusFault_Handler) for BusFault_Handler
    startup_stm32f427xx.o(RESET) refers to stm32f4xx_it.o(i.UsageFault_Handler) for UsageFault_Handler
    startup_stm32f427xx.o(RESET) refers to port.o(.emb_text) for SVC_Handler
    startup_stm32f427xx.o(RESET) refers to stm32f4xx_it.o(i.DebugMon_Handler) for DebugMon_Handler
    startup_stm32f427xx.o(RESET) refers to port.o(i.SysTick_Handler) for SysTick_Handler
    startup_stm32f427xx.o(RESET) refers to stm32f4xx_it.o(i.DMA1_Stream6_IRQHandler) for DMA1_Stream6_IRQHandler
    startup_stm32f427xx.o(RESET) refers to stm32f4xx_it.o(i.CAN1_TX_IRQHandler) for CAN1_TX_IRQHandler
    startup_stm32f427xx.o(RESET) refers to stm32f4xx_it.o(i.CAN1_RX0_IRQHandler) for CAN1_RX0_IRQHandler
    startup_stm32f427xx.o(RESET) refers to stm32f4xx_it.o(i.TIM1_UP_TIM10_IRQHandler) for TIM1_UP_TIM10_IRQHandler
    startup_stm32f427xx.o(RESET) refers to stm32f4xx_it.o(i.USART1_IRQHandler) for USART1_IRQHandler
    startup_stm32f427xx.o(RESET) refers to stm32f4xx_it.o(i.DMA2_Stream2_IRQHandler) for DMA2_Stream2_IRQHandler
    startup_stm32f427xx.o(RESET) refers to stm32f4xx_it.o(i.USART6_IRQHandler) for USART6_IRQHandler
    startup_stm32f427xx.o(RESET) refers to stm32f4xx_it.o(i.UART7_IRQHandler) for UART7_IRQHandler
    startup_stm32f427xx.o(RESET) refers to stm32f4xx_it.o(i.UART8_IRQHandler) for UART8_IRQHandler
    startup_stm32f427xx.o(.text) refers to system_stm32f4xx.o(i.SystemInit) for SystemInit
    startup_stm32f427xx.o(.text) refers to entry.o(.ARM.Collect$$$$00000000) for __main
    main.o(i.HAL_TIM_PeriodElapsedCallback) refers to stm32f4xx_hal.o(i.HAL_IncTick) for HAL_IncTick
    main.o(i.SystemClock_Config) refers to memseta.o(.text) for __aeabi_memclr4
    main.o(i.SystemClock_Config) refers to stm32f4xx_hal_rcc.o(i.HAL_RCC_OscConfig) for HAL_RCC_OscConfig
    main.o(i.SystemClock_Config) refers to stm32f4xx_hal_rcc.o(i.HAL_RCC_ClockConfig) for HAL_RCC_ClockConfig
    main.o(i.main) refers to stm32f4xx_hal.o(i.HAL_Init) for HAL_Init
    main.o(i.main) refers to main.o(i.SystemClock_Config) for SystemClock_Config
    main.o(i.main) refers to gpio.o(i.MX_GPIO_Init) for MX_GPIO_Init
    main.o(i.main) refers to can.o(i.MX_CAN1_Init) for MX_CAN1_Init
    main.o(i.main) refers to dma.o(i.MX_DMA_Init) for MX_DMA_Init
    main.o(i.main) refers to tim.o(i.MX_TIM5_Init) for MX_TIM5_Init
    main.o(i.main) refers to usart.o(i.MX_USART1_UART_Init) for MX_USART1_UART_Init
    main.o(i.main) refers to usart.o(i.MX_USART6_UART_Init) for MX_USART6_UART_Init
    main.o(i.main) refers to usart.o(i.MX_UART8_Init) for MX_UART8_Init
    main.o(i.main) refers to tim.o(i.MX_TIM12_Init) for MX_TIM12_Init
    main.o(i.main) refers to usart.o(i.MX_UART7_Init) for MX_UART7_Init
    main.o(i.main) refers to bsp_usart.o(i.Usart_IdleIRQ_Init) for Usart_IdleIRQ_Init
    main.o(i.main) refers to bsp_can.o(i.CAN_Filter_Init) for CAN_Filter_Init
    main.o(i.main) refers to freertos.o(i.MX_FREERTOS_Init) for MX_FREERTOS_Init
    main.o(i.main) refers to cmsis_os.o(i.osKernelStart) for osKernelStart
    main.o(i.main) refers to usart.o(.bss) for huart1
    gpio.o(i.MX_GPIO_Init) refers to memseta.o(.text) for __aeabi_memclr4
    gpio.o(i.MX_GPIO_Init) refers to stm32f4xx_hal_gpio.o(i.HAL_GPIO_WritePin) for HAL_GPIO_WritePin
    gpio.o(i.MX_GPIO_Init) refers to stm32f4xx_hal_gpio.o(i.HAL_GPIO_Init) for HAL_GPIO_Init
    freertos.o(i.Chassis_Task_Entry) refers to cmsis_os.o(i.osDelay) for osDelay
    freertos.o(i.DJI_Motor_Ctrl_Task_Entry) refers to cmsis_os.o(i.osDelay) for osDelay
    freertos.o(i.MX_FREERTOS_Init) refers to memcpya.o(.text) for __aeabi_memcpy4
    freertos.o(i.MX_FREERTOS_Init) refers to cmsis_os.o(i.osThreadCreate) for osThreadCreate
    freertos.o(i.MX_FREERTOS_Init) refers to freertos.o(.constdata) for .constdata
    freertos.o(i.MX_FREERTOS_Init) refers to freertos.o(.data) for .data
    freertos.o(i.Mec_Arm_Ctrl_Task_Entry) refers to cmsis_os.o(i.osDelay) for osDelay
    freertos.o(i.Navigation_Task_Entry) refers to cmsis_os.o(i.osDelay) for osDelay
    freertos.o(i.RC_Task_Entry) refers to cmsis_os.o(i.osDelay) for osDelay
    freertos.o(i.StartDefaultTask) refers to stm32f4xx_hal_gpio.o(i.HAL_GPIO_TogglePin) for HAL_GPIO_TogglePin
[...]
    .bss                                     0x2000066c   Section      464  usart.o(.bss)
    .bss                                     0x2000083c   Section       72  stm32f4xx_hal_timebase_tim.o(.bss)
    .bss                                     0x20000884   Section      240  tasks.o(.bss)
    pxReadyTasksLists                        0x20000884   Data         140  tasks.o(.bss)
    xDelayedTaskList1                        0x20000910   Data          20  tasks.o(.bss)
    xDelayedTaskList2                        0x20000924   Data          20  tasks.o(.bss)
    xPendingReadyList                        0x20000938   Data          20  tasks.o(.bss)
    xTasksWaitingTermination                 0x2000094c   Data          20  tasks.o(.bss)
    xSuspendedTaskList                       0x20000960   Data          20  tasks.o(.bss)
    .bss                                     0x20000974   Section    15360  heap_4.o(.bss)
    ucHeap                                   0x20000974   Data       15360  heap_4.o(.bss)
    .bss                                     0x20004574   Section       81  bsp_usart.o(.bss)
    .bss                                     0x200045c6   Section       20  bsp_usart.o(.bss)
    .bss                                     0x200045dc   Section       24  bsp_ops.o(.bss)
    .bss                                     0x200045f4   Section       32  bsp_gm65.o(.bss)
    .bss                                     0x20004614   Section     1540  dji_motor_ctrl.o(.bss)
    packet                                   0x20004614   Data          36  dji_motor_ctrl.o(.bss)
    .bss                                     0x20004c18   Section      104  chassis_task.o(.bss)
    .bss                                     0x20004c80   Section       36  rc_task.o(.bss)
    .bss                                     0x20004ca4   Section      500  navigation_task.o(.bss)
    STACK                                    0x20004e98   Section     1024  startup_stm32f427xx.o(STACK)

    Global Symbols

    Symbol Name                              Value     Ov Type        Size  Object(Section)

    BuildAttributes$$THM_ISAv4$E$P$D$K$B$S$7EM$VFPi3$EXTD16$VFPS$VFMA$PE$A:L22UL41UL21$X:L11$S22US41US21$IEEE1$IW$USESV6$~STKCKD$USESV7$~SHL$OTIME$ROPI$IEEEX$EBA8$MICROLIB$REQ8$PRES8$EABIv2 0x00000000   Number         0  anon$$obj.o ABSOLUTE
    __ARM_use_no_argv                        0x00000000   Number         0  main.o ABSOLUTE
    _printf_a                                0x00000000   Number         0  stubs.o ABSOLUTE
    _printf_c                                0x00000000   Number         0  stubs.o ABSOLUTE
    _printf_charcount                        0x00000000   Number         0  stubs.o ABSOLUTE
    _printf_d                                0x00000000   Number         0  stubs.o ABSOLUTE
    _printf_e                                0x00000000   Number         0  stubs.o ABSOLUTE
    _printf_f                                0x00000000   Number         0  stubs.o ABSOLUTE
    _printf_flags                            0x00000000   Number         0  stubs.o ABSOLUTE
    _printf_fp_dec                           0x00000000   Number         0  stubs.o ABSOLUTE
    _printf_fp_hex                           0x00000000   Number         0  stubs.o ABSOLUTE
    _printf_g                                0x00000000   Number         0  stubs.o ABSOLUTE
    _printf_i                                0x00000000   Number         0  stubs.o ABSOLUTE
    _printf_int_dec                          0x00000000   Number         0  stubs.o ABSOLUTE
    _printf_l                                0x00000000   Number         0  stubs.o ABSOLUTE
    _printf_lc                               0x00000000   Number         0  stubs.o ABSOLUTE
    _printf_ll                               0x00000000   Number         0  stubs.o ABSOLUTE
    _printf_lld                              0x00000000   Number         0  stubs.o ABSOLUTE
    _printf_lli                              0x00000000   Number         0  stubs.o ABSOLUTE
    _printf_llo                              0x00000000   Number         0  stubs.o ABSOLUTE
    _printf_llu                              0x00000000   Number         0  stubs.o ABSOLUTE
    _printf_llx                              0x00000000   Number         0  stubs.o ABSOLUTE
    _printf_longlong_dec                     0x00000000   Number         0  stubs.o ABSOLUTE
    _printf_longlong_hex                     0x00000000   Number         0  stubs.o ABSOLUTE
    _printf_longlong_oct                     0x00000000   Number         0  stubs.o ABSOLUTE
    _printf_ls                               0x00000000   Number         0  stubs.o ABSOLUTE
    _printf_mbtowc                           0x00000000   Number         0  stubs.o ABSOLUTE
    _printf_n                                0x00000000   Number         0  stubs.o ABSOLUTE
    _printf_o                                0x00000000   Number         0  stubs.o ABSOLUTE
    _printf_p                                0x00000000   Number         0  stubs.o ABSOLUTE
    _printf_percent                          0x00000000   Number         0  stubs.o ABSOLUTE
    _printf_pre_padding                      0x00000000   Number         0  stubs.o ABSOLUTE
    _printf_return_value                     0x00000000   Number         0  stubs.o ABSOLUTE
    _printf_s                                0x00000000   Number         0  stubs.o ABSOLUTE
    _printf_sizespec                         0x00000000   Number         0  stubs.o ABSOLUTE
    _printf_str                              0x00000000   Number         0  stubs.o ABSOLUTE
    _printf_truncate_signed                  0x00000000   Number         0  stubs.o ABSOLUTE
    _printf_truncate_unsigned                0x00000000   Number         0  stubs.o ABSOLUTE
    _printf_u                                0x00000000   Number         0  stubs.o ABSOLUTE
    _printf_wc                               0x00000000   Number         0  stubs.o ABSOLUTE
    _printf_wctomb                           0x00000000   Number         0  stubs.o ABSOLUTE
    _printf_widthprec                        0x00000000   Number         0  stubs.o ABSOLUTE
    _printf_x                                0x00000000   Number         0  stubs.o ABSOLUTE
    __cpp_initialize__aeabi_                  - Undefined Weak Reference
    __cxa_finalize                            - Undefined Weak Reference
    _clock_init                               - Undefined Weak Reference
    _microlib_exit                            - Undefined Weak Reference
    __Vectors_Size                           0x000001ac   Number         0  startup_stm32f427xx.o ABSOLUTE
    __Vectors                                0x08000000   Data           4  startup_stm32f427xx.o(RESET)
    __Vectors_End                            0x080001ac   Data           0  startup_stm32f427xx.o(RESET)
    __main                                   0x080001ad   Thumb Code     0  entry.o(.ARM.Collect$$$$00000000)
    _main_stk                                0x080001ad   Thumb Code     0  entry2.o(.ARM.Collect$$$$00000001)
    _main_scatterload                        0x080001b1   Thumb Code     0  entry5.o(.ARM.Collect$$$$00000004)
    __main_after_scatterload                 0x080001b5   Thumb Code     0  entry5.o(.ARM.Collect$$$$00000004)
    _main_clock                              0x080001b5   Thumb Code     0  entry7b.o(.ARM.Collect$$$$00000008)
    _main_cpp_init                           0x080001b5   Thumb Code     0  entry8b.o(.ARM.Collect$$$$0000000A)
    _main_init                               0x080001b5   Thumb Code     0  entry9a.o(.ARM.Collect$$$$0000000B)
    __rt_final_cpp                           0x080001bd   Thumb Code     0  entry10a.o(.ARM.Collect$$$$0000000D)
    __rt_final_exit                          0x080001bd   Thumb Code     0  entry11a.o(.ARM.Collect$$$$0000000F)
    SVC_Handler                              0x080001c1   Thumb Code    28  port.o(.emb_text)
    __asm___6_port_c_39a90d8d__prvStartFirstTask 0x080001e1   Thumb Code    36  port.o(.emb_text)
    __asm___6_port_c_39a90d8d__prvEnableVFP  0x08000209   Thumb Code    16  port.o(.emb_text)
    PendSV_Handler                           0x0800021d   Thumb Code    88  port.o(.emb_text)
    vPortGetIPSR                             0x08000279   Thumb Code     6  port.o(.emb_text)
    Reset_Handler                            0x08000281   Thumb Code     8  startup_stm32f427xx.o(.text)
    ADC_IRQHandler                           0x0800029b   Thumb Code     0  startup_stm32f427xx.o(.text)
    CAN1_RX1_IRQHandler                      0x0800029b   Thumb Code     0  startup_stm32f427xx.o(.text)
    CAN1_SCE_IRQHandler                      0x0800029b   Thumb Code     0  startup_stm32f427xx.o(.text)
    CAN2_RX0_IRQHandler                      0x0800029b   Thumb Code     0  startup_stm32f427xx.o(.text)
    CAN2_RX1_IRQHandler                      0x0800029b   Thumb Code     0  startup_stm32f427xx.o(.text)
    CAN2_SCE_IRQHandler                      0x0800029b   Thumb Code     0  startup_stm32f427xx.o(.text)
    CAN2_TX_IRQHandler                       0x0800029b   Thumb Code     0  startup_stm32f427xx.o(.text)
    DCMI_IRQHandler                          0x0800029b   Thumb Code     0  startup_stm32f427xx.o(.text)
    DMA1_Stream0_IRQHandler                  0x0800029b   Thumb Code     0  startup_stm32f427xx.o(.text)
    DMA1_Stream1_IRQHandler                  0x0800029b   Thumb Code     0  startup_stm32f427xx.o(.text)
    DMA1_Stream2_IRQHandler                  0x0800029b   Thumb Code     0  startup_stm32f427xx.o(.text)
    DMA1_Stream3_IRQHandler                  0x0800029b   Thumb Code     0  startup_stm32f427xx.o(.text)
    DMA1_Stream4_IRQHandler                  0x0800029b   Thumb Code     0  startup_stm32f427xx.o(.text)
    DMA1_Stream5_IRQHandler                  0x0800029b   Thumb Code     0  startup_stm32f427xx.o(.text)
    DMA1_Stream7_IRQHandler                  0x0800029b   Thumb Code     0  startup_stm32f427xx.o(.text)
    DMA2D_IRQHandler                         0x0800029b   Thumb Code     0  startup_stm32f427xx.o(.text)
    DMA2_Stream0_IRQHandler                  0x0800029b   Thumb Code     0  startup_stm32f427xx.o(.text)
    DMA2_Stream1_IRQHandler                  0x0800029b   Thumb Code     0  startup_stm32f427xx.o(.text)
    DMA2_Stream3_IRQHandler                  0x0800029b   Thumb Code     0  startup_stm32f427xx.o(.text)
    DMA2_Stream4_IRQHandler                  0x0800029b   Thumb Code     0  startup_stm32f427xx.o(.text)
    DMA2_Stream5_IRQHandler                  0x0800029b   Thumb Code     0  startup_stm32f427xx.o(.text)
    DMA2_Stream6_IRQHandler                  0x0800029b   Thumb Code     0  startup_stm32f427xx.o(.text)
    DMA2_Stream7_IRQHandler                  0x0800029b   Thumb Code     0  startup_stm32f427xx.o(.text)
    ETH_IRQHandler                           0x0800029b   Thumb Code     0  startup_stm32f427xx.o(.text)
    ETH_WKUP_IRQHandler                      0x0800029b   Thumb Code     0  startup_stm32f427xx.o(.text)
    EXTI0_IRQHandler                         0x0800029b   Thumb Code     0  startup_stm32f427xx.o(.text)
    EXTI15_10_IRQHandler                     0x0800029b   Thumb Code     0  startup_stm32f427xx.o(.text)
    EXTI1_IRQHandler                         0x0800029b   Thumb Code     0  startup_stm32f427xx.o(.text)
    EXTI2_IRQHandler                         0x0800029b   Thumb Code     0  startup_stm32f427xx.o(.text)
    EXTI3_IRQHandler                         0x0800029b   Thumb Code     0  startup_stm32f427xx.o(.text)
    EXTI4_IRQHandler                         0x0800029b   Thumb Code     0  startup_stm32f427xx.o(.text)
    EXTI9_5_IRQHandler                       0x0800029b   Thumb Code     0  startup_stm32f427xx.o(.text)
    FLASH_IRQHandler                         0x0800029b   Thumb Code     0  startup_stm32f427xx.o(.text)
    FMC_IRQHandler                           0x0800029b   Thumb Code     0  startup_stm32f427xx.o(.text)
    FPU_IRQHandler                           0x0800029b   Thumb Code     0  startup_stm32f427xx.o(.text)
    HASH_RNG_IRQHandler                      0x0800029b   Thumb Code     0  startup_stm32f427xx.o(.text)
    I2C1_ER_IRQHandler                       0x0800029b   Thumb Code     0  startup_stm32f427xx.o(.text)
    I2C1_EV_IRQHandler                       0x0800029b   Thumb Code     0  startup_stm32f427xx.o(.text)
    I2C2_ER_IRQHandler                       0x0800029b   Thumb Code     0  startup_stm32f427xx.o(.text)
    I2C2_EV_IRQHandler                       0x0800029b   Thumb Code     0  startup_stm32f427xx.o(.text)
    I2C3_ER_IRQHandler                       0x0800029b   Thumb Code     0  startup_stm32f427xx.o(.text)
    I2C3_EV_IRQHandler                       0x0800029b   Thumb Code     0  startup_stm32f427xx.o(.text)
    OTG_FS_IRQHandler                        0x0800029b   Thumb Code     0  startup_stm32f427xx.o(.text)
    OTG_FS_WKUP_IRQHandler                   0x0800029b   Thumb Code     0  startup_stm32f427xx.o(.text)
    OTG_HS_EP1_IN_IRQHandler                 0x0800029b   Thumb Code     0  startup_stm32f427xx.o(.text)
    OTG_HS_EP1_OUT_IRQHandler                0x0800029b   Thumb Code     0  startup_stm32f427xx.o(.text)
    OTG_HS_IRQHandler                        0x0800029b   Thumb Code     0  startup_stm32f427xx.o(.text)
    OTG_HS_WKUP_IRQHandler                   0x0800029b   Thumb Code     0  startup_stm32f427xx.o(.text)
    PVD_IRQHandler                           0x0800029b   Thumb Code     0  startup_stm32f427xx.o(.text)
    RCC_IRQHandler                           0x0800029b   Thumb Code     0  startup_stm32f427xx.o(.text)
    RTC_Alarm_IRQHandler                     0x0800029b   Thumb Code     0  startup_stm32f427xx.o(.text)
    RTC_WKUP_IRQHandler                      0x0800029b   Thumb Code     0  startup_stm32f427xx.o(.text)
    SAI1_IRQHandler                          0x0800029b   Thumb Code     0  startup_stm32f427xx.o(.text)
    SDIO_IRQHandler                          0x0800029b   Thumb Code     0  startup_stm32f427xx.o(.text)
    SPI1_IRQHandler                          0x0800029b   Thumb Code     0  startup_stm32f427xx.o(.text)
    SPI2_IRQHandler                          0x0800029b   Thumb Code     0  startup_stm32f427xx.o(.text)
    SPI3_IRQHandler                          0x0800029b   Thumb Code     0  startup_stm32f427xx.o(.text)
    SPI4_IRQHandler                          0x0800029b   Thumb Code     0  startup_stm32f427xx.o(.text)
    SPI5_IRQHandler                          0x0800029b   Thumb Code     0  startup_stm32f427xx.o(.text)
    SPI6_IRQHandler                          0x0800029b   Thumb Code     0  startup_stm32f427xx.o(.text)
    TAMP_STAMP_IRQHandler                    0x0800029b   Thumb Code     0  startup_stm32f427xx.o(.text)
    TIM1_BRK_TIM9_IRQHandler                 0x0800029b   Thumb Code     0  startup_stm32f427xx.o(.text)
    TIM1_CC_IRQHandler                       0x0800029b   Thumb Code     0  startup_stm32f427xx.o(.text)
    TIM1_TRG_COM_TIM11_IRQHandler            0x0800029b   Thumb Code     0  startup_stm32f427xx.o(.text)
    TIM2_IRQHandler                          0x0800029b   Thumb Code     0  startup_stm32f427xx.o(.text)
    TIM3_IRQHandler                          0x0800029b   Thumb Code     0  startup_stm32f427xx.o(.text)
    TIM4_IRQHandler                          0x0800029b   Thumb Code     0  startup_stm32f427xx.o(.text)
    TIM5_IRQHandler                          0x0800029b   Thumb Code     0  startup_stm32f427xx.o(.text)
    TIM6_DAC_IRQHandler                      0x0800029b   Thumb Code     0  startup_stm32f427xx.o(.text)
    TIM7_IRQHandler                          0x0800029b   Thumb Code     0  startup_stm32f427xx.o(.text)
    TIM8_BRK_TIM12_IRQHandler                0x0800029b   Thumb Code     0  startup_stm32f427xx.o(.text)
    TIM8_CC_IRQHandler                       0x0800029b   Thumb Code     0  startup_stm32f427xx.o(.text)
    TIM8_TRG_COM_TIM14_IRQHandler            0x0800029b   Thumb Code     0  startup_stm32f427xx.o(.text)
    TIM8_UP_TIM13_IRQHandler                 0x0800029b   Thumb Code     0  startup_stm32f427xx.o(.text)
    UART4_IRQHandler                         0x0800029b   Thumb Code     0  startup_stm32f427xx.o(.text)
    UART5_IRQHandler                         0x0800029b   Thumb Code     0  startup_stm32f427xx.o(.text)
    USART2_IRQHandler                        0x0800029b   Thumb Code     0  startup_stm32f427xx.o(.text)
    USART3_IRQHandler                        0x0800029b   Thumb Code     0  startup_stm32f427xx.o(.text)
    WWDG_IRQHandler                          0x0800029b   Thumb Code     0  startup_stm32f427xx.o(.text)
    __aeabi_uldivmod                         0x080002a5   Thumb Code    98  uldiv.o(.text)
    __aeabi_memcpy                           0x08000307   Thumb Code    36  memcpya.o(.text)
    __aeabi_memcpy4                          0x08000307   Thumb Code     0  memcpya.o(.text)
    __aeabi_memcpy8                          0x08000307   Thumb Code     0  memcpya.o(.text)
    __aeabi_memset                           0x0800032b   Thumb Code    14  memseta.o(.text)
    __aeabi_memset4                          0x0800032b   Thumb Code     0  memseta.o(.text)
    __aeabi_memset8                          0x0800032b   Thumb Code     0  memseta.o(.text)
    __aeabi_memclr                           0x08000339   Thumb Code     4  memseta.o(.text)
    __aeabi_memclr4                          0x08000339   Thumb Code     0  memseta.o(.text)
    __aeabi_memclr8                          0x08000339   Thumb Code     0  memseta.o(.text)
    memset                                   0x0800033d   Thumb Code    18  memseta.o(.text)
    atoi                                     0x0800034f   Thumb Code    26  atoi.o(.text)
    __aeabi_dadd                             0x08000369   Thumb Code   322  dadd.o(.text)
    __aeabi_dsub                             0x080004ab   Thumb Code     6  dadd.o(.text)
    __aeabi_drsub                            0x080004b1   Thumb Code     6  dadd.o(.text)
    __aeabi_dmul                             0x080004b7   Thumb Code   228  dmul.o(.text)
    __aeabi_ddiv                             0x0800059b   Thumb Code   222  ddiv.o(.text)
    __aeabi_f2d                              0x08000679   Thumb Code    38  f2d.o(.text)
    __aeabi_cdrcmple                         0x080006a1   Thumb Code    48  cdrcmple.o(.text)
    __aeabi_d2f                              0x080006d1   Thumb Code    56  d2f.o(.text)
    __aeabi_uidiv                            0x08000709   Thumb Code     0  uidiv.o(.text)
    __aeabi_uidivmod                         0x08000709   Thumb Code    44  uidiv.o(.text)
    __aeabi_llsl                             0x08000735   Thumb Code    30  llshl.o(.text)
    _ll_shift_l                              0x08000735   Thumb Code     0  llshl.o(.text)
    __aeabi_llsr                             0x08000753   Thumb Code    32  llushr.o(.text)
    _ll_ushift_r                             0x08000753   Thumb Code     0  llushr.o(.text)
    __aeabi_lasr                             0x08000773   Thumb Code    36  llsshr.o(.text)
    _ll_sshift_r                             0x08000773   Thumb Code     0  llsshr.o(.text)
    strtol                                   0x08000797   Thumb Code   112  strtol.o(.text)
    __I$use$fp                               0x08000807   Thumb Code     0  iusefp.o(.text)
    _float_round                             0x08000807   Thumb Code    18  fepilogue.o(.text)
    _float_epilogue                          0x08000819   Thumb Code    92  fepilogue.o(.text)
    _double_round                            0x08000875   Thumb Code    30  depilogue.o(.text)
    _double_epilogue                         0x08000893   Thumb Code   156  depilogue.o(.text)
    _dsqrt                                   0x0800092f   Thumb Code   162  dsqrt.o(.text)
    __aeabi_d2ulz                            0x080009d1   Thumb Code    48  dfixul.o(.text)
    __scatterload                            0x08000a01   Thumb Code    28  init.o(.text)
    __scatterload_rt2                        0x08000a01   Thumb Code     0  init.o(.text)
    __rt_ctype_table                         0x08000a25   Thumb Code     4  ctype_o.o(.text)
    _strtoul                                 0x08000a2d   Thumb Code   158  _strtoul.o(.text)
    _chval                                   0x08000acb   Thumb Code    28  _chval.o(.text)
    __decompress                             0x08000ae7   Thumb Code     0  __dczerorl2.o(.text)
    __decompress1                            0x08000ae7   Thumb Code    86  __dczerorl2.o(.text)
    BeginWarnBuzzer                          0x08000b3d   Thumb Code    70  bsp_buzzer.o(i.BeginWarnBuzzer)
    BusFault_Handler                         0x08000b8d   Thumb Code     2  stm32f4xx_it.o(i.BusFault_Handler)
    CAN1_RX0_IRQHandler                      0x08000b91   Thumb Code     6  stm32f4xx_it.o(i.CAN1_RX0_IRQHandler)
    CAN1_TX_IRQHandler                       0x08000b9d   Thumb Code     6  stm32f4xx_it.o(i.CAN1_TX_IRQHandler)
    CAN_Filter_Init                          0x08000ba9   Thumb Code    52  bsp_can.o(i.CAN_Filter_Init)
    CalculateSpeed_Pos                       0x08000be1   Thumb Code    78  dji_motor_ctrl.o(i.CalculateSpeed_Pos)
    CanId_Init                               0x08000c35   Thumb Code    52  dji_motor_ctrl.o(i.CanId_Init)
    Chassis_Task_Entry                       0x08000c6d   Thumb Code   332  chassis_task.o(i.Chassis_Task_Entry)
    DJI_Motor_Ctrl_Task_Entry                0x08000de5   Thumb Code    82  dji_motor_ctrl_task.o(i.DJI_Motor_Ctrl_Task_Entry)
    DMA1_Stream6_IRQHandler                  0x08000e3d   Thumb Code     6  stm32f4xx_it.o(i.DMA1_Stream6_IRQHandler)
    DMA2_Stream2_IRQHandler                  0x08000e49   Thumb Code     6  stm32f4xx_it.o(i.DMA2_Stream2_IRQHandler)
    DebugMon_Handler                         0x08000ef9   Thumb Code     2  stm32f4xx_it.o(i.DebugMon_Handler)
    DriverInit                               0x08000efd   Thumb Code   242  dji_motor_ctrl.o(i.DriverInit)
    Error_Handler                            0x0800102d   Thumb Code     4  main.o(i.Error_Handler)
    GM65_Scan                                0x08001031   Thumb Code    86  bsp_gm65.o(i.GM65_Scan)
    Get_Now_X_Speed                          0x08001095   Thumb Code     8  mcknum_wheel.o(i.Get_Now_X_Speed)
    Get_Now_Y_Speed                          0x080010a1   Thumb Code     8  mcknum_wheel.o(i.Get_Now_Y_Speed)
    Global_Cor_Trans                         0x080010ad   Thumb Code   118  chassis_task.o(i.Global_Cor_Trans)
    HAL_CAN_ActivateNotification             0x0800112d   Thumb Code    36  stm32f4xx_hal_can.o(i.HAL_CAN_ActivateNotification)
    HAL_CAN_AddTxMessage                     0x08001151   Thumb Code   200  stm32f4xx_hal_can.o(i.HAL_CAN_AddTxMessage)
    HAL_CAN_ConfigFilter                     0x08001219   Thumb Code   262  stm32f4xx_hal_can.o(i.HAL_CAN_ConfigFilter)
    HAL_CAN_ErrorCallback                    0x08001325   Thumb Code     2  stm32f4xx_hal_can.o(i.HAL_CAN_ErrorCallback)
    HAL_CAN_GetRxMessage                     0x08001327   Thumb Code   232  stm32f4xx_hal_can.o(i.HAL_CAN_GetRxMessage)
    HAL_CAN_IRQHandler                       0x0800140f   Thumb Code   508  stm32f4xx_hal_can.o(i.HAL_CAN_IRQHandler)
    HAL_CAN_Init                             0x0800160b   Thumb Code   282  stm32f4xx_hal_can.o(i.HAL_CAN_Init)
    HAL_CAN_MspInit                          0x08001725   Thumb Code   122  can.o(i.HAL_CAN_MspInit)
    HAL_CAN_RxFifo0FullCallback              0x080017ad   Thumb Code     2  stm32f4xx_hal_can.o(i.HAL_CAN_RxFifo0FullCallback)
    HAL_CAN_RxFifo0MsgPendingCallback        0x080017b1   Thumb Code   160  dji_motor_ctrl.o(i.HAL_CAN_RxFifo0MsgPendingCallback)
    HAL_CAN_RxFifo1FullCallback              0x0800185d   Thumb Code     2  stm32f4xx_hal_can.o(i.HAL_CAN_RxFifo1FullCallback)
    HAL_CAN_RxFifo1MsgPendingCallback        0x0800185f   Thumb Code     2  stm32f4xx_hal_can.o(i.HAL_CAN_RxFifo1MsgPendingCallback)
    HAL_CAN_SleepCallback                    0x08001861   Thumb Code     2  stm32f4xx_hal_can.o(i.HAL_CAN_SleepCallback)
    HAL_CAN_Start                            0x08001865   Thumb Code    88  stm32f4xx_hal_can.o(i.HAL_CAN_Start)
    HAL_CAN_TxMailbox0AbortCallback          0x080018bd   Thumb Code     2  stm32f4xx_hal_can.o(i.HAL_CAN_TxMailbox0AbortCallback)
    HAL_CAN_TxMailbox0CompleteCallback       0x080018bf   Thumb Code     2  stm32f4xx_hal_can.o(i.HAL_CAN_TxMailbox0CompleteCallback)
    HAL_CAN_TxMailbox1AbortCallback          0x080018c1   Thumb Code     2  stm32f4xx_hal_can.o(i.HAL_CAN_TxMailbox1AbortCallback)
    HAL_CAN_TxMailbox1CompleteCallback       0x080018c3   Thumb Code     2  stm32f4xx_hal_can.o(i.HAL_CAN_TxMailbox1CompleteCallback)
    HAL_CAN_TxMailbox2AbortCallback          0x080018c5   Thumb Code     2  stm32f4xx_hal_can.o(i.HAL_CAN_TxMailbox2AbortCallback)
    HAL_CAN_TxMailbox2CompleteCallback       0x080018c7   Thumb Code     2  stm32f4xx_hal_can.o(i.HAL_CAN_TxMailbox2CompleteCallback)
    HAL_CAN_WakeUpFromRxMsgCallback          0x080018c9   Thumb Code     2  stm32f4xx_hal_can.o(i.HAL_CAN_WakeUpFromRxMsgCallback)
    HAL_DMA_Abort                            0x080018cb   Thumb Code   146  stm32f4xx_hal_dma.o(i.HAL_DMA_Abort)
    HAL_DMA_Abort_IT                         0x0800195d   Thumb Code    36  stm32f4xx_hal_dma.o(i.HAL_DMA_Abort_IT)
    HAL_DMA_IRQHandler                       0x08001981   Thumb Code   412  stm32f4xx_hal_dma.o(i.HAL_DMA_IRQHandler)
    HAL_DMA_Init                             0x08001b21   Thumb Code   206  stm32f4xx_hal_dma.o(i.HAL_DMA_Init)
    HAL_DMA_Start                            0x08001bf5   Thumb Code    70  stm32f4xx_hal_dma.o(i.HAL_DMA_Start)
    HAL_GPIO_Init                            0x08001c3d   Thumb Code   510  stm32f4xx_hal_gpio.o(i.HAL_GPIO_Init)
    HAL_GPIO_TogglePin                       0x08001e71   Thumb Code    16  stm32f4xx_hal_gpio.o(i.HAL_GPIO_TogglePin)
    HAL_GPIO_WritePin                        0x08001e81   Thumb Code    10  stm32f4xx_hal_gpio.o(i.HAL_GPIO_WritePin)
    HAL_GetTick                              0x08001e8d   Thumb Code     6  stm32f4xx_hal.o(i.HAL_GetTick)
    HAL_IncTick                              0x08001e99   Thumb Code    12  stm32f4xx_hal.o(i.HAL_IncTick)
    HAL_Init                                 0x08001ea9   Thumb Code    48  stm32f4xx_hal.o(i.HAL_Init)
    HAL_InitTick                             0x08001edd   Thumb Code   100  stm32f4xx_hal_timebase_tim.o(i.HAL_InitTick)
    HAL_MspInit                              0x08001f51   Thumb Code    52  stm32f4xx_hal_msp.o(i.HAL_MspInit)
    HAL_NVIC_EnableIRQ                       0x08001f89   Thumb Code    26  stm32f4xx_hal_cortex.o(i.HAL_NVIC_EnableIRQ)
    HAL_NVIC_SetPriority                     0x08001fa5   Thumb Code    60  stm32f4xx_hal_cortex.o(i.HAL_NVIC_SetPriority)
    HAL_NVIC_SetPriorityGrouping             0x08001fe5   Thumb Code    26  stm32f4xx_hal_cortex.o(i.HAL_NVIC_SetPriorityGrouping)
    HAL_RCC_ClockConfig                      0x08002009   Thumb Code   288  stm32f4xx_hal_rcc.o(i.HAL_RCC_ClockConfig)
    HAL_RCC_GetClockConfig                   0x0800213d   Thumb Code    54  stm32f4xx_hal_rcc.o(i.HAL_RCC_GetClockConfig)
    HAL_RCC_GetPCLK1Freq                     0x0800217d   Thumb Code    20  stm32f4xx_hal_rcc.o(i.HAL_RCC_GetPCLK1Freq)
    HAL_RCC_GetPCLK2Freq                     0x0800219d   Thumb Code    20  stm32f4xx_hal_rcc.o(i.HAL_RCC_GetPCLK2Freq)
    HAL_RCC_GetSysClockFreq                  0x080021bd   Thumb Code    88  stm32f4xx_hal_rcc.o(i.HAL_RCC_GetSysClockFreq)
    HAL_RCC_OscConfig                        0x08002221   Thumb Code   856  stm32f4xx_hal_rcc.o(i.HAL_RCC_OscConfig)
    HAL_TIMEx_BreakCallback                  0x0800258d   Thumb Code     2  stm32f4xx_hal_tim_ex.o(i.HAL_TIMEx_BreakCallback)
    HAL_TIMEx_CommutCallback                 0x0800258f   Thumb Code     2  stm32f4xx_hal_tim_ex.o(i.HAL_TIMEx_CommutCallback)
    HAL_TIMEx_MasterConfigSynchronization    0x08002591   Thumb Code   116  stm32f4xx_hal_tim_ex.o(i.HAL_TIMEx_MasterConfigSynchronization)
    HAL_TIM_Base_Init                        0x08002621   Thumb Code    90  stm32f4xx_hal_tim.o(i.HAL_TIM_Base_Init)
    HAL_TIM_Base_MspInit                     0x0800267b   Thumb Code     2  stm32f4xx_hal_tim.o(i.HAL_TIM_Base_MspInit)
    HAL_TIM_Base_Start_IT                    0x0800267d   Thumb Code   100  stm32f4xx_hal_tim.o(i.HAL_TIM_Base_Start_IT)
    HAL_TIM_IC_CaptureCallback               0x080026fd   Thumb Code     2  stm32f4xx_hal_tim.o(i.HAL_TIM_IC_CaptureCallback)
    HAL_TIM_IRQHandler                       0x080026ff   Thumb Code   358  stm32f4xx_hal_tim.o(i.HAL_TIM_IRQHandler)
    HAL_TIM_MspPostInit                      0x08002865   Thumb Code   150  tim.o(i.HAL_TIM_MspPostInit)
    HAL_TIM_OC_DelayElapsedCallback          0x08002911   Thumb Code     2  stm32f4xx_hal_tim.o(i.HAL_TIM_OC_DelayElapsedCallback)
    HAL_TIM_PWM_ConfigChannel                0x08002913   Thumb Code   204  stm32f4xx_hal_tim.o(i.HAL_TIM_PWM_ConfigChannel)
    HAL_TIM_PWM_Init                         0x080029df   Thumb Code    90  stm32f4xx_hal_tim.o(i.HAL_TIM_PWM_Init)
    HAL_TIM_PWM_MspInit                      0x08002a39   Thumb Code    52  tim.o(i.HAL_TIM_PWM_MspInit)
    HAL_TIM_PWM_PulseFinishedCallback        0x08002a79   Thumb Code     2  stm32f4xx_hal_tim.o(i.HAL_TIM_PWM_PulseFinishedCallback)
    HAL_TIM_PWM_Start                        0x08002a7d   Thumb Code   172  stm32f4xx_hal_tim.o(i.HAL_TIM_PWM_Start)
    HAL_TIM_PeriodElapsedCallback            0x08002b45   Thumb Code    14  main.o(i.HAL_TIM_PeriodElapsedCallback)
    HAL_TIM_TriggerCallback                  0x08002b59   Thumb Code     2  stm32f4xx_hal_tim.o(i.HAL_TIM_TriggerCallback)
    HAL_UARTEx_RxEventCallback               0x08002b5b   Thumb Code     2  stm32f4xx_hal_uart.o(i.HAL_UARTEx_RxEventCallback)
    HAL_UART_ErrorCallback                   0x08002b5d   Thumb Code     2  stm32f4xx_hal_uart.o(i.HAL_UART_ErrorCallback)
    HAL_UART_IRQHandler                      0x08002b61   Thumb Code   610  stm32f4xx_hal_uart.o(i.HAL_UART_IRQHandler)
    HAL_UART_Init                            0x08002dc9   Thumb Code    98  stm32f4xx_hal_uart.o(i.HAL_UART_Init)
    HAL_UART_MspInit                         0x08002e2d   Thumb Code   436  usart.o(i.HAL_UART_MspInit)
    HAL_UART_Receive_IT                      0x0800300d   Thumb Code    42  stm32f4xx_hal_uart.o(i.HAL_UART_Receive_IT)
    HAL_UART_RxCpltCallback                  0x08003039   Thumb Code   102  bsp_gm65.o(i.HAL_UART_RxCpltCallback)
    HAL_UART_Transmit                        0x080030b1   Thumb Code   178  stm32f4xx_hal_uart.o(i.HAL_UART_Transmit)
    HAL_UART_TxCpltCallback                  0x08003163   Thumb Code     2  stm32f4xx_hal_uart.o(i.HAL_UART_TxCpltCallback)
    HMI_Update                               0x08003165   Thumb Code    84  task_flow.o(i.HMI_Update)
    HMI_Write_txt                            0x080031c1   Thumb Code   148  bsp_hmi.o(i.HMI_Write_txt)
    HardFault_Handler                        0x080032a9   Thumb Code     2  stm32f4xx_it.o(i.HardFault_Handler)
    HomingMode                               0x080032ad   Thumb Code   112  dji_motor_ctrl.o(i.HomingMode)
    Linear_Map                               0x08003325   Thumb Code    32  bsp_servo.o(i.Linear_Map)
    MX_CAN1_Init                             0x08003345   Thumb Code    60  can.o(i.MX_CAN1_Init)
    MX_DMA_Init                              0x08003389   Thumb Code    72  dma.o(i.MX_DMA_Init)
    MX_FREERTOS_Init                         0x080033d5   Thumb Code   140  freertos.o(i.MX_FREERTOS_Init)
    MX_GPIO_Init                             0x08003469   Thumb Code   194  gpio.o(i.MX_GPIO_Init)
    MX_TIM12_Init                            0x08003539   Thumb Code    90  tim.o(i.MX_TIM12_Init)
    MX_TIM5_Init                             0x0800359d   Thumb Code   154  tim.o(i.MX_TIM5_Init)
    MX_UART7_Init                            0x08003641   Thumb Code    54  usart.o(i.MX_UART7_Init)
    MX_UART8_Init                            0x08003681   Thumb Code    48  usart.o(i.MX_UART8_Init)
    MX_USART1_UART_Init                      0x080036b9   Thumb Code    54  usart.o(i.MX_USART1_UART_Init)
    MX_USART6_UART_Init                      0x080036fd   Thumb Code    48  usart.o(i.MX_USART6_UART_Init)
    MaxMinLimit                              0x08003735   Thumb Code    34  dji_motor_ctrl.o(i.MaxMinLimit)
    Mcknum_Kinematic_Inverse                 0x08003759   Thumb Code   234  mcknum_wheel.o(i.Mcknum_Kinematic_Inverse)
    Mcknum_Kinematic_Positive                0x08003855   Thumb Code   280  mcknum_wheel.o(i.Mcknum_Kinematic_Positive)
    MemManage_Handler                        0x08003989   Thumb Code     2  stm32f4xx_it.o(i.MemManage_Handler)
    MotorCtrl                                0x0800398d   Thumb Code   456  dji_motor_ctrl.o(i.MotorCtrl)
    MotorOn                                  0x08003b65   Thumb Code    92  dji_motor_ctrl.o(i.MotorOn)
    NMI_Handler                              0x08003bcd   Thumb Code     2  stm32f4xx_it.o(i.NMI_Handler)
    Navigation_Angle_Ctrl                    0x08003bd1   Thumb Code    96  navigation_task.o(i.Navigation_Angle_Ctrl)
    Navigation_Task_Entry                    0x08003c45   Thumb Code   154  navigation_task.o(i.Navigation_Task_Entry)
    OD_Axis_Set_CloseLoop                    0x08003cfd   Thumb Code    38  od_can_com.o(i.OD_Axis_Set_CloseLoop)
    OD_Clear_Errors                          0x08003d35   Thumb Code    34  od_can_com.o(i.OD_Clear_Errors)
    OD_Send_CAN                              0x08003d61   Thumb Code    80  od_can_com.o(i.OD_Send_CAN)
    OD_Set_Ctrl_Mode                         0x08003db1   Thumb Code    44  od_can_com.o(i.OD_Set_Ctrl_Mode)
    Ops_Coordinate_Trans                     0x08003de5   Thumb Code    34  navigation_task.o(i.Ops_Coordinate_Trans)
    Ops_Frame_Parse                          0x08003e07   Thumb Code    34  bsp_ops.o(i.Ops_Frame_Parse)
    Ops_Get_X                                0x08003e29   Thumb Code     8  bsp_ops.o(i.Ops_Get_X)
    Ops_Get_Y                                0x08003e35   Thumb Code     8  bsp_ops.o(i.Ops_Get_Y)
    Ops_Get_Yaw                              0x08003e41   Thumb Code     8  bsp_ops.o(i.Ops_Get_Yaw)
    PID_Nav_Init                             0x08003e4d   Thumb Code   318  navigation_task.o(i.PID_Nav_Init)
    PosCtrl                                  0x08003fb1   Thumb Code   182  dji_motor_ctrl.o(i.PosCtrl)
    RC_Task_Entry                            0x0800406d   Thumb Code    40  rc_task.o(i.RC_Task_Entry)
    Rc_Key_Callback_Handler                  0x0800409d   Thumb Code    56  rc_task.o(i.Rc_Key_Callback_Handler)
    Rc_Key_Handler                           0x080040d9   Thumb Code    98  rc_task.o(i.Rc_Key_Handler)
    Rc_Key_d_Callback                        0x0800413d   Thumb Code    10  rc_task.o(i.Rc_Key_d_Callback)
    Rc_Update                                0x0800414d   Thumb Code   400  rc_task.o(i.Rc_Update)
    Servo_Ctrl                               0x080042e5   Thumb Code    72  bsp_servo.o(i.Servo_Ctrl)
    Servo_Init                               0x08004341   Thumb Code    38  bsp_servo.o(i.Servo_Init)
    SetCur                                   0x0800436d   Thumb Code    96  dji_motor_ctrl.o(i.SetCur)
    SetCur1                                  0x080043d5   Thumb Code    86  dji_motor_ctrl.o(i.SetCur1)
    SetPos                                   0x08004435   Thumb Code    20  dji_motor_ctrl.o(i.SetPos)
    SetSpeed                                 0x0800444d   Thumb Code    56  dji_motor_ctrl.o(i.SetSpeed)
    StartDefaultTask                         0x08004495   Thumb Code    22  freertos.o(i.StartDefaultTask)
    SysTick_Handler                          0x080044b1   Thumb Code    38  port.o(i.SysTick_Handler)
    SystemClock_Config                       0x080044dd   Thumb Code   140  main.o(i.SystemClock_Config)
    SystemInit                               0x08004571   Thumb Code    12  system_stm32f4xx.o(i.SystemInit)
    TIM1_UP_TIM10_IRQHandler                 0x08004581   Thumb Code     6  stm32f4xx_it.o(i.TIM1_UP_TIM10_IRQHandler)
    TIM_Base_SetConfig                       0x0800458d   Thumb Code   156  stm32f4xx_hal_tim.o(i.TIM_Base_SetConfig)
    TIM_CCxChannelCmd                        0x08004655   Thumb Code    26  stm32f4xx_hal_tim.o(i.TIM_CCxChannelCmd)
    TIM_OC2_SetConfig                        0x080046d1   Thumb Code    98  stm32f4xx_hal_tim.o(i.TIM_OC2_SetConfig)
    Task_Flow_Entry                          0x080047f5   Thumb Code   172  task_flow.o(i.Task_Flow_Entry)
    UART7_IRQHandler                         0x080048b5   Thumb Code     6  stm32f4xx_it.o(i.UART7_IRQHandler)
    UART8_IRQHandler                         0x080048c1   Thumb Code    18  stm32f4xx_it.o(i.UART8_IRQHandler)
    UART_Start_Receive_IT                    0x08004b05   Thumb Code    58  stm32f4xx_hal_uart.o(i.UART_Start_Receive_IT)
    USART1_IRQHandler                        0x08004bb9   Thumb Code    18  stm32f4xx_it.o(i.USART1_IRQHandler)
    USART6_IRQHandler                        0x08004bd1   Thumb Code     6  stm32f4xx_it.o(i.USART6_IRQHandler)
    Uart8_Idle_Callback                      0x08004bdd   Thumb Code     8  bsp_usart.o(i.Uart8_Idle_Callback)
    UsageFault_Handler                       0x08004be9   Thumb Code     2  stm32f4xx_it.o(i.UsageFault_Handler)
    Usart_IdleIRQ_Callback                   0x08004bed   Thumb Code    78  bsp_usart.o(i.Usart_IdleIRQ_Callback)
    Usart_IdleIRQ_Handler                    0x08004c51   Thumb Code    56  bsp_usart.o(i.Usart_IdleIRQ_Handler)
    Usart_IdleIRQ_Init                       0x08004c89   Thumb Code   112  bsp_usart.o(i.Usart_IdleIRQ_Init)
    VelPidCtrl                               0x08004d15   Thumb Code    76  dji_motor_ctrl.o(i.VelPidCtrl)
    VelSlope                                 0x08004d61   Thumb Code    70  dji_motor_ctrl.o(i.VelSlope)
    __0printf                                0x08004da9   Thumb Code    22  printfa.o(i.__0printf)
    __1printf                                0x08004da9   Thumb Code     0  printfa.o(i.__0printf)
    __2printf                                0x08004da9   Thumb Code     0  printfa.o(i.__0printf)
    __c89printf                              0x08004da9   Thumb Code     0  printfa.o(i.__0printf)
    printf                                   0x08004da9   Thumb Code     0  printfa.o(i.__0printf)
    __ARM_fpclassifyf                        0x08004dc9   Thumb Code    38  fpclassifyf.o(i.__ARM_fpclassifyf)
    __aeabi_errno_addr                       0x08004e11   Thumb Code     4  errno.o(i.__aeabi_errno_addr)
    __rt_errno_addr                          0x08004e11   Thumb Code     0  errno.o(i.__aeabi_errno_addr)
    __hardfp_cosf                            0x08004e19   Thumb Code   280  cosf.o(i.__hardfp_cosf)
    __hardfp_sinf                            0x08004f69   Thumb Code   344  sinf.o(i.__hardfp_sinf)
    __hardfp_sqrt                            0x080050f9   Thumb Code   122  sqrt.o(i.__hardfp_sqrt)
    __mathlib_flt_infnan                     0x08005173   Thumb Code     6  funder.o(i.__mathlib_flt_infnan)
    __mathlib_flt_invalid                    0x08005179   Thumb Code    10  funder.o(i.__mathlib_flt_invalid)
    __mathlib_flt_underflow                  0x08005189   Thumb Code    10  funder.o(i.__mathlib_flt_underflow)
    __mathlib_rredf2                         0x08005199   Thumb Code   316  rredf.o(i.__mathlib_rredf2)
    __scatterload_copy                       0x080052ed   Thumb Code    14  handlers.o(i.__scatterload_copy)
    __scatterload_null                       0x080052fb   Thumb Code     2  handlers.o(i.__scatterload_null)
    __scatterload_zeroinit                   0x080052fd   Thumb Code    14  handlers.o(i.__scatterload_zeroinit)
    __set_errno                              0x0800530d   Thumb Code     6  errno.o(i.__set_errno)
    buzzer_on                                0x08005bcd   Thumb Code    12  bsp_buzzer.o(i.buzzer_on)
    exp_fuzzy                                0x08005bdd   Thumb Code    82  fuzzy_pid.o(i.exp_fuzzy)
    first_order_filter_cali                  0x08005c2f   Thumb Code    42  simple_filter.o(i.first_order_filter_cali)
    first_order_filter_init                  0x08005c59   Thumb Code    26  simple_filter.o(i.first_order_filter_init)
    fputc                                    0x08005c79   Thumb Code    20  bsp_hmi.o(i.fputc)
    fuzzification                            0x08005c91   Thumb Code   472  fuzzy_pid.o(i.fuzzification)
    fuzzy_init                               0x08005e79   Thumb Code   158  fuzzy_pid.o(i.fuzzy_init)
    fuzzypid_cal                             0x08005f21   Thumb Code   154  fuzzy_pid.o(i.fuzzypid_cal)
    main                                     0x08005fbd   Thumb Code    76  main.o(i.main)
    osDelay                                  0x08006021   Thumb Code    14  cmsis_os.o(i.osDelay)
    osKernelStart                            0x0800602f   Thumb Code    10  cmsis_os.o(i.osKernelStart)
    osThreadCreate                           0x08006039   Thumb Code    84  cmsis_os.o(i.osThreadCreate)
    pvPortMalloc                             0x080063d9   Thumb Code   216  heap_4.o(i.pvPortMalloc)
    pxPortInitialiseStack                    0x080064b5   Thumb Code    40  port.o(i.pxPortInitialiseStack)
    uxListRemove                             0x0800651f   Thumb Code    38  list.o(i.uxListRemove)
    vApplicationGetIdleTaskMemory            0x08006545   Thumb Code    16  freertos.o(i.vApplicationGetIdleTaskMemory)
    vListInitialise                          0x08006559   Thumb Code    22  list.o(i.vListInitialise)
    vListInitialiseItem                      0x0800656f   Thumb Code     6  list.o(i.vListInitialiseItem)
    vListInsert                              0x08006575   Thumb Code    48  list.o(i.vListInsert)
    vListInsertEnd                           0x080065a5   Thumb Code    24  list.o(i.vListInsertEnd)
    vPortEnterCritical                       0x080065bd   Thumb Code    54  port.o(i.vPortEnterCritical)
    vPortExitCritical                        0x080065fd   Thumb Code    34  port.o(i.vPortExitCritical)
    vPortFree                                0x08006625   Thumb Code    94  heap_4.o(i.vPortFree)
    vPortSetupTimerInterrupt                 0x08006689   Thumb Code    32  port.o(i.vPortSetupTimerInterrupt)
    vTaskDelay                               0x080066ad   Thumb Code    66  tasks.o(i.vTaskDelay)
    vTaskStartScheduler                      0x080066f9   Thumb Code    90  tasks.o(i.vTaskStartScheduler)
    vTaskSuspendAll                          0x08006765   Thumb Code    10  tasks.o(i.vTaskSuspendAll)
    vTaskSwitchContext                       0x08006775   Thumb Code    82  tasks.o(i.vTaskSwitchContext)
    xPortStartScheduler                      0x080067d1   Thumb Code   222  port.o(i.xPortStartScheduler)
    xTaskCreate                              0x080068c5   Thumb Code    90  tasks.o(i.xTaskCreate)
    xTaskCreateStatic                        0x0800691f   Thumb Code    86  tasks.o(i.xTaskCreateStatic)
    xTaskIncrementTick                       0x08006975   Thumb Code   194  tasks.o(i.xTaskIncrementTick)
    xTaskResumeAll                           0x08006a41   Thumb Code   182  tasks.o(i.xTaskResumeAll)
    AHBPrescTable                            0x08006bb4   Data          16  system_stm32f4xx.o(.constdata)
    APBPrescTable                            0x08006bc4   Data           8  system_stm32f4xx.o(.constdata)
    __ctype_table                            0x0800701c   Data         129  ctype_o.o(.constdata)
    Region$$Table$$Base                      0x080070f4   Number         0  anon$$obj.o(Region$$Table)
    Region$$Table$$Limit                     0x08007114   Number         0  anon$$obj.o(Region$$Table)
    defaultTaskHandle                        0x20000000   Data           4  freertos.o(.data)
    DJI_Motor_TaskHandle                     0x20000004   Data           4  freertos.o(.data)
    Chassis_TaskHandle                       0x20000008   Data           4  freertos.o(.data)
    RC_TaskHandle                            0x2000000c   Data           4  freertos.o(.data)
    Navigation_TaskHandle                    0x20000010   Data           4  freertos.o(.data)
    Task_FlowHandle                          0x20000014   Data           4  freertos.o(.data)
    uwTickFreq                               0x20000018   Data           1  stm32f4xx_hal.o(.data)
    uwTickPrio                               0x2000001c   Data           4  stm32f4xx_hal.o(.data)
    uwTick                                   0x20000020   Data           4  stm32f4xx_hal.o(.data)
    SystemCoreClock                          0x20000024   Data           4  system_stm32f4xx.o(.data)
    pxCurrentTCB                             0x20000028   Data           4  tasks.o(.data)
    zxy111                                   0x20000090   Data           4  bsp_usart.o(.data)
    GM65_UART_rx_cnt                         0x20000094   Data           1  bsp_gm65.o(.data)
    GM65_UART_rx_flag                        0x20000095   Data           1  bsp_gm65.o(.data)
    temp_buff                                0x20000096   Data           1  bsp_gm65.o(.data)
    GM_65_buff                               0x20000097   Data           3  bsp_gm65.o(.data)
    GM_65_num_1                              0x200000ac   Data           4  bsp_gm65.o(.data)
    GM_65_num_2                              0x200000b0   Data           4  bsp_gm65.o(.data)
    GM_65_On_Cmd                             0x200000b4   Data           9  bsp_gm65.o(.data)
    test1                                    0x200000c0   Data           4  dji_motor_ctrl.o(.data)
    test2                                    0x200000c4   Data           4  dji_motor_ctrl.o(.data)
    test_hal                                 0x200000c8   Data           4  dji_motor_ctrl.o(.data)
    od_trans_byte                            0x200000dc   Data           4  od_can_com.o(.data)
    zxy98                                    0x200000e0   Data           4  dji_motor_ctrl_task.o(.data)
    debug_vx                                 0x200000e4   Data           4  chassis_task.o(.data)
    debug_vy                                 0x200000e8   Data           4  chassis_task.o(.data)
    debug_w                                  0x200000ec   Data           4  chassis_task.o(.data)
    temp_buff_start                          0x200000f8   Data           1  task_flow.o(.data)
    g_zxy_servo_test1                        0x200000fc   Data           4  task_flow.o(.data)
    g_zxy_servo_test2                        0x20000100   Data           4  task_flow.o(.data)
    task_flow                                0x20000108   Data           4  task_flow.o(.data)
    pfuzzy_table                             0x2000010c   Data         196  fuzzy_pid.o(.data)
    ifuzzy_table                             0x200001d0   Data         196  fuzzy_pid.o(.data)
    dfuzzy_table                             0x20000294   Data         196  fuzzy_pid.o(.data)
    __stdout                                 0x20000358   Data           4  stdout.o(.data)
    hcan1                                    0x200005b4   Data          40  can.o(.bss)
    htim5                                    0x200005dc   Data          72  tim.o(.bss)
    htim12                                   0x20000624   Data          72  tim.o(.bss)
    huart7                                   0x2000066c   Data          68  usart.o(.bss)
    huart8                                   0x200006b0   Data          68  usart.o(.bss)
    huart1                                   0x200006f4   Data          68  usart.o(.bss)
    huart6                                   0x20000738   Data          68  usart.o(.bss)
    hdma_uart8_rx                            0x2000077c   Data          96  usart.o(.bss)
    hdma_usart1_rx                           0x200007dc   Data          96  usart.o(.bss)
    htim1                                    0x2000083c   Data          72  stm32f4xx_hal_timebase_tim.o(.bss)
    usart1_buff                              0x20004574   Data          25  bsp_usart.o(.bss)
    usart6_buff                              0x2000458d   Data          28  bsp_usart.o(.bss)
    uart8_buff                               0x200045a9   Data          28  bsp_usart.o(.bss)
    rc_rx                                    0x200045c6   Data          20  bsp_usart.o(.bss)
    ops_data                                 0x200045dc   Data          24  bsp_ops.o(.bss)
    GM65_UART_rx_buff                        0x200045f4   Data          32  bsp_gm65.o(.bss)
    Driver                                   0x20004638   Data        1344  dji_motor_ctrl.o(.bss)
    Motor                                    0x20004b78   Data         160  dji_motor_ctrl.o(.bss)
    chassis                                  0x20004c18   Data          72  chassis_task.o(.bss)
    rc_vx_slow_fliter                        0x20004c60   Data          16  chassis_task.o(.bss)
    rc_vy_slow_fliter                        0x20004c70   Data          16  chassis_task.o(.bss)
    rc                                       0x20004c80   Data          36  rc_task.o(.bss)
    PID_nav                                  0x20004ca4   Data          56  navigation_task.o(.bss)
    nav_vel                                  0x20004cdc   Data          12  navigation_task.o(.bss)
    fzy_pid_x                                0x20004ce8   Data         108  navigation_task.o(.bss)
    fzy_pid_y                                0x20004d54   Data         108  navigation_task.o(.bss)
    fzy_pid_v                                0x20004dc0   Data         108  navigation_task.o(.bss)
    fzy_pid_w                                0x20004e2c   Data         108  navigation_task.o(.bss)
    __initial_sp                             0x20005298   Data           0  startup_stm32f427xx.o(STACK)



==============================================================================

Memory Map of the image

  Image Entry point : 0x080001ad

  Load Region LR_IROM1 (Base: 0x08000000, Size: 0x00007474, Max: 0x00200000, ABSOLUTE, COMPRESSED[0x000071b8])

    Execution Region ER_IROM1 (Exec base: 0x08000000, Load base: 0x08000000, Size: 0x00007114, Max: 0x00200000, ABSOLUTE)

    Exec Addr    Load Addr    Size         Type   Attr      Idx    E Section Name        Object

    0x08000000   0x08000000   0x000001ac   Data   RO            3    RESET               startup_stm32f427xx.o
    0x080001ac   0x080001ac   0x00000000   Code   RO         6236  * .ARM.Collect$$$$00000000  mc_w.l(entry.o)
    0x080001ac   0x080001ac   0x00000004   Code   RO         6576    .ARM.Collect$$$$00000001  mc_w.l(entry2.o)
    0x080001b0   0x080001b0   0x00000004   Code   RO         6579    .ARM.Collect$$$$00000004  mc_w.l(entry5.o)
    0x080001b4   0x080001b4   0x00000000   Code   RO         6581    .ARM.Collect$$$$00000008  mc_w.l(entry7b.o)
    0x080001b4   0x080001b4   0x00000000   Code   RO         6583    .ARM.Collect$$$$0000000A  mc_w.l(entry8b.o)
    0x080001b4   0x080001b4   0x00000008   Code   RO         6584    .ARM.Collect$$$$0000000B  mc_w.l(entry9a.o)
    0x080001bc   0x080001bc   0x00000000   Code   RO         6586    .ARM.Collect$$$$0000000D  mc_w.l(entry10a.o)
    0x080001bc   0x080001bc   0x00000000   Code   RO         6588    .ARM.Collect$$$$0000000F  mc_w.l(entry11a.o)
    0x080001bc   0x080001bc   0x00000004   Code   RO         6577    .ARM.Collect$$$$00002712  mc_w.l(entry2.o)
    0x080001c0   0x080001c0   0x000000be   Code   RO         4726    .emb_text           port.o
    0x0800027e   0x0800027e   0x00000002   PAD
    0x08000280   0x08000280   0x00000024   Code   RO            4    .text               startup_stm32f427xx.o
    0x080002a4   0x080002a4   0x00000062   Code   RO         6239    .text               mc_w.l(uldiv.o)
    0x08000306   0x08000306   0x00000024   Code   RO         6241    .text               mc_w.l(memcpya.o)
    0x0800032a   0x0800032a   0x00000024   Code   RO         6245    .text               mc_w.l(memseta.o)
    0x0800034e   0x0800034e   0x0000001a   Code   RO         6510    .text               mc_w.l(atoi.o)
    0x08000368   0x08000368   0x0000014e   Code   RO         6512    .text               mf_w.l(dadd.o)
    0x080004b6   0x080004b6   0x000000e4   Code   RO         6514    .text               mf_w.l(dmul.o)
    0x0800059a   0x0800059a   0x000000de   Code   RO         6516    .text               mf_w.l(ddiv.o)
    0x08000678   0x08000678   0x00000026   Code   RO         6524    .text               mf_w.l(f2d.o)
    0x0800069e   0x0800069e   0x00000002   PAD
    0x080006a0   0x080006a0   0x00000030   Code   RO         6528    .text               mf_w.l(cdrcmple.o)
    0x080006d0   0x080006d0   0x00000038   Code   RO         6530    .text               mf_w.l(d2f.o)
    0x08000708   0x08000708   0x0000002c   Code   RO         6591    .text               mc_w.l(uidiv.o)
    0x08000734   0x08000734   0x0000001e   Code   RO         6593    .text               mc_w.l(llshl.o)
    0x08000752   0x08000752   0x00000020   Code   RO         6595    .text               mc_w.l(llushr.o)
    0x08000772   0x08000772   0x00000024   Code   RO         6597    .text               mc_w.l(llsshr.o)
    0x08000796   0x08000796   0x00000070   Code   RO         6606    .text               mc_w.l(strtol.o)
    0x08000806   0x08000806   0x00000000   Code   RO         6608    .text               mc_w.l(iusefp.o)
    0x08000806   0x08000806   0x0000006e   Code   RO         6609    .text               mf_w.l(fepilogue.o)
    0x08000874   0x08000874   0x000000ba   Code   RO         6611    .text               mf_w.l(depilogue.o)
    0x0800092e   0x0800092e   0x000000a2   Code   RO         6617    .text               mf_w.l(dsqrt.o)
    0x080009d0   0x080009d0   0x00000030   Code   RO         6621    .text               mf_w.l(dfixul.o)
    0x08000a00   0x08000a00   0x00000024   Code   RO         6623    .text               mc_w.l(init.o)
    0x08000a24   0x08000a24   0x00000008   Code   RO         6625    .text               mc_w.l(ctype_o.o)
    0x08000a2c   0x08000a2c   0x0000009e   Code   RO         6653    .text               mc_w.l(_strtoul.o)
    0x08000aca   0x08000aca   0x0000001c   Code   RO         6655    .text               mc_w.l(_chval.o)
    0x08000ae6   0x08000ae6   0x00000056   Code   RO         6665    .text               mc_w.l(__dczerorl2.o)
    0x08000b3c   0x08000b3c   0x00000050   Code   RO         5040    i.BeginWarnBuzzer   bsp_buzzer.o
    0x08000b8c   0x08000b8c   0x00000002   Code   RO          518    i.BusFault_Handler  stm32f4xx_it.o
    0x08000b8e   0x08000b8e   0x00000002   PAD
    0x08000b90   0x08000b90   0x0000000c   Code   RO          519    i.CAN1_RX0_IRQHandler  stm32f4xx_it.o
    0x08000b9c   0x08000b9c   0x0000000c   Code   RO          520    i.CAN1_TX_IRQHandler  stm32f4xx_it.o
    0x08000ba8   0x08000ba8   0x00000038   Code   RO         4806    i.CAN_Filter_Init   bsp_can.o
    0x08000be0   0x08000be0   0x00000054   Code   RO         5260    i.CalculateSpeed_Pos  dji_motor_ctrl.o
    0x08000c34   0x08000c34   0x00000038   Code   RO         5261    i.CanId_Init        dji_motor_ctrl.o
    0x08000c6c   0x08000c6c   0x00000178   Code   RO         5539    i.Chassis_Task_Entry  chassis_task.o
    0x08000de4   0x08000de4   0x00000058   Code   RO         5501    i.DJI_Motor_Ctrl_Task_Entry  dji_motor_ctrl_task.o
    0x08000e3c   0x08000e3c   0x0000000c   Code   RO          521    i.DMA1_Stream6_IRQHandler  stm32f4xx_it.o
    0x08000e48   0x08000e48   0x0000000c   Code   RO          522    i.DMA2_Stream2_IRQHandler  stm32f4xx_it.o
    0x08000e54   0x08000e54   0x00000028   Code   RO         1438    i.DMA_CalcBaseAndBitshift  stm32f4xx_hal_dma.o
    0x08000e7c   0x08000e7c   0x00000054   Code   RO         1439    i.DMA_CheckFifoParam  stm32f4xx_hal_dma.o
    0x08000ed0   0x08000ed0   0x00000028   Code   RO         1440    i.DMA_SetConfig     stm32f4xx_hal_dma.o
    0x08000ef8   0x08000ef8   0x00000002   Code   RO          523    i.DebugMon_Handler  stm32f4xx_it.o
    0x08000efa   0x08000efa   0x00000002   PAD
    0x08000efc   0x08000efc   0x00000130   Code   RO         5262    i.DriverInit        dji_motor_ctrl.o
    0x0800102c   0x0800102c   0x00000004   Code   RO           13    i.Error_Handler     main.o
    0x08001030   0x08001030   0x00000064   Code   RO         5194    i.GM65_Scan         bsp_gm65.o
    0x08001094   0x08001094   0x0000000c   Code   RO         6008    i.Get_Now_X_Speed   mcknum_wheel.o
    0x080010a0   0x080010a0   0x0000000c   Code   RO         6009    i.Get_Now_Y_Speed   mcknum_wheel.o
    0x080010ac   0x080010ac   0x00000080   Code   RO         5540    i.Global_Cor_Trans  chassis_task.o
    0x0800112c   0x0800112c   0x00000024   Code   RO          694    i.HAL_CAN_ActivateNotification  stm32f4xx_hal_can.o
    0x08001150   0x08001150   0x000000c8   Code   RO          695    i.HAL_CAN_AddTxMessage  stm32f4xx_hal_can.o
    0x08001218   0x08001218   0x0000010c   Code   RO          696    i.HAL_CAN_ConfigFilter  stm32f4xx_hal_can.o
    0x08001324   0x08001324   0x00000002   Code   RO          699    i.HAL_CAN_ErrorCallback  stm32f4xx_hal_can.o
    0x08001326   0x08001326   0x000000e8   Code   RO          702    i.HAL_CAN_GetRxMessage  stm32f4xx_hal_can.o
    0x0800140e   0x0800140e   0x000001fc   Code   RO          706    i.HAL_CAN_IRQHandler  stm32f4xx_hal_can.o
    0x0800160a   0x0800160a   0x0000011a   Code   RO          707    i.HAL_CAN_Init      stm32f4xx_hal_can.o
    0x08001724   0x08001724   0x00000088   Code   RO          339    i.HAL_CAN_MspInit   can.o
    0x080017ac   0x080017ac   0x00000002   Code   RO          714    i.HAL_CAN_RxFifo0FullCallback  stm32f4xx_hal_can.o
    0x080017ae   0x080017ae   0x00000002   PAD
    0x080017b0   0x080017b0   0x000000ac   Code   RO         5266    i.HAL_CAN_RxFifo0MsgPendingCallback  dji_motor_ctrl.o
    0x0800185c   0x0800185c   0x00000002   Code   RO          716    i.HAL_CAN_RxFifo1FullCallback  stm32f4xx_hal_can.o
    0x0800185e   0x0800185e   0x00000002   Code   RO          717    i.HAL_CAN_RxFifo1MsgPendingCallback  stm32f4xx_hal_can.o
    0x08001860   0x08001860   0x00000002   Code   RO          718    i.HAL_CAN_SleepCallback  stm32f4xx_hal_can.o
    0x08001862   0x08001862   0x00000002   PAD
    0x08001864   0x08001864   0x00000058   Code   RO          719    i.HAL_CAN_Start     stm32f4xx_hal_can.o
    0x080018bc   0x080018bc   0x00000002   Code   RO          721    i.HAL_CAN_TxMailbox0AbortCallback  stm32f4xx_hal_can.o
    0x080018be   0x080018be   0x00000002   Code   RO          722    i.HAL_CAN_TxMailbox0CompleteCallback  stm32f4xx_hal_can.o
    0x080018c0   0x080018c0   0x00000002   Code   RO          723    i.HAL_CAN_TxMailbox1AbortCallback  stm32f4xx_hal_can.o
    0x080018c2   0x080018c2   0x00000002   Code   RO          724    i.HAL_CAN_TxMailbox1CompleteCallback  stm32f4xx_hal_can.o
    0x080018c4   0x080018c4   0x00000002   Code   RO          725    i.HAL_CAN_TxMailbox2AbortCallback  stm32f4xx_hal_can.o
    0x080018c6   0x080018c6   0x00000002   Code   RO          726    i.HAL_CAN_TxMailbox2CompleteCallback  stm32f4xx_hal_can.o
    0x080018c8   0x080018c8   0x00000002   Code   RO          728    i.HAL_CAN_WakeUpFromRxMsgCallback  stm32f4xx_hal_can.o
    0x080018ca   0x080018ca   0x00000092   Code   RO         1441    i.HAL_DMA_Abort     stm32f4xx_hal_dma.o
    0x0800195c   0x0800195c   0x00000024   Code   RO         1442    i.HAL_DMA_Abort_IT  stm32f4xx_hal_dma.o
    0x08001980   0x08001980   0x000001a0   Code   RO         1446    i.HAL_DMA_IRQHandler  stm32f4xx_hal_dma.o
    0x08001b20   0x08001b20   0x000000d4   Code   RO         1447    i.HAL_DMA_Init      stm32f4xx_hal_dma.o
    0x08001bf4   0x08001bf4   0x00000046   Code   RO         1450    i.HAL_DMA_Start     stm32f4xx_hal_dma.o
    0x08001c3a   0x08001c3a   0x00000002   PAD
    0x08001c3c   0x08001c3c   0x00000234   Code   RO         1334    i.HAL_GPIO_Init     stm32f4xx_hal_gpio.o
    0x08001e70   0x08001e70   0x00000010   Code   RO         1337    i.HAL_GPIO_TogglePin  stm32f4xx_hal_gpio.o
    0x08001e80   0x08001e80   0x0000000a   Code   RO         1338    i.HAL_GPIO_WritePin  stm32f4xx_hal_gpio.o
    0x08001e8a   0x08001e8a   0x00000002   PAD
    0x08001e8c   0x08001e8c   0x0000000c   Code   RO         1886    i.HAL_GetTick       stm32f4xx_hal.o
    0x08001e98   0x08001e98   0x00000010   Code   RO         1892    i.HAL_IncTick       stm32f4xx_hal.o
    0x08001ea8   0x08001ea8   0x00000034   Code   RO         1893    i.HAL_Init          stm32f4xx_hal.o
    0x08001edc   0x08001edc   0x00000074   Code   RO          654    i.HAL_InitTick      stm32f4xx_hal_timebase_tim.o
    0x08001f50   0x08001f50   0x00000038   Code   RO          630    i.HAL_MspInit       stm32f4xx_hal_msp.o
    0x08001f88   0x08001f88   0x0000001a   Code   RO         1741    i.HAL_NVIC_EnableIRQ  stm32f4xx_hal_cortex.o
    0x08001fa2   0x08001fa2   0x00000002   PAD
    0x08001fa4   0x08001fa4   0x00000040   Code   RO         1747    i.HAL_NVIC_SetPriority  stm32f4xx_hal_cortex.o
    0x08001fe4   0x08001fe4   0x00000024   Code   RO         1748    i.HAL_NVIC_SetPriorityGrouping  stm32f4xx_hal_cortex.o
    0x08002008   0x08002008   0x00000134   Code   RO          928    i.HAL_RCC_ClockConfig  stm32f4xx_hal_rcc.o
    0x0800213c   0x0800213c   0x00000040   Code   RO          932    i.HAL_RCC_GetClockConfig  stm32f4xx_hal_rcc.o
    0x0800217c   0x0800217c   0x00000020   Code   RO          935    i.HAL_RCC_GetPCLK1Freq  stm32f4xx_hal_rcc.o
    0x0800219c   0x0800219c   0x00000020   Code   RO          936    i.HAL_RCC_GetPCLK2Freq  stm32f4xx_hal_rcc.o
    0x080021bc   0x080021bc   0x00000064   Code   RO          937    i.HAL_RCC_GetSysClockFreq  stm32f4xx_hal_rcc.o
    0x08002220   0x08002220   0x0000036c   Code   RO          940    i.HAL_RCC_OscConfig  stm32f4xx_hal_rcc.o
    0x0800258c   0x0800258c   0x00000002   Code   RO         2847    i.HAL_TIMEx_BreakCallback  stm32f4xx_hal_tim_ex.o
    0x0800258e   0x0800258e   0x00000002   Code   RO         2848    i.HAL_TIMEx_CommutCallback  stm32f4xx_hal_tim_ex.o
    0x08002590   0x08002590   0x00000090   Code   RO         2866    i.HAL_TIMEx_MasterConfigSynchronization  stm32f4xx_hal_tim_ex.o
    0x08002620   0x08002620   0x0000005a   Code   RO         2143    i.HAL_TIM_Base_Init  stm32f4xx_hal_tim.o
    0x0800267a   0x0800267a   0x00000002   Code   RO         2145    i.HAL_TIM_Base_MspInit  stm32f4xx_hal_tim.o
    0x0800267c   0x0800267c   0x00000080   Code   RO         2148    i.HAL_TIM_Base_Start_IT  stm32f4xx_hal_tim.o
    0x080026fc   0x080026fc   0x00000002   Code   RO         2177    i.HAL_TIM_IC_CaptureCallback  stm32f4xx_hal_tim.o
    0x080026fe   0x080026fe   0x00000166   Code   RO         2191    i.HAL_TIM_IRQHandler  stm32f4xx_hal_tim.o
    0x08002864   0x08002864   0x000000ac   Code   RO          404    i.HAL_TIM_MspPostInit  tim.o
    0x08002910   0x08002910   0x00000002   Code   RO         2194    i.HAL_TIM_OC_DelayElapsedCallback  stm32f4xx_hal_tim.o
    0x08002912   0x08002912   0x000000cc   Code   RO         2215    i.HAL_TIM_PWM_ConfigChannel  stm32f4xx_hal_tim.o
    0x080029de   0x080029de   0x0000005a   Code   RO         2218    i.HAL_TIM_PWM_Init  stm32f4xx_hal_tim.o
    0x08002a38   0x08002a38   0x00000040   Code   RO          406    i.HAL_TIM_PWM_MspInit  tim.o
    0x08002a78   0x08002a78   0x00000002   Code   RO         2221    i.HAL_TIM_PWM_PulseFinishedCallback  stm32f4xx_hal_tim.o
    0x08002a7a   0x08002a7a   0x00000002   PAD
    0x08002a7c   0x08002a7c   0x000000c8   Code   RO         2223    i.HAL_TIM_PWM_Start  stm32f4xx_hal_tim.o
    0x08002b44   0x08002b44   0x00000014   Code   RO           14    i.HAL_TIM_PeriodElapsedCallback  main.o
    0x08002b58   0x08002b58   0x00000002   Code   RO         2234    i.HAL_TIM_TriggerCallback  stm32f4xx_hal_tim.o
    0x08002b5a   0x08002b5a   0x00000002   Code   RO         3125    i.HAL_UARTEx_RxEventCallback  stm32f4xx_hal_uart.o
    0x08002b5c   0x08002b5c   0x00000002   Code   RO         3139    i.HAL_UART_ErrorCallback  stm32f4xx_hal_uart.o
    0x08002b5e   0x08002b5e   0x00000002   PAD
    0x08002b60   0x08002b60   0x00000268   Code   RO         3142    i.HAL_UART_IRQHandler  stm32f4xx_hal_uart.o
    0x08002dc8   0x08002dc8   0x00000062   Code   RO         3143    i.HAL_UART_Init     stm32f4xx_hal_uart.o
    0x08002e2a   0x08002e2a   0x00000002   PAD
    0x08002e2c   0x08002e2c   0x000001e0   Code   RO          459    i.HAL_UART_MspInit  usart.o
    0x0800300c   0x0800300c   0x0000002a   Code   RO         3148    i.HAL_UART_Receive_IT  stm32f4xx_hal_uart.o
    0x08003036   0x08003036   0x00000002   PAD
    0x08003038   0x08003038   0x00000078   Code   RO         5195    i.HAL_UART_RxCpltCallback  bsp_gm65.o
    0x080030b0   0x080030b0   0x000000b2   Code   RO         3151    i.HAL_UART_Transmit  stm32f4xx_hal_uart.o
    0x08003162   0x08003162   0x00000002   Code   RO         3154    i.HAL_UART_TxCpltCallback  stm32f4xx_hal_uart.o
    0x08003164   0x08003164   0x0000005c   Code   RO         5774    i.HMI_Update        task_flow.o
    0x080031c0   0x080031c0   0x000000e8   Code   RO         6094    i.HMI_Write_txt     bsp_hmi.o
    0x080032a8   0x080032a8   0x00000002   Code   RO          524    i.HardFault_Handler  stm32f4xx_it.o
    0x080032aa   0x080032aa   0x00000002   PAD
    0x080032ac   0x080032ac   0x00000078   Code   RO         5267    i.HomingMode        dji_motor_ctrl.o
    0x08003324   0x08003324   0x00000020   Code   RO         5824    i.Linear_Map        bsp_servo.o
    0x08003344   0x08003344   0x00000044   Code   RO          340    i.MX_CAN1_Init      can.o
    0x08003388   0x08003388   0x0000004c   Code   RO          380    i.MX_DMA_Init       dma.o
    0x080033d4   0x080033d4   0x00000094   Code   RO          253    i.MX_FREERTOS_Init  freertos.o
    0x08003468   0x08003468   0x000000d0   Code   RO          227    i.MX_GPIO_Init      gpio.o
    0x08003538   0x08003538   0x00000064   Code   RO          407    i.MX_TIM12_Init     tim.o
    0x0800359c   0x0800359c   0x000000a4   Code   RO          408    i.MX_TIM5_Init      tim.o
    0x08003640   0x08003640   0x00000040   Code   RO          460    i.MX_UART7_Init     usart.o
    0x08003680   0x08003680   0x00000038   Code   RO          461    i.MX_UART8_Init     usart.o
    0x080036b8   0x080036b8   0x00000044   Code   RO          462    i.MX_USART1_UART_Init  usart.o
    0x080036fc   0x080036fc   0x00000038   Code   RO          463    i.MX_USART6_UART_Init  usart.o
    0x08003734   0x08003734   0x00000022   Code   RO         5268    i.MaxMinLimit       dji_motor_ctrl.o
    0x08003756   0x08003756   0x00000002   PAD
    0x08003758   0x08003758   0x000000fc   Code   RO         6010    i.Mcknum_Kinematic_Inverse  mcknum_wheel.o
    0x08003854   0x08003854   0x00000134   Code   RO         6011    i.Mcknum_Kinematic_Positive  mcknum_wheel.o
    0x08003988   0x08003988   0x00000002   Code   RO          525    i.MemManage_Handler  stm32f4xx_it.o
    0x0800398a   0x0800398a   0x00000002   PAD
    0x0800398c   0x0800398c   0x000001d8   Code   RO         5269    i.MotorCtrl         dji_motor_ctrl.o
    0x08003b64   0x08003b64   0x00000068   Code   RO         5272    i.MotorOn           dji_motor_ctrl.o
    0x08003bcc   0x08003bcc   0x00000002   Code   RO          526    i.NMI_Handler       stm32f4xx_it.o
    0x08003bce   0x08003bce   0x00000002   PAD
    0x08003bd0   0x08003bd0   0x00000074   Code   RO         5725    i.Navigation_Angle_Ctrl  navigation_task.o
    0x08003c44   0x08003c44   0x000000b8   Code   RO         5726    i.Navigation_Task_Entry  navigation_task.o
    0x08003cfc   0x08003cfc   0x00000038   Code   RO         5424    i.OD_Axis_Set_CloseLoop  od_can_com.o
    0x08003d34   0x08003d34   0x0000002c   Code   RO         5426    i.OD_Clear_Errors   od_can_com.o
    0x08003d60   0x08003d60   0x00000050   Code   RO         5428    i.OD_Send_CAN       od_can_com.o
    0x08003db0   0x08003db0   0x00000034   Code   RO         5429    i.OD_Set_Ctrl_Mode  od_can_com.o
    0x08003de4   0x08003de4   0x00000022   Code   RO         5727    i.Ops_Coordinate_Trans  navigation_task.o
    0x08003e06   0x08003e06   0x00000022   Code   RO         4926    i.Ops_Frame_Parse   bsp_ops.o
    0x08003e28   0x08003e28   0x0000000c   Code   RO         4927    i.Ops_Get_X         bsp_ops.o
    0x08003e34   0x08003e34   0x0000000c   Code   RO         4928    i.Ops_Get_Y         bsp_ops.o
    0x08003e40   0x08003e40   0x0000000c   Code   RO         4929    i.Ops_Get_Yaw       bsp_ops.o
    0x08003e4c   0x08003e4c   0x00000164   Code   RO         5728    i.PID_Nav_Init      navigation_task.o
    0x08003fb0   0x08003fb0   0x000000bc   Code   RO         5275    i.PosCtrl           dji_motor_ctrl.o
    0x0800406c   0x0800406c   0x00000030   Code   RO         5643    i.RC_Task_Entry     rc_task.o
    0x0800409c   0x0800409c   0x0000003c   Code   RO         5644    i.Rc_Key_Callback_Handler  rc_task.o
    0x080040d8   0x080040d8   0x00000062   Code   RO         5645    i.Rc_Key_Handler    rc_task.o
    0x0800413a   0x0800413a   0x00000002   PAD
    0x0800413c   0x0800413c   0x00000010   Code   RO         5650    i.Rc_Key_d_Callback  rc_task.o
    0x0800414c   0x0800414c   0x00000198   Code   RO         5651    i.Rc_Update         rc_task.o
    0x080042e4   0x080042e4   0x0000005c   Code   RO         5825    i.Servo_Ctrl        bsp_servo.o
    0x08004340   0x08004340   0x0000002c   Code   RO         5826    i.Servo_Init        bsp_servo.o
    0x0800436c   0x0800436c   0x00000068   Code   RO         5276    i.SetCur            dji_motor_ctrl.o
    0x080043d4   0x080043d4   0x00000060   Code   RO         5277    i.SetCur1           dji_motor_ctrl.o
    0x08004434   0x08004434   0x00000018   Code   RO         5278    i.SetPos            dji_motor_ctrl.o
    0x0800444c   0x0800444c   0x00000048   Code   RO         5279    i.SetSpeed          dji_motor_ctrl.o
    0x08004494   0x08004494   0x0000001c   Code   RO          257    i.StartDefaultTask  freertos.o
    0x080044b0   0x080044b0   0x0000002c   Code   RO         4727    i.SysTick_Handler   port.o
    0x080044dc   0x080044dc   0x00000094   Code   RO           15    i.SystemClock_Config  main.o
    0x08004570   0x08004570   0x00000010   Code   RO         3472    i.SystemInit        system_stm32f4xx.o
    0x08004580   0x08004580   0x0000000c   Code   RO          527    i.TIM1_UP_TIM10_IRQHandler  stm32f4xx_it.o
    0x0800458c   0x0800458c   0x000000c8   Code   RO         2236    i.TIM_Base_SetConfig  stm32f4xx_hal_tim.o
    0x08004654   0x08004654   0x0000001a   Code   RO         2237    i.TIM_CCxChannelCmd  stm32f4xx_hal_tim.o
    0x0800466e   0x0800466e   0x00000002   PAD
    0x08004670   0x08004670   0x00000060   Code   RO         2249    i.TIM_OC1_SetConfig  stm32f4xx_hal_tim.o
    0x080046d0   0x080046d0   0x0000006c   Code   RO         2250    i.TIM_OC2_SetConfig  stm32f4xx_hal_tim.o
    0x0800473c   0x0800473c   0x00000068   Code   RO         2251    i.TIM_OC3_SetConfig  stm32f4xx_hal_tim.o
    0x080047a4   0x080047a4   0x00000050   Code   RO         2252    i.TIM_OC4_SetConfig  stm32f4xx_hal_tim.o
    0x080047f4   0x080047f4   0x000000c0   Code   RO         5775    i.Task_Flow_Entry   task_flow.o
    0x080048b4   0x080048b4   0x0000000c   Code   RO          528    i.UART7_IRQHandler  stm32f4xx_it.o
    0x080048c0   0x080048c0   0x00000018   Code   RO          529    i.UART8_IRQHandler  stm32f4xx_it.o
    0x080048d8   0x080048d8   0x00000010   Code   RO         3156    i.UART_DMAAbortOnError  stm32f4xx_hal_uart.o
    0x080048e8   0x080048e8   0x0000004e   Code   RO         3166    i.UART_EndRxTransfer  stm32f4xx_hal_uart.o
    0x08004936   0x08004936   0x000000c0   Code   RO         3168    i.UART_Receive_IT   stm32f4xx_hal_uart.o
    0x080049f6   0x080049f6   0x00000002   PAD
    0x080049f8   0x080049f8   0x0000010c   Code   RO         3169    i.UART_SetConfig    stm32f4xx_hal_uart.o
    0x08004b04   0x08004b04   0x0000003a   Code   RO         3171    i.UART_Start_Receive_IT  stm32f4xx_hal_uart.o
    0x08004b3e   0x08004b3e   0x00000078   Code   RO         3172    i.UART_WaitOnFlagUntilTimeout  stm32f4xx_hal_uart.o
    0x08004bb6   0x08004bb6   0x00000002   PAD
    0x08004bb8   0x08004bb8   0x00000018   Code   RO          530    i.USART1_IRQHandler  stm32f4xx_it.o
    0x08004bd0   0x08004bd0   0x0000000c   Code   RO          531    i.USART6_IRQHandler  stm32f4xx_it.o
    0x08004bdc   0x08004bdc   0x0000000c   Code   RO         4849    i.Uart8_Idle_Callback  bsp_usart.o
    0x08004be8   0x08004be8   0x00000002   Code   RO          532    i.UsageFault_Handler  stm32f4xx_it.o
    0x08004bea   0x08004bea   0x00000002   PAD
    0x08004bec   0x08004bec   0x00000064   Code   RO         4851    i.Usart_IdleIRQ_Callback  bsp_usart.o
    0x08004c50   0x08004c50   0x00000038   Code   RO         4852    i.Usart_IdleIRQ_Handler  bsp_usart.o
    0x08004c88   0x08004c88   0x0000008c   Code   RO         4853    i.Usart_IdleIRQ_Init  bsp_usart.o
    0x08004d14   0x08004d14   0x0000004c   Code   RO         5280    i.VelPidCtrl        dji_motor_ctrl.o
    0x08004d60   0x08004d60   0x00000046   Code   RO         5281    i.VelSlope          dji_motor_ctrl.o
    0x08004da6   0x08004da6   0x00000002   PAD
    0x08004da8   0x08004da8   0x00000020   Code   RO         6482    i.__0printf         mc_w.l(printfa.o)
    0x08004dc8   0x08004dc8   0x00000026   Code   RO         6554    i.__ARM_fpclassifyf  m_wm.l(fpclassifyf.o)
    0x08004dee   0x08004dee   0x00000020   Code   RO         1754    i.__NVIC_SetPriority  stm32f4xx_hal_cortex.o
    0x08004e0e   0x08004e0e   0x00000002   PAD
    0x08004e10   0x08004e10   0x00000008   Code   RO         6599    i.__aeabi_errno_addr  mc_w.l(errno.o)
    0x08004e18   0x08004e18   0x00000150   Code   RO         6174    i.__hardfp_cosf     m_wm.l(cosf.o)
    0x08004f68   0x08004f68   0x00000190   Code   RO         6200    i.__hardfp_sinf     m_wm.l(sinf.o)
    0x080050f8   0x080050f8   0x0000007a   Code   RO         6212    i.__hardfp_sqrt     m_wm.l(sqrt.o)
    0x08005172   0x08005172   0x00000006   Code   RO         6557    i.__mathlib_flt_infnan  m_wm.l(funder.o)
    0x08005178   0x08005178   0x00000010   Code   RO         6559    i.__mathlib_flt_invalid  m_wm.l(funder.o)
    0x08005188   0x08005188   0x00000010   Code   RO         6562    i.__mathlib_flt_underflow  m_wm.l(funder.o)
    0x08005198   0x08005198   0x00000154   Code   RO         6573    i.__mathlib_rredf2  m_wm.l(rredf.o)
    0x080052ec   0x080052ec   0x0000000e   Code   RO         6659    i.__scatterload_copy  mc_w.l(handlers.o)
    0x080052fa   0x080052fa   0x00000002   Code   RO         6660    i.__scatterload_null  mc_w.l(handlers.o)
    0x080052fc   0x080052fc   0x0000000e   Code   RO         6661    i.__scatterload_zeroinit  mc_w.l(handlers.o)
    0x0800530a   0x0800530a   0x00000002   PAD
    0x0800530c   0x0800530c   0x0000000c   Code   RO         6601    i.__set_errno       mc_w.l(errno.o)
    0x08005318   0x08005318   0x00000184   Code   RO         6489    i._fp_digits        mc_w.l(printfa.o)
    0x0800549c   0x0800549c   0x000006dc   Code   RO         6490    i._printf_core      mc_w.l(printfa.o)
    0x08005b78   0x08005b78   0x00000024   Code   RO         6491    i._printf_post_padding  mc_w.l(printfa.o)
    0x08005b9c   0x08005b9c   0x0000002e   Code   RO         6492    i._printf_pre_padding  mc_w.l(printfa.o)
    0x08005bca   0x08005bca   0x00000002   PAD
    0x08005bcc   0x08005bcc   0x00000010   Code   RO         5045    i.buzzer_on         bsp_buzzer.o
    0x08005bdc   0x08005bdc   0x00000052   Code   RO         6055    i.exp_fuzzy         fuzzy_pid.o
    0x08005c2e   0x08005c2e   0x0000002a   Code   RO         5919    i.first_order_filter_cali  simple_filter.o
    0x08005c58   0x08005c58   0x00000020   Code   RO         5920    i.first_order_filter_init  simple_filter.o
    0x08005c78   0x08005c78   0x00000018   Code   RO         6096    i.fputc             bsp_hmi.o
    0x08005c90   0x08005c90   0x000001e8   Code   RO         6056    i.fuzzification     fuzzy_pid.o
    0x08005e78   0x08005e78   0x000000a8   Code   RO         6057    i.fuzzy_init        fuzzy_pid.o
    0x08005f20   0x08005f20   0x0000009a   Code   RO         6058    i.fuzzypid_cal      fuzzy_pid.o
    0x08005fba   0x08005fba   0x00000002   PAD
    0x08005fbc   0x08005fbc   0x00000058   Code   RO           16    i.main              main.o
    0x08006014   0x08006014   0x0000000c   Code   RO         4292    i.makeFreeRtosPriority  cmsis_os.o
    0x08006020   0x08006020   0x0000000e   Code   RO         4294    i.osDelay           cmsis_os.o
    0x0800602e   0x0800602e   0x0000000a   Code   RO         4297    i.osKernelStart     cmsis_os.o
    0x08006038   0x08006038   0x00000054   Code   RO         4331    i.osThreadCreate    cmsis_os.o
    0x0800608c   0x0800608c   0x00000070   Code   RO         3974    i.prvAddCurrentTaskToDelayedList  tasks.o
    0x080060fc   0x080060fc   0x000000d0   Code   RO         3975    i.prvAddNewTaskToReadyList  tasks.o
    0x080061cc   0x080061cc   0x00000034   Code   RO         3976    i.prvDeleteTCB      tasks.o
    0x08006200   0x08006200   0x0000004c   Code   RO         4659    i.prvHeapInit       heap_4.o
    0x0800624c   0x0800624c   0x00000060   Code   RO         3977    i.prvIdleTask       tasks.o
    0x080062ac   0x080062ac   0x00000098   Code   RO         3978    i.prvInitialiseNewTask  tasks.o
    0x08006344   0x08006344   0x0000004c   Code   RO         4660    i.prvInsertBlockIntoFreeList  heap_4.o
    0x08006390   0x08006390   0x00000020   Code   RO         3979    i.prvResetNextTaskUnblockTime  tasks.o
    0x080063b0   0x080063b0   0x00000028   Code   RO         4728    i.prvTaskExitError  port.o
    0x080063d8   0x080063d8   0x000000dc   Code   RO         4661    i.pvPortMalloc      heap_4.o
    0x080064b4   0x080064b4   0x0000002c   Code   RO         4729    i.pxPortInitialiseStack  port.o
    0x080064e0   0x080064e0   0x0000003e   Code   RO         4854    i.uart_receive_dma_no_it  bsp_usart.o
    0x0800651e   0x0800651e   0x00000026   Code   RO         3610    i.uxListRemove      list.o
    0x08006544   0x08006544   0x00000014   Code   RO          259    i.vApplicationGetIdleTaskMemory  freertos.o
    0x08006558   0x08006558   0x00000016   Code   RO         3611    i.vListInitialise   list.o
    0x0800656e   0x0800656e   0x00000006   Code   RO         3612    i.vListInitialiseItem  list.o
    0x08006574   0x08006574   0x00000030   Code   RO         3613    i.vListInsert       list.o
    0x080065a4   0x080065a4   0x00000018   Code   RO         3614    i.vListInsertEnd    list.o
    0x080065bc   0x080065bc   0x00000040   Code   RO         4731    i.vPortEnterCritical  port.o
    0x080065fc   0x080065fc   0x00000028   Code   RO         4732    i.vPortExitCritical  port.o
    0x08006624   0x08006624   0x00000064   Code   RO         4662    i.vPortFree         heap_4.o
    0x08006688   0x08006688   0x00000024   Code   RO         4733    i.vPortSetupTimerInterrupt  port.o
    0x080066ac   0x080066ac   0x0000004c   Code   RO         3988    i.vTaskDelay        tasks.o
    0x080066f8   0x080066f8   0x0000006c   Code   RO         4001    i.vTaskStartScheduler  tasks.o
    0x08006764   0x08006764   0x00000010   Code   RO         4003    i.vTaskSuspendAll   tasks.o
    0x08006774   0x08006774   0x0000005c   Code   RO         4004    i.vTaskSwitchContext  tasks.o
    0x080067d0   0x080067d0   0x000000f4   Code   RO         4735    i.xPortStartScheduler  port.o
    0x080068c4   0x080068c4   0x0000005a   Code   RO         4007    i.xTaskCreate       tasks.o
    0x0800691e   0x0800691e   0x00000056   Code   RO         4008    i.xTaskCreateStatic  tasks.o
    0x08006974   0x08006974   0x000000cc   Code   RO         4015    i.xTaskIncrementTick  tasks.o
    0x08006a40   0x08006a40   0x000000c4   Code   RO         4021    i.xTaskResumeAll    tasks.o
    0x08006b04   0x08006b04   0x000000a8   Data   RO          261    .constdata          freertos.o
    0x08006bac   0x08006bac   0x00000008   Data   RO         1453    .constdata          stm32f4xx_hal_dma.o
    0x08006bb4   0x08006bb4   0x00000010   Data   RO         3473    .constdata          system_stm32f4xx.o
    0x08006bc4   0x08006bc4   0x00000008   Data   RO         3474    .constdata          system_stm32f4xx.o
    0x08006bcc   0x08006bcc   0x00000428   Data   RO         5048    .constdata          bsp_buzzer.o
    0x08006ff4   0x08006ff4   0x00000008   Data   RO         5543    .constdata          chassis_task.o
    0x08006ffc   0x08006ffc   0x00000020   Data   RO         6574    .constdata          m_wm.l(rredf.o)
    0x0800701c   0x0800701c   0x00000081   Data   RO         6626    .constdata          mc_w.l(ctype_o.o)
    0x0800709d   0x0800709d   0x00000003   PAD
    0x080070a0   0x080070a0   0x00000004   Data   RO         6627    .constdata          mc_w.l(ctype_o.o)
    0x080070a4   0x080070a4   0x0000004e   Data   RO          262    .conststring        freertos.o
    0x080070f2   0x080070f2   0x00000002   PAD
    0x080070f4   0x080070f4   0x00000020   Data   RO         6657    Region$$Table       anon$$obj.o


    Execution Region RW_IRAM2 (Exec base: 0x10000000, Load base: 0x080071b8, Size: 0x00000000, Max: 0x00010000, ABSOLUTE)

    **** No section assigned to this execution region ****


    Execution Region RW_IRAM1 (Exec base: 0x20000000, Load base: 0x08007114, Size: 0x00005298, Max: 0x00030000, ABSOLUTE, COMPRESSED[0x000000a4])

    Exec Addr    Load Addr    Size         Type   Attr      Idx    E Section Name        Object

    0x20000000   COMPRESSED   0x00000018   Data   RW          263    .data               freertos.o
    0x20000018   COMPRESSED   0x0000000c   Data   RW         1900    .data               stm32f4xx_hal.o
    0x20000024   COMPRESSED   0x00000004   Data   RW         3475    .data               system_stm32f4xx.o
    0x20000028   COMPRESSED   0x0000003c   Data   RW         4024    .data               tasks.o
    0x20000064   COMPRESSED   0x00000020   Data   RW         4668    .data               heap_4.o
    0x20000084   COMPRESSED   0x0000000c   Data   RW         4736    .data               port.o
    0x20000090   COMPRESSED   0x00000004   Data   RW         4857    .data               bsp_usart.o
    0x20000094   COMPRESSED   0x00000029   Data   RW         5197    .data               bsp_gm65.o
    0x200000bd   COMPRESSED   0x00000003   PAD
    0x200000c0   COMPRESSED   0x0000000c   Data   RW         5283    .data               dji_motor_ctrl.o
    0x200000cc   COMPRESSED   0x00000014   Data   RW         5432    .data               od_can_com.o
    0x200000e0   COMPRESSED   0x00000004   Data   RW         5502    .data               dji_motor_ctrl_task.o
    0x200000e4   COMPRESSED   0x0000000c   Data   RW         5544    .data               chassis_task.o
    0x200000f0   COMPRESSED   0x00000008   Data   RW         5730    .data               navigation_task.o
    0x200000f8   COMPRESSED   0x00000014   Data   RW         5776    .data               task_flow.o
    0x2000010c   COMPRESSED   0x0000024c   Data   RW         6059    .data               fuzzy_pid.o
    0x20000358   COMPRESSED   0x00000004   Data   RW         6590    .data               mc_w.l(stdout.o)
    0x2000035c   COMPRESSED   0x00000004   Data   RW         6602    .data               mc_w.l(errno.o)
    0x20000360        -       0x00000254   Zero   RW          260    .bss                freertos.o
    0x200005b4        -       0x00000028   Zero   RW          341    .bss                can.o
    0x200005dc        -       0x00000090   Zero   RW          409    .bss                tim.o
    0x2000066c        -       0x000001d0   Zero   RW          464    .bss                usart.o
    0x2000083c        -       0x00000048   Zero   RW          657    .bss                stm32f4xx_hal_timebase_tim.o
    0x20000884        -       0x000000f0   Zero   RW         4023    .bss                tasks.o
    0x20000974        -       0x00003c00   Zero   RW         4667    .bss                heap_4.o
    0x20004574        -       0x00000051   Zero   RW         4855    .bss                bsp_usart.o
    0x200045c5   COMPRESSED   0x00000001   PAD
    0x200045c6        -       0x00000014   Zero   RW         4856    .bss                bsp_usart.o
    0x200045da   COMPRESSED   0x00000002   PAD
    0x200045dc        -       0x00000018   Zero   RW         4939    .bss                bsp_ops.o
    0x200045f4        -       0x00000020   Zero   RW         5196    .bss                bsp_gm65.o
    0x20004614        -       0x00000604   Zero   RW         5282    .bss                dji_motor_ctrl.o
    0x20004c18        -       0x00000068   Zero   RW         5541    .bss                chassis_task.o
    0x20004c80        -       0x00000024   Zero   RW         5652    .bss                rc_task.o
    0x20004ca4        -       0x000001f4   Zero   RW         5729    .bss                navigation_task.o
    0x20004e98        -       0x00000400   Zero   RW            1    STACK               startup_stm32f427xx.o


==============================================================================

Image component sizes


      Code (inc. data)   RO Data    RW Data    ZI Data      Debug   Object Name

        96         14       1064          0          0       1649   bsp_buzzer.o
        56          4          0          0          0        562   bsp_can.o
       220         32          0         41         32       3806   bsp_gm65.o
       256         88          0          0          0       2408   bsp_hmi.o
        70         12          0          0         24       3342   bsp_ops.o
       168         26          0          0          0       1951   bsp_servo.o
       370         54          0          4        101       5218   bsp_usart.o
       204         22          0          0         40       1753   can.o
       504         54          8         12        104       3953   chassis_task.o
       120          0          0          0          0      23401   cmsis_os.o
      1976        164          0         12       1540      13142   dji_motor_ctrl.o
        88          6          0          4          0        832   dji_motor_ctrl_task.o
        76          4          0          0          0        842   dma.o
         0          0          0          0          0      16936   event_groups.o
       196         18        246         24        596       3085   freertos.o
       892         26          0        588          0       4961   fuzzy_pid.o
       208         14          0          0          0       1107   gpio.o
       472         24          0         32      15360       7499   heap_4.o
       138          0          0          0          0       3618   list.o
       260         26          0          0          0     787330   main.o
       584         54          0          0          0       2815   mcknum_wheel.o
       690         88          0          8        500       4864   navigation_task.o
       232         36          0         20          0       5896   od_can_com.o
       702         72          0         12          0      11124   port.o
       630         26          0          0         36       5508   rc_task.o
        74          6          0          0          0       1628   simple_filter.o
        36          8        428          0       1024        848   startup_stm32f427xx.o
        80         14          0         12          0       8302   stm32f4xx_hal.o
      1638          6          0          0          0      14499   stm32f4xx_hal_can.o
       158         14          0          0          0      33218   stm32f4xx_hal_cortex.o
      1044         16          8          0          0       7291   stm32f4xx_hal_dma.o
       590         54          0          0          0       2901   stm32f4xx_hal_gpio.o
        56          4          0          0          0        890   stm32f4xx_hal_msp.o
      1412         86          0          0          0       5981   stm32f4xx_hal_rcc.o
      1694        136          0          0          0      13751   stm32f4xx_hal_tim.o
       148         28          0          0          0       2501   stm32f4xx_hal_tim_ex.o
       116         16          0          0         72       1455   stm32f4xx_hal_timebase_tim.o
      1672         16          0          0          0      11568   stm32f4xx_hal_uart.o
       144         54          0          0          0       7313   stm32f4xx_it.o
         0          0          0          0          0        392   stream_buffer.o
        16          4         24          4          0       1163   system_stm32f4xx.o
       284         34          0         20          0       2127   task_flow.o
      1520        112          0         60        240      19682   tasks.o
       500         54          0          0        144       3202   tim.o
       724         84          0          0        464       4042   usart.o

    ----------------------------------------------------------------------
     21162       1610       1812        856      20280    1060356   Object Totals
         0          0         32          0          0          0   (incl. Generated)
        48          0          2          3          3          0   (incl. Padding)

    ----------------------------------------------------------------------

      Code (inc. data)   RO Data    RW Data    ZI Data      Debug   Library Member Name

       336         56          0          0          0        136   cosf.o
        38          0          0          0          0        116   fpclassifyf.o
        38         12          0          0          0        348   funder.o
       340         24         32          0          0        160   rredf.o
       400         56          0          0          0        212   sinf.o
       122          0          0          0          0        148   sqrt.o
        86          0          0          0          0          0   __dczerorl2.o
        28          0          0          0          0         68   _chval.o
       158          0          0          0          0         92   _strtoul.o
        26          0          0          0          0         80   atoi.o
         8          4        133          0          0         68   ctype_o.o
         0          0          0          0          0          0   entry.o
         0          0          0          0          0          0   entry10a.o
         0          0          0          0          0          0   entry11a.o
         8          4          0          0          0          0   entry2.o
         4          0          0          0          0          0   entry5.o
         0          0          0          0          0          0   entry7b.o
         0          0          0          0          0          0   entry8b.o
         8          4          0          0          0          0   entry9a.o
        20         10          0          4          0        136   errno.o
        30          0          0          0          0          0   handlers.o
        36          8          0          0          0         68   init.o
         0          0          0          0          0          0   iusefp.o
        30          0          0          0          0         68   llshl.o
        36          0          0          0          0         68   llsshr.o
        32          0          0          0          0         68   llushr.o
        36          0          0          0          0         68   memcpya.o
        36          0          0          0          0        108   memseta.o
      2258         90          0          0          0        452   printfa.o
         0          0          0          4          0          0   stdout.o
       112          0          0          0          0         88   strtol.o
        44          0          0          0          0         80   uidiv.o
        98          0          0          0          0         92   uldiv.o
        48          0          0          0          0         68   cdrcmple.o
        56          0          0          0          0         88   d2f.o
       334          0          0          0          0        148   dadd.o
       222          0          0          0          0        100   ddiv.o
       186          0          0          0          0        176   depilogue.o
        48          0          0          0          0         68   dfixul.o
       228          0          0          0          0         96   dmul.o
       162          0          0          0          0        100   dsqrt.o
        38          0          0          0          0         68   f2d.o
       110          0          0          0          0        168   fepilogue.o

    ----------------------------------------------------------------------
      5806        268        168          8          0       3804   Library Totals
         6          0          3          0          0          0   (incl. Padding)

    ----------------------------------------------------------------------

      Code (inc. data)   RO Data    RW Data    ZI Data      Debug   Library Name

      1274        148         32          0          0       1120   m_wm.l
      3094        120        133          8          0       1604   mc_w.l
      1432          0          0          0          0       1080   mf_w.l

    ----------------------------------------------------------------------
      5806        268        168          8          0       3804   Library Totals

    ----------------------------------------------------------------------

==============================================================================


      Code (inc. data)   RO Data    RW Data    ZI Data      Debug   

     26968       1878       1980        864      20280    1043292   Grand Totals
     26968       1878       1980        164      20280    1043292   ELF Image Totals (compressed)
     26968       1878       1980        164          0          0   ROM Totals

==============================================================================

    Total RO  Size (Code + RO Data)                28948 (  28.27kB)
    Total RW  Size (RW Data + ZI Data)             21144 (  20.65kB)
    Total ROM Size (Code + RO Data + RW Data)      29112 (  28.43kB)

==============================================================================

