Component: ARM Compiler 5.06 update 6 (build 750) Tool: armlink [4d35ed]

==============================================================================

Section Cross References

    startup_stm32f427xx.o(RESET) refers to startup_stm32f427xx.o(STACK) for __initial_sp
    startup_stm32f427xx.o(RESET) refers to startup_stm32f427xx.o(.text) for Reset_Handler
    startup_stm32f427xx.o(RESET) refers to stm32f4xx_it.o(i.NMI_Handler) for NMI_Handler
    startup_stm32f427xx.o(RESET) refers to stm32f4xx_it.o(i.HardFault_Handler) for HardFault_Handler
    startup_stm32f427xx.o(RESET) refers to stm32f4xx_it.o(i.MemManage_Handler) for MemManage_Handler
    startup_stm32f427xx.o(RESET) refers to stm32f4xx_it.o(i.BusFault_Handler) for BusFault_Handler
    startup_stm32f427xx.o(RESET) refers to stm32f4xx_it.o(i.UsageFault_Handler) for UsageFault_Handler
    startup_stm32f427xx.o(RESET) refers to port.o(.emb_text) for SVC_Handler
    startup_stm32f427xx.o(RESET) refers to stm32f4xx_it.o(i.DebugMon_Handler) for DebugMon_Handler
    startup_stm32f427xx.o(RESET) refers to port.o(i.SysTick_Handler) for SysTick_Handler
    startup_stm32f427xx.o(RESET) refers to stm32f4xx_it.o(i.DMA1_Stream6_IRQHandler) for DMA1_Stream6_IRQHandler
    startup_stm32f427xx.o(RESET) refers to stm32f4xx_it.o(i.CAN1_TX_IRQHandler) for CAN1_TX_IRQHandler
    startup_stm32f427xx.o(RESET) refers to stm32f4xx_it.o(i.CAN1_RX0_IRQHandler) for CAN1_RX0_IRQHandler
    startup_stm32f427xx.o(RESET) refers to stm32f4xx_it.o(i.TIM1_UP_TIM10_IRQHandler) for TIM1_UP_TIM10_IRQHandler
    startup_stm32f427xx.o(RESET) refers to stm32f4xx_it.o(i.USART1_IRQHandler) for USART1_IRQHandler
    startup_stm32f427xx.o(RESET) refers to stm32f4xx_it.o(i.DMA2_Stream2_IRQHandler) for DMA2_Stream2_IRQHandler
    startup_stm32f427xx.o(RESET) refers to stm32f4xx_it.o(i.USART6_IRQHandler) for USART6_IRQHandler
    startup_stm32f427xx.o(RESET) refers to stm32f4xx_it.o(i.UART8_IRQHandler) for UART8_IRQHandler
    startup_stm32f427xx.o(.text) refers to system_stm32f4xx.o(i.SystemInit) for SystemInit
    startup_stm32f427xx.o(.text) refers to entry.o(.ARM.Collect$$$$00000000) for __main
    main.o(i.HAL_TIM_PeriodElapsedCallback) refers to stm32f4xx_hal.o(i.HAL_IncTick) for HAL_IncTick
    main.o(i.SystemClock_Config) refers to memseta.o(.text) for __aeabi_memclr4
    main.o(i.SystemClock_Config) refers to stm32f4xx_hal_rcc.o(i.HAL_RCC_OscConfig) for HAL_RCC_OscConfig
    main.o(i.SystemClock_Config) refers to stm32f4xx_hal_rcc.o(i.HAL_RCC_ClockConfig) for HAL_RCC_ClockConfig
    main.o(i.main) refers to stm32f4xx_hal.o(i.HAL_Init) for HAL_Init
    main.o(i.main) refers to main.o(i.SystemClock_Config) for SystemClock_Config
    main.o(i.main) refers to gpio.o(i.MX_GPIO_Init) for MX_GPIO_Init
    main.o(i.main) refers to can.o(i.MX_CAN1_Init) for MX_CAN1_Init
    main.o(i.main) refers to dma.o(i.MX_DMA_Init) for MX_DMA_Init
    main.o(i.main) refers to tim.o(i.MX_TIM5_Init) for MX_TIM5_Init
    main.o(i.main) refers to usart.o(i.MX_USART1_UART_Init) for MX_USART1_UART_Init
    main.o(i.main) refers to usart.o(i.MX_USART6_UART_Init) for MX_USART6_UART_Init
    main.o(i.main) refers to usart.o(i.MX_UART8_Init) for MX_UART8_Init
    main.o(i.main) refers to tim.o(i.MX_TIM12_Init) for MX_TIM12_Init
    main.o(i.main) refers to bsp_usart.o(i.Usart_IdleIRQ_Init) for Usart_IdleIRQ_Init
    main.o(i.main) refers to bsp_can.o(i.CAN_Filter_Init) for CAN_Filter_Init
    main.o(i.main) refers to freertos.o(i.MX_FREERTOS_Init) for MX_FREERTOS_Init
    main.o(i.main) refers to cmsis_os.o(i.osKernelStart) for osKernelStart
    main.o(i.main) refers to usart.o(.bss) for huart1
    gpio.o(i.MX_GPIO_Init) refers to memseta.o(.text) for __aeabi_memclr4
    gpio.o(i.MX_GPIO_Init) refers to stm32f4xx_hal_gpio.o(i.HAL_GPIO_WritePin) for HAL_GPIO_WritePin
    gpio.o(i.MX_GPIO_Init) refers to stm32f4xx_hal_gpio.o(i.HAL_GPIO_Init) for HAL_GPIO_Init
    freertos.o(i.Chassis_Task_Entry) refers to cmsis_os.o(i.osDelay) for osDelay
    freertos.o(i.DJI_Motor_Ctrl_Task_Entry) refers to cmsis_os.o(i.osDelay) for osDelay
    freertos.o(i.MX_FREERTOS_Init) refers to memcpya.o(.text) for __aeabi_memcpy4
    freertos.o(i.MX_FREERTOS_Init) refers to cmsis_os.o(i.osThreadCreate) for osThreadCreate
    freertos.o(i.MX_FREERTOS_Init) refers to freertos.o(.constdata) for .constdata
    freertos.o(i.MX_FREERTOS_Init) refers to freertos.o(.data) for .data
    freertos.o(i.Mec_Arm_Ctrl_Task_Entry) refers to cmsis_os.o(i.osDelay) for osDelay
    freertos.o(i.Navigation_Task_Entry) refers to cmsis_os.o(i.osDelay) for osDelay
    freertos.o(i.RC_Task_Entry) refers to cmsis_os.o(i.osDelay) for osDelay
    freertos.o(i.StartDefaultTask) refers to stm32f4xx_hal_gpio.o(i.HAL_GPIO_TogglePin) for HAL_GPIO_TogglePin
    freertos.o(i.StartDefaultTask) refers to cmsis_os.o(i.osDelay) for osDelay
    freertos.o(i.Task_Flow_Entry) refers to cmsis_os.o(i.osDelay) for osDelay
[...]
    .constdata                               0x080066a8   Section       16  system_stm32f4xx.o(.constdata)
    .constdata                               0x080066b8   Section        8  system_stm32f4xx.o(.constdata)
    .constdata                               0x080066c0   Section     1064  bsp_buzzer.o(.constdata)
    .constdata                               0x08006ae8   Section        8  chassis_task.o(.constdata)
    chassis_vx_order_filter                  0x08006ae8   Data           4  chassis_task.o(.constdata)
    chassis_vy_order_filter                  0x08006aec   Data           4  chassis_task.o(.constdata)
    .constdata                               0x08006af0   Section       32  rredf.o(.constdata)
    twooverpi                                0x08006af0   Data          32  rredf.o(.constdata)
    .conststring                             0x08006b10   Section       78  freertos.o(.conststring)
    .data                                    0x20000000   Section       24  freertos.o(.data)
    .data                                    0x20000018   Section       12  stm32f4xx_hal.o(.data)
    .data                                    0x20000024   Section        4  system_stm32f4xx.o(.data)
    .data                                    0x20000028   Section       60  tasks.o(.data)
    uxDeletedTasksWaitingCleanUp             0x2000002c   Data           4  tasks.o(.data)
    uxCurrentNumberOfTasks                   0x20000030   Data           4  tasks.o(.data)
    xTickCount                               0x20000034   Data           4  tasks.o(.data)
    uxTopReadyPriority                       0x20000038   Data           4  tasks.o(.data)
    xSchedulerRunning                        0x2000003c   Data           4  tasks.o(.data)
    xPendedTicks                             0x20000040   Data           4  tasks.o(.data)
    xYieldPending                            0x20000044   Data           4  tasks.o(.data)
    xNumOfOverflows                          0x20000048   Data           4  tasks.o(.data)
    uxTaskNumber                             0x2000004c   Data           4  tasks.o(.data)
    xNextTaskUnblockTime                     0x20000050   Data           4  tasks.o(.data)
    xIdleTaskHandle                          0x20000054   Data           4  tasks.o(.data)
    uxSchedulerSuspended                     0x20000058   Data           4  tasks.o(.data)
    pxDelayedTaskList                        0x2000005c   Data           4  tasks.o(.data)
    pxOverflowDelayedTaskList                0x20000060   Data           4  tasks.o(.data)
    .data                                    0x20000064   Section       32  heap_4.o(.data)
    pxEnd                                    0x20000064   Data           4  heap_4.o(.data)
    xFreeBytesRemaining                      0x20000068   Data           4  heap_4.o(.data)
    xMinimumEverFreeBytesRemaining           0x2000006c   Data           4  heap_4.o(.data)
    xNumberOfSuccessfulAllocations           0x20000070   Data           4  heap_4.o(.data)
    xNumberOfSuccessfulFrees                 0x20000074   Data           4  heap_4.o(.data)
    xBlockAllocatedBit                       0x20000078   Data           4  heap_4.o(.data)
    xStart                                   0x2000007c   Data           8  heap_4.o(.data)
    .data                                    0x20000084   Section       12  port.o(.data)
    ucMaxSysCallPriority                     0x20000084   Data           1  port.o(.data)
    uxCriticalNesting                        0x20000088   Data           4  port.o(.data)
    ulMaxPRIGROUPValue                       0x2000008c   Data           4  port.o(.data)
    .data                                    0x20000090   Section        4  bsp_usart.o(.data)
    .data                                    0x20000094   Section       12  dji_motor_ctrl.o(.data)
    .data                                    0x200000a0   Section       12  chassis_task.o(.data)
    .data                                    0x200000ac   Section        8  navigation_task.o(.data)
    lastAngleErr                             0x200000ac   Data           4  navigation_task.o(.data)
    lastAngledTerm                           0x200000b0   Data           4  navigation_task.o(.data)
    .data                                    0x200000b4   Section        8  task_flow.o(.data)
    i                                        0x200000b4   Data           4  task_flow.o(.data)
    .data                                    0x200000bc   Section      588  fuzzy_pid.o(.data)
    .data                                    0x20000308   Section        1  tjc_usart_hmi.o(.data)
    .data                                    0x2000030c   Section        4  stdout.o(.data)
    .data                                    0x20000310   Section        4  errno.o(.data)
    _errno                                   0x20000310   Data           4  errno.o(.data)
    .bss                                     0x20000314   Section      596  freertos.o(.bss)
    xIdleTaskTCBBuffer                       0x20000314   Data          84  freertos.o(.bss)
    xIdleStack                               0x20000368   Data         512  freertos.o(.bss)
    .bss                                     0x20000568   Section       40  can.o(.bss)
    .bss                                     0x20000590   Section      144  tim.o(.bss)
    .bss                                     0x20000620   Section      396  usart.o(.bss)
    .bss                                     0x200007ac   Section       72  stm32f4xx_hal_timebase_tim.o(.bss)
    .bss                                     0x200007f4   Section      240  tasks.o(.bss)
    pxReadyTasksLists                        0x200007f4   Data         140  tasks.o(.bss)
    xDelayedTaskList1                        0x20000880   Data          20  tasks.o(.bss)
    xDelayedTaskList2                        0x20000894   Data          20  tasks.o(.bss)
    xPendingReadyList                        0x200008a8   Data          20  tasks.o(.bss)
    xTasksWaitingTermination                 0x200008bc   Data          20  tasks.o(.bss)
    xSuspendedTaskList                       0x200008d0   Data          20  tasks.o(.bss)
    .bss                                     0x200008e4   Section    15360  heap_4.o(.bss)
    ucHeap                                   0x200008e4   Data       15360  heap_4.o(.bss)
    .bss                                     0x200044e4   Section       81  bsp_usart.o(.bss)
    .bss                                     0x20004536   Section       20  bsp_usart.o(.bss)
    .bss                                     0x2000454c   Section       24  bsp_ops.o(.bss)
    .bss                                     0x20004564   Section     1540  dji_motor_ctrl.o(.bss)
    packet                                   0x20004564   Data          36  dji_motor_ctrl.o(.bss)
    .bss                                     0x20004b68   Section      104  chassis_task.o(.bss)
    .bss                                     0x20004bd0   Section       38  rc_task.o(.bss)
    .bss                                     0x20004bf8   Section      500  navigation_task.o(.bss)
    .bss                                     0x20004dec   Section      506  tjc_usart_hmi.o(.bss)
    STACK                                    0x20004fe8   Section     1024  startup_stm32f427xx.o(STACK)

    Global Symbols

    Symbol Name                              Value     Ov Type        Size  Object(Section)

    BuildAttributes$$THM_ISAv4$E$P$D$K$B$S$7EM$VFPi3$EXTD16$VFPS$VFMA$PE$A:L22UL41UL21$X:L11$S22US41US21$IEEE1$IW$USESV6$~STKCKD$USESV7$~SHL$OTIME$ROPI$IEEEX$EBA8$MICROLIB$REQ8$PRES8$EABIv2 0x00000000   Number         0  anon$$obj.o ABSOLUTE
    __ARM_use_no_argv                        0x00000000   Number         0  main.o ABSOLUTE
    _printf_a                                0x00000000   Number         0  stubs.o ABSOLUTE
    _printf_c                                0x00000000   Number         0  stubs.o ABSOLUTE
    _printf_charcount                        0x00000000   Number         0  stubs.o ABSOLUTE
    _printf_d                                0x00000000   Number         0  stubs.o ABSOLUTE
    _printf_e                                0x00000000   Number         0  stubs.o ABSOLUTE
    _printf_f                                0x00000000   Number         0  stubs.o ABSOLUTE
    _printf_flags                            0x00000000   Number         0  stubs.o ABSOLUTE
    _printf_fp_dec                           0x00000000   Number         0  stubs.o ABSOLUTE
    _printf_fp_hex                           0x00000000   Number         0  stubs.o ABSOLUTE
    _printf_g                                0x00000000   Number         0  stubs.o ABSOLUTE
    _printf_i                                0x00000000   Number         0  stubs.o ABSOLUTE
    _printf_int_dec                          0x00000000   Number         0  stubs.o ABSOLUTE
    _printf_l                                0x00000000   Number         0  stubs.o ABSOLUTE
    _printf_lc                               0x00000000   Number         0  stubs.o ABSOLUTE
    _printf_ll                               0x00000000   Number         0  stubs.o ABSOLUTE
    _printf_lld                              0x00000000   Number         0  stubs.o ABSOLUTE
    _printf_lli                              0x00000000   Number         0  stubs.o ABSOLUTE
    _printf_llo                              0x00000000   Number         0  stubs.o ABSOLUTE
    _printf_llu                              0x00000000   Number         0  stubs.o ABSOLUTE
    _printf_llx                              0x00000000   Number         0  stubs.o ABSOLUTE
    _printf_longlong_dec                     0x00000000   Number         0  stubs.o ABSOLUTE
    _printf_longlong_hex                     0x00000000   Number         0  stubs.o ABSOLUTE
    _printf_longlong_oct                     0x00000000   Number         0  stubs.o ABSOLUTE
    _printf_ls                               0x00000000   Number         0  stubs.o ABSOLUTE
    _printf_mbtowc                           0x00000000   Number         0  stubs.o ABSOLUTE
    _printf_n                                0x00000000   Number         0  stubs.o ABSOLUTE
    _printf_o                                0x00000000   Number         0  stubs.o ABSOLUTE
    _printf_p                                0x00000000   Number         0  stubs.o ABSOLUTE
    _printf_percent                          0x00000000   Number         0  stubs.o ABSOLUTE
    _printf_pre_padding                      0x00000000   Number         0  stubs.o ABSOLUTE
    _printf_return_value                     0x00000000   Number         0  stubs.o ABSOLUTE
    _printf_s                                0x00000000   Number         0  stubs.o ABSOLUTE
    _printf_sizespec                         0x00000000   Number         0  stubs.o ABSOLUTE
    _printf_str                              0x00000000   Number         0  stubs.o ABSOLUTE
    _printf_truncate_signed                  0x00000000   Number         0  stubs.o ABSOLUTE
    _printf_truncate_unsigned                0x00000000   Number         0  stubs.o ABSOLUTE
    _printf_u                                0x00000000   Number         0  stubs.o ABSOLUTE
    _printf_wc                               0x00000000   Number         0  stubs.o ABSOLUTE
    _printf_wctomb                           0x00000000   Number         0  stubs.o ABSOLUTE
    _printf_widthprec                        0x00000000   Number         0  stubs.o ABSOLUTE
    _printf_x                                0x00000000   Number         0  stubs.o ABSOLUTE
    __cpp_initialize__aeabi_                  - Undefined Weak Reference
    __cxa_finalize                            - Undefined Weak Reference
    _clock_init                               - Undefined Weak Reference
    _microlib_exit                            - Undefined Weak Reference
    __Vectors_Size                           0x000001ac   Number         0  startup_stm32f427xx.o ABSOLUTE
    __Vectors                                0x08000000   Data           4  startup_stm32f427xx.o(RESET)
    __Vectors_End                            0x080001ac   Data           0  startup_stm32f427xx.o(RESET)
    __main                                   0x080001ad   Thumb Code     0  entry.o(.ARM.Collect$$$$00000000)
    _main_stk                                0x080001ad   Thumb Code     0  entry2.o(.ARM.Collect$$$$00000001)
    _main_scatterload                        0x080001b1   Thumb Code     0  entry5.o(.ARM.Collect$$$$00000004)
    __main_after_scatterload                 0x080001b5   Thumb Code     0  entry5.o(.ARM.Collect$$$$00000004)
    _main_clock                              0x080001b5   Thumb Code     0  entry7b.o(.ARM.Collect$$$$00000008)
    _main_cpp_init                           0x080001b5   Thumb Code     0  entry8b.o(.ARM.Collect$$$$0000000A)
    _main_init                               0x080001b5   Thumb Code     0  entry9a.o(.ARM.Collect$$$$0000000B)
    __rt_final_cpp                           0x080001bd   Thumb Code     0  entry10a.o(.ARM.Collect$$$$0000000D)
    __rt_final_exit                          0x080001bd   Thumb Code     0  entry11a.o(.ARM.Collect$$$$0000000F)
    SVC_Handler                              0x080001c1   Thumb Code    28  port.o(.emb_text)
    __asm___6_port_c_39a90d8d__prvStartFirstTask 0x080001e1   Thumb Code    36  port.o(.emb_text)
    __asm___6_port_c_39a90d8d__prvEnableVFP  0x08000209   Thumb Code    16  port.o(.emb_text)
    PendSV_Handler                           0x0800021d   Thumb Code    88  port.o(.emb_text)
    vPortGetIPSR                             0x08000279   Thumb Code     6  port.o(.emb_text)
    Reset_Handler                            0x08000281   Thumb Code     8  startup_stm32f427xx.o(.text)
    ADC_IRQHandler                           0x0800029b   Thumb Code     0  startup_stm32f427xx.o(.text)
    CAN1_RX1_IRQHandler                      0x0800029b   Thumb Code     0  startup_stm32f427xx.o(.text)
    CAN1_SCE_IRQHandler                      0x0800029b   Thumb Code     0  startup_stm32f427xx.o(.text)
    CAN2_RX0_IRQHandler                      0x0800029b   Thumb Code     0  startup_stm32f427xx.o(.text)
    CAN2_RX1_IRQHandler                      0x0800029b   Thumb Code     0  startup_stm32f427xx.o(.text)
    CAN2_SCE_IRQHandler                      0x0800029b   Thumb Code     0  startup_stm32f427xx.o(.text)
    CAN2_TX_IRQHandler                       0x0800029b   Thumb Code     0  startup_stm32f427xx.o(.text)
    DCMI_IRQHandler                          0x0800029b   Thumb Code     0  startup_stm32f427xx.o(.text)
    DMA1_Stream0_IRQHandler                  0x0800029b   Thumb Code     0  startup_stm32f427xx.o(.text)
    DMA1_Stream1_IRQHandler                  0x0800029b   Thumb Code     0  startup_stm32f427xx.o(.text)
    DMA1_Stream2_IRQHandler                  0x0800029b   Thumb Code     0  startup_stm32f427xx.o(.text)
    DMA1_Stream3_IRQHandler                  0x0800029b   Thumb Code     0  startup_stm32f427xx.o(.text)
    DMA1_Stream4_IRQHandler                  0x0800029b   Thumb Code     0  startup_stm32f427xx.o(.text)
    DMA1_Stream5_IRQHandler                  0x0800029b   Thumb Code     0  startup_stm32f427xx.o(.text)
    DMA1_Stream7_IRQHandler                  0x0800029b   Thumb Code     0  startup_stm32f427xx.o(.text)
    DMA2D_IRQHandler                         0x0800029b   Thumb Code     0  startup_stm32f427xx.o(.text)
    DMA2_Stream0_IRQHandler                  0x0800029b   Thumb Code     0  startup_stm32f427xx.o(.text)
    DMA2_Stream1_IRQHandler                  0x0800029b   Thumb Code     0  startup_stm32f427xx.o(.text)
    DMA2_Stream3_IRQHandler                  0x0800029b   Thumb Code     0  startup_stm32f427xx.o(.text)
    DMA2_Stream4_IRQHandler                  0x0800029b   Thumb Code     0  startup_stm32f427xx.o(.text)
    DMA2_Stream5_IRQHandler                  0x0800029b   Thumb Code     0  startup_stm32f427xx.o(.text)
    DMA2_Stream6_IRQHandler                  0x0800029b   Thumb Code     0  startup_stm32f427xx.o(.text)
    DMA2_Stream7_IRQHandler                  0x0800029b   Thumb Code     0  startup_stm32f427xx.o(.text)
    ETH_IRQHandler                           0x0800029b   Thumb Code     0  startup_stm32f427xx.o(.text)
    ETH_WKUP_IRQHandler                      0x0800029b   Thumb Code     0  startup_stm32f427xx.o(.text)
    EXTI0_IRQHandler                         0x0800029b   Thumb Code     0  startup_stm32f427xx.o(.text)
    EXTI15_10_IRQHandler                     0x0800029b   Thumb Code     0  startup_stm32f427xx.o(.text)
    EXTI1_IRQHandler                         0x0800029b   Thumb Code     0  startup_stm32f427xx.o(.text)
    EXTI2_IRQHandler                         0x0800029b   Thumb Code     0  startup_stm32f427xx.o(.text)
    EXTI3_IRQHandler                         0x0800029b   Thumb Code     0  startup_stm32f427xx.o(.text)
    EXTI4_IRQHandler                         0x0800029b   Thumb Code     0  startup_stm32f427xx.o(.text)
    EXTI9_5_IRQHandler                       0x0800029b   Thumb Code     0  startup_stm32f427xx.o(.text)
    FLASH_IRQHandler                         0x0800029b   Thumb Code     0  startup_stm32f427xx.o(.text)
    FMC_IRQHandler                           0x0800029b   Thumb Code     0  startup_stm32f427xx.o(.text)
    FPU_IRQHandler                           0x0800029b   Thumb Code     0  startup_stm32f427xx.o(.text)
    HASH_RNG_IRQHandler                      0x0800029b   Thumb Code     0  startup_stm32f427xx.o(.text)
    I2C1_ER_IRQHandler                       0x0800029b   Thumb Code     0  startup_stm32f427xx.o(.text)
    I2C1_EV_IRQHandler                       0x0800029b   Thumb Code     0  startup_stm32f427xx.o(.text)
    I2C2_ER_IRQHandler                       0x0800029b   Thumb Code     0  startup_stm32f427xx.o(.text)
    I2C2_EV_IRQHandler                       0x0800029b   Thumb Code     0  startup_stm32f427xx.o(.text)
    I2C3_ER_IRQHandler                       0x0800029b   Thumb Code     0  startup_stm32f427xx.o(.text)
    I2C3_EV_IRQHandler                       0x0800029b   Thumb Code     0  startup_stm32f427xx.o(.text)
    OTG_FS_IRQHandler                        0x0800029b   Thumb Code     0  startup_stm32f427xx.o(.text)
    OTG_FS_WKUP_IRQHandler                   0x0800029b   Thumb Code     0  startup_stm32f427xx.o(.text)
    OTG_HS_EP1_IN_IRQHandler                 0x0800029b   Thumb Code     0  startup_stm32f427xx.o(.text)
    OTG_HS_EP1_OUT_IRQHandler                0x0800029b   Thumb Code     0  startup_stm32f427xx.o(.text)
    OTG_HS_IRQHandler                        0x0800029b   Thumb Code     0  startup_stm32f427xx.o(.text)
    OTG_HS_WKUP_IRQHandler                   0x0800029b   Thumb Code     0  startup_stm32f427xx.o(.text)
    PVD_IRQHandler                           0x0800029b   Thumb Code     0  startup_stm32f427xx.o(.text)
    RCC_IRQHandler                           0x0800029b   Thumb Code     0  startup_stm32f427xx.o(.text)
    RTC_Alarm_IRQHandler                     0x0800029b   Thumb Code     0  startup_stm32f427xx.o(.text)
    RTC_WKUP_IRQHandler                      0x0800029b   Thumb Code     0  startup_stm32f427xx.o(.text)
    SAI1_IRQHandler                          0x0800029b   Thumb Code     0  startup_stm32f427xx.o(.text)
    SDIO_IRQHandler                          0x0800029b   Thumb Code     0  startup_stm32f427xx.o(.text)
    SPI1_IRQHandler                          0x0800029b   Thumb Code     0  startup_stm32f427xx.o(.text)
    SPI2_IRQHandler                          0x0800029b   Thumb Code     0  startup_stm32f427xx.o(.text)
    SPI3_IRQHandler                          0x0800029b   Thumb Code     0  startup_stm32f427xx.o(.text)
    SPI4_IRQHandler                          0x0800029b   Thumb Code     0  startup_stm32f427xx.o(.text)
    SPI5_IRQHandler                          0x0800029b   Thumb Code     0  startup_stm32f427xx.o(.text)
    SPI6_IRQHandler                          0x0800029b   Thumb Code     0  startup_stm32f427xx.o(.text)
    TAMP_STAMP_IRQHandler                    0x0800029b   Thumb Code     0  startup_stm32f427xx.o(.text)
    TIM1_BRK_TIM9_IRQHandler                 0x0800029b   Thumb Code     0  startup_stm32f427xx.o(.text)
    TIM1_CC_IRQHandler                       0x0800029b   Thumb Code     0  startup_stm32f427xx.o(.text)
    TIM1_TRG_COM_TIM11_IRQHandler            0x0800029b   Thumb Code     0  startup_stm32f427xx.o(.text)
    TIM2_IRQHandler                          0x0800029b   Thumb Code     0  startup_stm32f427xx.o(.text)
    TIM3_IRQHandler                          0x0800029b   Thumb Code     0  startup_stm32f427xx.o(.text)
    TIM4_IRQHandler                          0x0800029b   Thumb Code     0  startup_stm32f427xx.o(.text)
    TIM5_IRQHandler                          0x0800029b   Thumb Code     0  startup_stm32f427xx.o(.text)
    TIM6_DAC_IRQHandler                      0x0800029b   Thumb Code     0  startup_stm32f427xx.o(.text)
    TIM7_IRQHandler                          0x0800029b   Thumb Code     0  startup_stm32f427xx.o(.text)
    TIM8_BRK_TIM12_IRQHandler                0x0800029b   Thumb Code     0  startup_stm32f427xx.o(.text)
    TIM8_CC_IRQHandler                       0x0800029b   Thumb Code     0  startup_stm32f427xx.o(.text)
    TIM8_TRG_COM_TIM14_IRQHandler            0x0800029b   Thumb Code     0  startup_stm32f427xx.o(.text)
    TIM8_UP_TIM13_IRQHandler                 0x0800029b   Thumb Code     0  startup_stm32f427xx.o(.text)
    UART4_IRQHandler                         0x0800029b   Thumb Code     0  startup_stm32f427xx.o(.text)
    UART5_IRQHandler                         0x0800029b   Thumb Code     0  startup_stm32f427xx.o(.text)
    UART7_IRQHandler                         0x0800029b   Thumb Code     0  startup_stm32f427xx.o(.text)
    USART2_IRQHandler                        0x0800029b   Thumb Code     0  startup_stm32f427xx.o(.text)
    USART3_IRQHandler                        0x0800029b   Thumb Code     0  startup_stm32f427xx.o(.text)
    WWDG_IRQHandler                          0x0800029b   Thumb Code     0  startup_stm32f427xx.o(.text)
    __aeabi_uldivmod                         0x080002a5   Thumb Code    98  uldiv.o(.text)
    __aeabi_memcpy                           0x08000307   Thumb Code    36  memcpya.o(.text)
    __aeabi_memcpy4                          0x08000307   Thumb Code     0  memcpya.o(.text)
    __aeabi_memcpy8                          0x08000307   Thumb Code     0  memcpya.o(.text)
    __aeabi_memset                           0x0800032b   Thumb Code    14  memseta.o(.text)
    __aeabi_memset4                          0x0800032b   Thumb Code     0  memseta.o(.text)
    __aeabi_memset8                          0x0800032b   Thumb Code     0  memseta.o(.text)
    __aeabi_memclr                           0x08000339   Thumb Code     4  memseta.o(.text)
    __aeabi_memclr4                          0x08000339   Thumb Code     0  memseta.o(.text)
    __aeabi_memclr8                          0x08000339   Thumb Code     0  memseta.o(.text)
    memset                                   0x0800033d   Thumb Code    18  memseta.o(.text)
    __aeabi_dadd                             0x0800034f   Thumb Code   322  dadd.o(.text)
    __aeabi_dsub                             0x08000491   Thumb Code     6  dadd.o(.text)
    __aeabi_drsub                            0x08000497   Thumb Code     6  dadd.o(.text)
    __aeabi_dmul                             0x0800049d   Thumb Code   228  dmul.o(.text)
    __aeabi_ddiv                             0x08000581   Thumb Code   222  ddiv.o(.text)
    __aeabi_f2d                              0x0800065f   Thumb Code    38  f2d.o(.text)
    __aeabi_cdrcmple                         0x08000685   Thumb Code    48  cdrcmple.o(.text)
    __aeabi_d2f                              0x080006b5   Thumb Code    56  d2f.o(.text)
    __aeabi_uidiv                            0x080006ed   Thumb Code     0  uidiv.o(.text)
    __aeabi_uidivmod                         0x080006ed   Thumb Code    44  uidiv.o(.text)
    __aeabi_llsl                             0x08000719   Thumb Code    30  llshl.o(.text)
    _ll_shift_l                              0x08000719   Thumb Code     0  llshl.o(.text)
    __aeabi_llsr                             0x08000737   Thumb Code    32  llushr.o(.text)
    _ll_ushift_r                             0x08000737   Thumb Code     0  llushr.o(.text)
    __aeabi_lasr                             0x08000757   Thumb Code    36  llsshr.o(.text)
    _ll_sshift_r                             0x08000757   Thumb Code     0  llsshr.o(.text)
    __I$use$fp                               0x0800077b   Thumb Code     0  iusefp.o(.text)
    _float_round                             0x0800077b   Thumb Code    18  fepilogue.o(.text)
    _float_epilogue                          0x0800078d   Thumb Code    92  fepilogue.o(.text)
    _double_round                            0x080007e9   Thumb Code    30  depilogue.o(.text)
    _double_epilogue                         0x08000807   Thumb Code   156  depilogue.o(.text)
    _dsqrt                                   0x080008a3   Thumb Code   162  dsqrt.o(.text)
    __aeabi_d2ulz                            0x08000945   Thumb Code    48  dfixul.o(.text)
    __scatterload                            0x08000975   Thumb Code    28  init.o(.text)
    __scatterload_rt2                        0x08000975   Thumb Code     0  init.o(.text)
    __decompress                             0x08000999   Thumb Code     0  __dczerorl2.o(.text)
    __decompress1                            0x08000999   Thumb Code    86  __dczerorl2.o(.text)
    BeginWarnBuzzer                          0x080009f1   Thumb Code    70  bsp_buzzer.o(i.BeginWarnBuzzer)
    BusFault_Handler                         0x08000a41   Thumb Code     2  stm32f4xx_it.o(i.BusFault_Handler)
    CAN1_RX0_IRQHandler                      0x08000a45   Thumb Code     6  stm32f4xx_it.o(i.CAN1_RX0_IRQHandler)
    CAN1_TX_IRQHandler                       0x08000a51   Thumb Code     6  stm32f4xx_it.o(i.CAN1_TX_IRQHandler)
    CAN_Filter_Init                          0x08000a5d   Thumb Code    52  bsp_can.o(i.CAN_Filter_Init)
    CalculateSpeed_Pos                       0x08000a95   Thumb Code    78  dji_motor_ctrl.o(i.CalculateSpeed_Pos)
    CanId_Init                               0x08000ae9   Thumb Code    52  dji_motor_ctrl.o(i.CanId_Init)
    Chassis_Task_Entry                       0x08000b21   Thumb Code   332  chassis_task.o(i.Chassis_Task_Entry)
    DJI_Motor_Ctrl_Task_Entry                0x08000c99   Thumb Code    56  dji_motor_ctrl_task.o(i.DJI_Motor_Ctrl_Task_Entry)
    DMA1_Stream6_IRQHandler                  0x08000cd1   Thumb Code     6  stm32f4xx_it.o(i.DMA1_Stream6_IRQHandler)
    DMA2_Stream2_IRQHandler                  0x08000cdd   Thumb Code     6  stm32f4xx_it.o(i.DMA2_Stream2_IRQHandler)
    DebugMon_Handler                         0x08000d8d   Thumb Code     2  stm32f4xx_it.o(i.DebugMon_Handler)
    DriverInit                               0x08000d91   Thumb Code   242  dji_motor_ctrl.o(i.DriverInit)
    Error_Handler                            0x08000ec1   Thumb Code     4  main.o(i.Error_Handler)
    Get_Now_X_Speed                          0x08000ec5   Thumb Code     8  mcknum_wheel.o(i.Get_Now_X_Speed)
    Get_Now_Y_Speed                          0x08000ed1   Thumb Code     8  mcknum_wheel.o(i.Get_Now_Y_Speed)
    Global_Cor_Trans                         0x08000edd   Thumb Code   118  chassis_task.o(i.Global_Cor_Trans)
    HAL_CAN_ActivateNotification             0x08000f5d   Thumb Code    36  stm32f4xx_hal_can.o(i.HAL_CAN_ActivateNotification)
    HAL_CAN_AddTxMessage                     0x08000f81   Thumb Code   200  stm32f4xx_hal_can.o(i.HAL_CAN_AddTxMessage)
    HAL_CAN_ConfigFilter                     0x08001049   Thumb Code   262  stm32f4xx_hal_can.o(i.HAL_CAN_ConfigFilter)
    HAL_CAN_ErrorCallback                    0x08001155   Thumb Code     2  stm32f4xx_hal_can.o(i.HAL_CAN_ErrorCallback)
    HAL_CAN_GetRxMessage                     0x08001157   Thumb Code   232  stm32f4xx_hal_can.o(i.HAL_CAN_GetRxMessage)
    HAL_CAN_IRQHandler                       0x0800123f   Thumb Code   508  stm32f4xx_hal_can.o(i.HAL_CAN_IRQHandler)
    HAL_CAN_Init                             0x0800143b   Thumb Code   282  stm32f4xx_hal_can.o(i.HAL_CAN_Init)
    HAL_CAN_MspInit                          0x08001555   Thumb Code   122  can.o(i.HAL_CAN_MspInit)
    HAL_CAN_RxFifo0FullCallback              0x080015dd   Thumb Code     2  stm32f4xx_hal_can.o(i.HAL_CAN_RxFifo0FullCallback)
    HAL_CAN_RxFifo0MsgPendingCallback        0x080015e1   Thumb Code   160  dji_motor_ctrl.o(i.HAL_CAN_RxFifo0MsgPendingCallback)
    HAL_CAN_RxFifo1FullCallback              0x0800168d   Thumb Code     2  stm32f4xx_hal_can.o(i.HAL_CAN_RxFifo1FullCallback)
    HAL_CAN_RxFifo1MsgPendingCallback        0x0800168f   Thumb Code     2  stm32f4xx_hal_can.o(i.HAL_CAN_RxFifo1MsgPendingCallback)
    HAL_CAN_SleepCallback                    0x08001691   Thumb Code     2  stm32f4xx_hal_can.o(i.HAL_CAN_SleepCallback)
    HAL_CAN_Start                            0x08001695   Thumb Code    88  stm32f4xx_hal_can.o(i.HAL_CAN_Start)
    HAL_CAN_TxMailbox0AbortCallback          0x080016ed   Thumb Code     2  stm32f4xx_hal_can.o(i.HAL_CAN_TxMailbox0AbortCallback)
    HAL_CAN_TxMailbox0CompleteCallback       0x080016ef   Thumb Code     2  stm32f4xx_hal_can.o(i.HAL_CAN_TxMailbox0CompleteCallback)
    HAL_CAN_TxMailbox1AbortCallback          0x080016f1   Thumb Code     2  stm32f4xx_hal_can.o(i.HAL_CAN_TxMailbox1AbortCallback)
    HAL_CAN_TxMailbox1CompleteCallback       0x080016f3   Thumb Code     2  stm32f4xx_hal_can.o(i.HAL_CAN_TxMailbox1CompleteCallback)
    HAL_CAN_TxMailbox2AbortCallback          0x080016f5   Thumb Code     2  stm32f4xx_hal_can.o(i.HAL_CAN_TxMailbox2AbortCallback)
    HAL_CAN_TxMailbox2CompleteCallback       0x080016f7   Thumb Code     2  stm32f4xx_hal_can.o(i.HAL_CAN_TxMailbox2CompleteCallback)
    HAL_CAN_WakeUpFromRxMsgCallback          0x080016f9   Thumb Code     2  stm32f4xx_hal_can.o(i.HAL_CAN_WakeUpFromRxMsgCallback)
    HAL_DMA_Abort                            0x080016fb   Thumb Code   146  stm32f4xx_hal_dma.o(i.HAL_DMA_Abort)
    HAL_DMA_Abort_IT                         0x0800178d   Thumb Code    36  stm32f4xx_hal_dma.o(i.HAL_DMA_Abort_IT)
    HAL_DMA_IRQHandler                       0x080017b1   Thumb Code   412  stm32f4xx_hal_dma.o(i.HAL_DMA_IRQHandler)
    HAL_DMA_Init                             0x08001951   Thumb Code   206  stm32f4xx_hal_dma.o(i.HAL_DMA_Init)
    HAL_DMA_Start                            0x08001a25   Thumb Code    70  stm32f4xx_hal_dma.o(i.HAL_DMA_Start)
    HAL_GPIO_Init                            0x08001a6d   Thumb Code   510  stm32f4xx_hal_gpio.o(i.HAL_GPIO_Init)
    HAL_GPIO_TogglePin                       0x08001ca1   Thumb Code    16  stm32f4xx_hal_gpio.o(i.HAL_GPIO_TogglePin)
    HAL_GPIO_WritePin                        0x08001cb1   Thumb Code    10  stm32f4xx_hal_gpio.o(i.HAL_GPIO_WritePin)
    HAL_GetTick                              0x08001cbd   Thumb Code     6  stm32f4xx_hal.o(i.HAL_GetTick)
    HAL_IncTick                              0x08001cc9   Thumb Code    12  stm32f4xx_hal.o(i.HAL_IncTick)
    HAL_Init                                 0x08001cd9   Thumb Code    48  stm32f4xx_hal.o(i.HAL_Init)
    HAL_InitTick                             0x08001d0d   Thumb Code   100  stm32f4xx_hal_timebase_tim.o(i.HAL_InitTick)
    HAL_MspInit                              0x08001d81   Thumb Code    52  stm32f4xx_hal_msp.o(i.HAL_MspInit)
    HAL_NVIC_EnableIRQ                       0x08001db9   Thumb Code    26  stm32f4xx_hal_cortex.o(i.HAL_NVIC_EnableIRQ)
    HAL_NVIC_SetPriority                     0x08001dd5   Thumb Code    60  stm32f4xx_hal_cortex.o(i.HAL_NVIC_SetPriority)
    HAL_NVIC_SetPriorityGrouping             0x08001e15   Thumb Code    26  stm32f4xx_hal_cortex.o(i.HAL_NVIC_SetPriorityGrouping)
    HAL_RCC_ClockConfig                      0x08001e39   Thumb Code   288  stm32f4xx_hal_rcc.o(i.HAL_RCC_ClockConfig)
    HAL_RCC_GetClockConfig                   0x08001f6d   Thumb Code    54  stm32f4xx_hal_rcc.o(i.HAL_RCC_GetClockConfig)
    HAL_RCC_GetPCLK1Freq                     0x08001fad   Thumb Code    20  stm32f4xx_hal_rcc.o(i.HAL_RCC_GetPCLK1Freq)
    HAL_RCC_GetPCLK2Freq                     0x08001fcd   Thumb Code    20  stm32f4xx_hal_rcc.o(i.HAL_RCC_GetPCLK2Freq)
    HAL_RCC_GetSysClockFreq                  0x08001fed   Thumb Code    88  stm32f4xx_hal_rcc.o(i.HAL_RCC_GetSysClockFreq)
    HAL_RCC_OscConfig                        0x08002051   Thumb Code   856  stm32f4xx_hal_rcc.o(i.HAL_RCC_OscConfig)
    HAL_TIMEx_BreakCallback                  0x080023bd   Thumb Code     2  stm32f4xx_hal_tim_ex.o(i.HAL_TIMEx_BreakCallback)
    HAL_TIMEx_CommutCallback                 0x080023bf   Thumb Code     2  stm32f4xx_hal_tim_ex.o(i.HAL_TIMEx_CommutCallback)
    HAL_TIMEx_MasterConfigSynchronization    0x080023c1   Thumb Code   116  stm32f4xx_hal_tim_ex.o(i.HAL_TIMEx_MasterConfigSynchronization)
    HAL_TIM_Base_Init                        0x08002451   Thumb Code    90  stm32f4xx_hal_tim.o(i.HAL_TIM_Base_Init)
    HAL_TIM_Base_MspInit                     0x080024ab   Thumb Code     2  stm32f4xx_hal_tim.o(i.HAL_TIM_Base_MspInit)
    HAL_TIM_Base_Start_IT                    0x080024ad   Thumb Code   100  stm32f4xx_hal_tim.o(i.HAL_TIM_Base_Start_IT)
    HAL_TIM_IC_CaptureCallback               0x0800252d   Thumb Code     2  stm32f4xx_hal_tim.o(i.HAL_TIM_IC_CaptureCallback)
    HAL_TIM_IRQHandler                       0x0800252f   Thumb Code   358  stm32f4xx_hal_tim.o(i.HAL_TIM_IRQHandler)
    HAL_TIM_MspPostInit                      0x08002695   Thumb Code   150  tim.o(i.HAL_TIM_MspPostInit)
    HAL_TIM_OC_DelayElapsedCallback          0x08002741   Thumb Code     2  stm32f4xx_hal_tim.o(i.HAL_TIM_OC_DelayElapsedCallback)
    HAL_TIM_PWM_ConfigChannel                0x08002743   Thumb Code   204  stm32f4xx_hal_tim.o(i.HAL_TIM_PWM_ConfigChannel)
    HAL_TIM_PWM_Init                         0x0800280f   Thumb Code    90  stm32f4xx_hal_tim.o(i.HAL_TIM_PWM_Init)
    HAL_TIM_PWM_MspInit                      0x08002869   Thumb Code    52  tim.o(i.HAL_TIM_PWM_MspInit)
    HAL_TIM_PWM_PulseFinishedCallback        0x080028a9   Thumb Code     2  stm32f4xx_hal_tim.o(i.HAL_TIM_PWM_PulseFinishedCallback)
    HAL_TIM_PWM_Start                        0x080028ad   Thumb Code   172  stm32f4xx_hal_tim.o(i.HAL_TIM_PWM_Start)
    HAL_TIM_PeriodElapsedCallback            0x08002975   Thumb Code    14  main.o(i.HAL_TIM_PeriodElapsedCallback)
    HAL_TIM_TriggerCallback                  0x08002989   Thumb Code     2  stm32f4xx_hal_tim.o(i.HAL_TIM_TriggerCallback)
    HAL_UARTEx_RxEventCallback               0x0800298b   Thumb Code     2  stm32f4xx_hal_uart.o(i.HAL_UARTEx_RxEventCallback)
    HAL_UART_ErrorCallback                   0x0800298d   Thumb Code     2  stm32f4xx_hal_uart.o(i.HAL_UART_ErrorCallback)
    HAL_UART_IRQHandler                      0x08002991   Thumb Code   610  stm32f4xx_hal_uart.o(i.HAL_UART_IRQHandler)
    HAL_UART_Init                            0x08002bf9   Thumb Code    98  stm32f4xx_hal_uart.o(i.HAL_UART_Init)
    HAL_UART_MspInit                         0x08002c5d   Thumb Code   360  usart.o(i.HAL_UART_MspInit)
    HAL_UART_Receive_IT                      0x08002ded   Thumb Code    42  stm32f4xx_hal_uart.o(i.HAL_UART_Receive_IT)
    HAL_UART_RxCpltCallback                  0x08002e19   Thumb Code    34  tjc_usart_hmi.o(i.HAL_UART_RxCpltCallback)
    HAL_UART_Transmit                        0x08002e49   Thumb Code   178  stm32f4xx_hal_uart.o(i.HAL_UART_Transmit)
    HAL_UART_TxCpltCallback                  0x08002efb   Thumb Code     2  stm32f4xx_hal_uart.o(i.HAL_UART_TxCpltCallback)
    HMI_Update                               0x08002efd   Thumb Code    64  task_flow.o(i.HMI_Update)
    HMI_Write_txt                            0x08002f45   Thumb Code   108  bsp_hmi.o(i.HMI_Write_txt)
    HardFault_Handler                        0x08002ff1   Thumb Code     2  stm32f4xx_it.o(i.HardFault_Handler)
    HomingMode                               0x08002ff5   Thumb Code   112  dji_motor_ctrl.o(i.HomingMode)
    MX_CAN1_Init                             0x0800306d   Thumb Code    60  can.o(i.MX_CAN1_Init)
    MX_DMA_Init                              0x080030b1   Thumb Code    72  dma.o(i.MX_DMA_Init)
    MX_FREERTOS_Init                         0x080030fd   Thumb Code   140  freertos.o(i.MX_FREERTOS_Init)
    MX_GPIO_Init                             0x08003191   Thumb Code   194  gpio.o(i.MX_GPIO_Init)
    MX_TIM12_Init                            0x08003261   Thumb Code    90  tim.o(i.MX_TIM12_Init)
    MX_TIM5_Init                             0x080032c5   Thumb Code   154  tim.o(i.MX_TIM5_Init)
    MX_UART8_Init                            0x08003369   Thumb Code    48  usart.o(i.MX_UART8_Init)
    MX_USART1_UART_Init                      0x080033a1   Thumb Code    54  usart.o(i.MX_USART1_UART_Init)
    MX_USART6_UART_Init                      0x080033e5   Thumb Code    48  usart.o(i.MX_USART6_UART_Init)
    MaxMinLimit                              0x0800341d   Thumb Code    34  dji_motor_ctrl.o(i.MaxMinLimit)
    Mcknum_Kinematic_Inverse                 0x08003441   Thumb Code   234  mcknum_wheel.o(i.Mcknum_Kinematic_Inverse)
    Mcknum_Kinematic_Positive                0x0800353d   Thumb Code   280  mcknum_wheel.o(i.Mcknum_Kinematic_Positive)
    MemManage_Handler                        0x08003671   Thumb Code     2  stm32f4xx_it.o(i.MemManage_Handler)
    MotorCtrl                                0x08003675   Thumb Code   456  dji_motor_ctrl.o(i.MotorCtrl)
    MotorOn                                  0x0800384d   Thumb Code    92  dji_motor_ctrl.o(i.MotorOn)
    NMI_Handler                              0x080038b5   Thumb Code     2  stm32f4xx_it.o(i.NMI_Handler)
    Navigation_Angle_Ctrl                    0x080038b9   Thumb Code    96  navigation_task.o(i.Navigation_Angle_Ctrl)
    Navigation_Task_Entry                    0x0800392d   Thumb Code   154  navigation_task.o(i.Navigation_Task_Entry)
    Ops_Coordinate_Trans                     0x080039e5   Thumb Code    34  navigation_task.o(i.Ops_Coordinate_Trans)
    Ops_Frame_Parse                          0x08003a07   Thumb Code    34  bsp_ops.o(i.Ops_Frame_Parse)
    Ops_Get_X                                0x08003a29   Thumb Code     8  bsp_ops.o(i.Ops_Get_X)
    Ops_Get_Y                                0x08003a35   Thumb Code     8  bsp_ops.o(i.Ops_Get_Y)
    Ops_Get_Yaw                              0x08003a41   Thumb Code     8  bsp_ops.o(i.Ops_Get_Yaw)
    PID_Nav_Init                             0x08003a4d   Thumb Code   318  navigation_task.o(i.PID_Nav_Init)
    PosCtrl                                  0x08003bb1   Thumb Code   182  dji_motor_ctrl.o(i.PosCtrl)
    RC_Task_Entry                            0x08003c6d   Thumb Code    40  rc_task.o(i.RC_Task_Entry)
    Rc_Key_Callback_Handler                  0x08003c9d   Thumb Code    56  rc_task.o(i.Rc_Key_Callback_Handler)
    Rc_Key_Handler                           0x08003cd9   Thumb Code    98  rc_task.o(i.Rc_Key_Handler)
    Rc_Key_d_Callback                        0x08003d3d   Thumb Code    10  rc_task.o(i.Rc_Key_d_Callback)
    Rc_Update                                0x08003d4d   Thumb Code   400  rc_task.o(i.Rc_Update)
    SetCur                                   0x08003ee5   Thumb Code    96  dji_motor_ctrl.o(i.SetCur)
    SetCur1                                  0x08003f4d   Thumb Code    86  dji_motor_ctrl.o(i.SetCur1)
    SetSpeed                                 0x08003fad   Thumb Code    56  dji_motor_ctrl.o(i.SetSpeed)
    StartDefaultTask                         0x08003ff5   Thumb Code    22  freertos.o(i.StartDefaultTask)
    SysTick_Handler                          0x08004011   Thumb Code    38  port.o(i.SysTick_Handler)
    SystemClock_Config                       0x0800403d   Thumb Code   140  main.o(i.SystemClock_Config)
    SystemInit                               0x080040d1   Thumb Code    12  system_stm32f4xx.o(i.SystemInit)
    TIM1_UP_TIM10_IRQHandler                 0x080040e1   Thumb Code     6  stm32f4xx_it.o(i.TIM1_UP_TIM10_IRQHandler)
    TIM_Base_SetConfig                       0x080040ed   Thumb Code   156  stm32f4xx_hal_tim.o(i.TIM_Base_SetConfig)
    TIM_CCxChannelCmd                        0x080041b5   Thumb Code    26  stm32f4xx_hal_tim.o(i.TIM_CCxChannelCmd)
    TIM_OC2_SetConfig                        0x08004231   Thumb Code    98  stm32f4xx_hal_tim.o(i.TIM_OC2_SetConfig)
    Task_Flow_Entry                          0x08004355   Thumb Code    50  task_flow.o(i.Task_Flow_Entry)
    UART8_IRQHandler                         0x08004391   Thumb Code    18  stm32f4xx_it.o(i.UART8_IRQHandler)
    UART_Start_Receive_IT                    0x080045d5   Thumb Code    58  stm32f4xx_hal_uart.o(i.UART_Start_Receive_IT)
    USART1_IRQHandler                        0x08004689   Thumb Code    18  stm32f4xx_it.o(i.USART1_IRQHandler)
    USART6_IRQHandler                        0x080046a1   Thumb Code     6  stm32f4xx_it.o(i.USART6_IRQHandler)
    Uart8_Idle_Callback                      0x080046ad   Thumb Code     8  bsp_usart.o(i.Uart8_Idle_Callback)
    UsageFault_Handler                       0x080046b9   Thumb Code     2  stm32f4xx_it.o(i.UsageFault_Handler)
    Usart_IdleIRQ_Callback                   0x080046bd   Thumb Code    78  bsp_usart.o(i.Usart_IdleIRQ_Callback)
    Usart_IdleIRQ_Handler                    0x08004721   Thumb Code    56  bsp_usart.o(i.Usart_IdleIRQ_Handler)
    Usart_IdleIRQ_Init                       0x08004759   Thumb Code   112  bsp_usart.o(i.Usart_IdleIRQ_Init)
    VelPidCtrl                               0x080047e5   Thumb Code    76  dji_motor_ctrl.o(i.VelPidCtrl)
    VelSlope                                 0x08004831   Thumb Code    70  dji_motor_ctrl.o(i.VelSlope)
    __0printf                                0x08004879   Thumb Code    22  printfa.o(i.__0printf)
    __1printf                                0x08004879   Thumb Code     0  printfa.o(i.__0printf)
    __2printf                                0x08004879   Thumb Code     0  printfa.o(i.__0printf)
    __c89printf                              0x08004879   Thumb Code     0  printfa.o(i.__0printf)
    printf                                   0x08004879   Thumb Code     0  printfa.o(i.__0printf)
    __ARM_fpclassifyf                        0x08004899   Thumb Code    38  fpclassifyf.o(i.__ARM_fpclassifyf)
    __hardfp_cosf                            0x080048e1   Thumb Code   280  cosf.o(i.__hardfp_cosf)
    __hardfp_sinf                            0x08004a31   Thumb Code   344  sinf.o(i.__hardfp_sinf)
    __hardfp_sqrt                            0x08004bc1   Thumb Code   122  sqrt.o(i.__hardfp_sqrt)
    __mathlib_flt_infnan                     0x08004c3b   Thumb Code     6  funder.o(i.__mathlib_flt_infnan)
    __mathlib_flt_invalid                    0x08004c41   Thumb Code    10  funder.o(i.__mathlib_flt_invalid)
    __mathlib_flt_underflow                  0x08004c51   Thumb Code    10  funder.o(i.__mathlib_flt_underflow)
    __mathlib_rredf2                         0x08004c61   Thumb Code   316  rredf.o(i.__mathlib_rredf2)
    __scatterload_copy                       0x08004db5   Thumb Code    14  handlers.o(i.__scatterload_copy)
    __scatterload_null                       0x08004dc3   Thumb Code     2  handlers.o(i.__scatterload_null)
    __scatterload_zeroinit                   0x08004dc5   Thumb Code    14  handlers.o(i.__scatterload_zeroinit)
    __set_errno                              0x08004dd5   Thumb Code     6  errno.o(i.__set_errno)
    buzzer_on                                0x08005695   Thumb Code    12  bsp_buzzer.o(i.buzzer_on)
    exp_fuzzy                                0x080056a5   Thumb Code    82  fuzzy_pid.o(i.exp_fuzzy)
    first_order_filter_cali                  0x080056f7   Thumb Code    42  simple_filter.o(i.first_order_filter_cali)
    first_order_filter_init                  0x08005721   Thumb Code    26  simple_filter.o(i.first_order_filter_init)
    fputc                                    0x08005741   Thumb Code    20  bsp_hmi.o(i.fputc)
    fuzzification                            0x08005759   Thumb Code   472  fuzzy_pid.o(i.fuzzification)
    fuzzy_init                               0x08005941   Thumb Code   158  fuzzy_pid.o(i.fuzzy_init)
    fuzzypid_cal                             0x080059e9   Thumb Code   154  fuzzy_pid.o(i.fuzzypid_cal)
    main                                     0x08005a85   Thumb Code    72  main.o(i.main)
    osDelay                                  0x08005ae5   Thumb Code    14  cmsis_os.o(i.osDelay)
    osKernelStart                            0x08005af3   Thumb Code    10  cmsis_os.o(i.osKernelStart)
    osThreadCreate                           0x08005afd   Thumb Code    84  cmsis_os.o(i.osThreadCreate)
    pvPortMalloc                             0x08005e9d   Thumb Code   216  heap_4.o(i.pvPortMalloc)
    pxPortInitialiseStack                    0x08005f79   Thumb Code    40  port.o(i.pxPortInitialiseStack)
    uxListRemove                             0x08005fe3   Thumb Code    38  list.o(i.uxListRemove)
    vApplicationGetIdleTaskMemory            0x08006009   Thumb Code    16  freertos.o(i.vApplicationGetIdleTaskMemory)
    vListInitialise                          0x0800601d   Thumb Code    22  list.o(i.vListInitialise)
    vListInitialiseItem                      0x08006033   Thumb Code     6  list.o(i.vListInitialiseItem)
    vListInsert                              0x08006039   Thumb Code    48  list.o(i.vListInsert)
    vListInsertEnd                           0x08006069   Thumb Code    24  list.o(i.vListInsertEnd)
    vPortEnterCritical                       0x08006081   Thumb Code    54  port.o(i.vPortEnterCritical)
    vPortExitCritical                        0x080060c1   Thumb Code    34  port.o(i.vPortExitCritical)
    vPortFree                                0x080060e9   Thumb Code    94  heap_4.o(i.vPortFree)
    vPortSetupTimerInterrupt                 0x0800614d   Thumb Code    32  port.o(i.vPortSetupTimerInterrupt)
    vTaskDelay                               0x08006171   Thumb Code    66  tasks.o(i.vTaskDelay)
    vTaskStartScheduler                      0x080061bd   Thumb Code    90  tasks.o(i.vTaskStartScheduler)
    vTaskSuspendAll                          0x08006229   Thumb Code    10  tasks.o(i.vTaskSuspendAll)
    vTaskSwitchContext                       0x08006239   Thumb Code    82  tasks.o(i.vTaskSwitchContext)
    writeRingBuff                            0x08006295   Thumb Code    42  tjc_usart_hmi.o(i.writeRingBuff)
    xPortStartScheduler                      0x080062c5   Thumb Code   222  port.o(i.xPortStartScheduler)
    xTaskCreate                              0x080063b9   Thumb Code    90  tasks.o(i.xTaskCreate)
    xTaskCreateStatic                        0x08006413   Thumb Code    86  tasks.o(i.xTaskCreateStatic)
    xTaskIncrementTick                       0x08006469   Thumb Code   194  tasks.o(i.xTaskIncrementTick)
    xTaskResumeAll                           0x08006535   Thumb Code   182  tasks.o(i.xTaskResumeAll)
    AHBPrescTable                            0x080066a8   Data          16  system_stm32f4xx.o(.constdata)
    APBPrescTable                            0x080066b8   Data           8  system_stm32f4xx.o(.constdata)
    Region$$Table$$Base                      0x08006b60   Number         0  anon$$obj.o(Region$$Table)
    Region$$Table$$Limit                     0x08006b80   Number         0  anon$$obj.o(Region$$Table)
    defaultTaskHandle                        0x20000000   Data           4  freertos.o(.data)
    DJI_Motor_TaskHandle                     0x20000004   Data           4  freertos.o(.data)
    Chassis_TaskHandle                       0x20000008   Data           4  freertos.o(.data)
    RC_TaskHandle                            0x2000000c   Data           4  freertos.o(.data)
    Navigation_TaskHandle                    0x20000010   Data           4  freertos.o(.data)
    Task_FlowHandle                          0x20000014   Data           4  freertos.o(.data)
    uwTickFreq                               0x20000018   Data           1  stm32f4xx_hal.o(.data)
    uwTickPrio                               0x2000001c   Data           4  stm32f4xx_hal.o(.data)
    uwTick                                   0x20000020   Data           4  stm32f4xx_hal.o(.data)
    SystemCoreClock                          0x20000024   Data           4  system_stm32f4xx.o(.data)
    pxCurrentTCB                             0x20000028   Data           4  tasks.o(.data)
    zxy111                                   0x20000090   Data           4  bsp_usart.o(.data)
    test1                                    0x20000094   Data           4  dji_motor_ctrl.o(.data)
    test2                                    0x20000098   Data           4  dji_motor_ctrl.o(.data)
    test_hal                                 0x2000009c   Data           4  dji_motor_ctrl.o(.data)
    debug_vx                                 0x200000a0   Data           4  chassis_task.o(.data)
    debug_vy                                 0x200000a4   Data           4  chassis_task.o(.data)
    debug_w                                  0x200000a8   Data           4  chassis_task.o(.data)
    task_flow                                0x200000b8   Data           4  task_flow.o(.data)
    pfuzzy_table                             0x200000bc   Data         196  fuzzy_pid.o(.data)
    ifuzzy_table                             0x20000180   Data         196  fuzzy_pid.o(.data)
    dfuzzy_table                             0x20000244   Data         196  fuzzy_pid.o(.data)
    RxBuff                                   0x20000308   Data           1  tjc_usart_hmi.o(.data)
    __stdout                                 0x2000030c   Data           4  stdout.o(.data)
    hcan1                                    0x20000568   Data          40  can.o(.bss)
    htim5                                    0x20000590   Data          72  tim.o(.bss)
    htim12                                   0x200005d8   Data          72  tim.o(.bss)
    huart8                                   0x20000620   Data          68  usart.o(.bss)
    huart1                                   0x20000664   Data          68  usart.o(.bss)
    huart6                                   0x200006a8   Data          68  usart.o(.bss)
    hdma_uart8_rx                            0x200006ec   Data          96  usart.o(.bss)
    hdma_usart1_rx                           0x2000074c   Data          96  usart.o(.bss)
    htim1                                    0x200007ac   Data          72  stm32f4xx_hal_timebase_tim.o(.bss)
    usart1_buff                              0x200044e4   Data          25  bsp_usart.o(.bss)
    usart6_buff                              0x200044fd   Data          28  bsp_usart.o(.bss)
    uart8_buff                               0x20004519   Data          28  bsp_usart.o(.bss)
    rc_rx                                    0x20004536   Data          20  bsp_usart.o(.bss)
    ops_data                                 0x2000454c   Data          24  bsp_ops.o(.bss)
    Driver                                   0x20004588   Data        1344  dji_motor_ctrl.o(.bss)
    Motor                                    0x20004ac8   Data         160  dji_motor_ctrl.o(.bss)
    chassis                                  0x20004b68   Data          72  chassis_task.o(.bss)
    rc_vx_slow_fliter                        0x20004bb0   Data          16  chassis_task.o(.bss)
    rc_vy_slow_fliter                        0x20004bc0   Data          16  chassis_task.o(.bss)
    rc                                       0x20004bd0   Data          38  rc_task.o(.bss)
    PID_nav                                  0x20004bf8   Data          56  navigation_task.o(.bss)
    nav_vel                                  0x20004c30   Data          12  navigation_task.o(.bss)
    fzy_pid_x                                0x20004c3c   Data         108  navigation_task.o(.bss)
    fzy_pid_y                                0x20004ca8   Data         108  navigation_task.o(.bss)
    fzy_pid_v                                0x20004d14   Data         108  navigation_task.o(.bss)
    fzy_pid_w                                0x20004d80   Data         108  navigation_task.o(.bss)
    ringBuff                                 0x20004dec   Data         506  tjc_usart_hmi.o(.bss)
    __initial_sp                             0x200053e8   Data           0  startup_stm32f427xx.o(STACK)



==============================================================================

Memory Map of the image

  Image Entry point : 0x080001ad

  Load Region LR_IROM1 (Base: 0x08000000, Size: 0x00006e94, Max: 0x00200000, ABSOLUTE, COMPRESSED[0x00006c08])

    Execution Region ER_IROM1 (Exec base: 0x08000000, Load base: 0x08000000, Size: 0x00006b80, Max: 0x00200000, ABSOLUTE)

    Exec Addr    Load Addr    Size         Type   Attr      Idx    E Section Name        Object

    0x08000000   0x08000000   0x000001ac   Data   RO            3    RESET               startup_stm32f427xx.o
    0x080001ac   0x080001ac   0x00000000   Code   RO         6232  * .ARM.Collect$$$$00000000  mc_w.l(entry.o)
    0x080001ac   0x080001ac   0x00000004   Code   RO         6572    .ARM.Collect$$$$00000001  mc_w.l(entry2.o)
    0x080001b0   0x080001b0   0x00000004   Code   RO         6575    .ARM.Collect$$$$00000004  mc_w.l(entry5.o)
    0x080001b4   0x080001b4   0x00000000   Code   RO         6577    .ARM.Collect$$$$00000008  mc_w.l(entry7b.o)
    0x080001b4   0x080001b4   0x00000000   Code   RO         6579    .ARM.Collect$$$$0000000A  mc_w.l(entry8b.o)
    0x080001b4   0x080001b4   0x00000008   Code   RO         6580    .ARM.Collect$$$$0000000B  mc_w.l(entry9a.o)
    0x080001bc   0x080001bc   0x00000000   Code   RO         6582    .ARM.Collect$$$$0000000D  mc_w.l(entry10a.o)
    0x080001bc   0x080001bc   0x00000000   Code   RO         6584    .ARM.Collect$$$$0000000F  mc_w.l(entry11a.o)
    0x080001bc   0x080001bc   0x00000004   Code   RO         6573    .ARM.Collect$$$$00002712  mc_w.l(entry2.o)
    0x080001c0   0x080001c0   0x000000be   Code   RO         4714    .emb_text           port.o
    0x0800027e   0x0800027e   0x00000002   PAD
    0x08000280   0x08000280   0x00000024   Code   RO            4    .text               startup_stm32f427xx.o
    0x080002a4   0x080002a4   0x00000062   Code   RO         6235    .text               mc_w.l(uldiv.o)
    0x08000306   0x08000306   0x00000024   Code   RO         6237    .text               mc_w.l(memcpya.o)
    0x0800032a   0x0800032a   0x00000024   Code   RO         6241    .text               mc_w.l(memseta.o)
    0x0800034e   0x0800034e   0x0000014e   Code   RO         6508    .text               mf_w.l(dadd.o)
    0x0800049c   0x0800049c   0x000000e4   Code   RO         6510    .text               mf_w.l(dmul.o)
    0x08000580   0x08000580   0x000000de   Code   RO         6512    .text               mf_w.l(ddiv.o)
    0x0800065e   0x0800065e   0x00000026   Code   RO         6520    .text               mf_w.l(f2d.o)
    0x08000684   0x08000684   0x00000030   Code   RO         6524    .text               mf_w.l(cdrcmple.o)
    0x080006b4   0x080006b4   0x00000038   Code   RO         6526    .text               mf_w.l(d2f.o)
    0x080006ec   0x080006ec   0x0000002c   Code   RO         6587    .text               mc_w.l(uidiv.o)
    0x08000718   0x08000718   0x0000001e   Code   RO         6589    .text               mc_w.l(llshl.o)
    0x08000736   0x08000736   0x00000020   Code   RO         6591    .text               mc_w.l(llushr.o)
    0x08000756   0x08000756   0x00000024   Code   RO         6593    .text               mc_w.l(llsshr.o)
    0x0800077a   0x0800077a   0x00000000   Code   RO         6602    .text               mc_w.l(iusefp.o)
    0x0800077a   0x0800077a   0x0000006e   Code   RO         6603    .text               mf_w.l(fepilogue.o)
    0x080007e8   0x080007e8   0x000000ba   Code   RO         6605    .text               mf_w.l(depilogue.o)
    0x080008a2   0x080008a2   0x000000a2   Code   RO         6611    .text               mf_w.l(dsqrt.o)
    0x08000944   0x08000944   0x00000030   Code   RO         6615    .text               mf_w.l(dfixul.o)
    0x08000974   0x08000974   0x00000024   Code   RO         6617    .text               mc_w.l(init.o)
    0x08000998   0x08000998   0x00000056   Code   RO         6627    .text               mc_w.l(__dczerorl2.o)
    0x080009ee   0x080009ee   0x00000002   PAD
    0x080009f0   0x080009f0   0x00000050   Code   RO         5028    i.BeginWarnBuzzer   bsp_buzzer.o
    0x08000a40   0x08000a40   0x00000002   Code   RO          512    i.BusFault_Handler  stm32f4xx_it.o
    0x08000a42   0x08000a42   0x00000002   PAD
    0x08000a44   0x08000a44   0x0000000c   Code   RO          513    i.CAN1_RX0_IRQHandler  stm32f4xx_it.o
    0x08000a50   0x08000a50   0x0000000c   Code   RO          514    i.CAN1_TX_IRQHandler  stm32f4xx_it.o
    0x08000a5c   0x08000a5c   0x00000038   Code   RO         4794    i.CAN_Filter_Init   bsp_can.o
    0x08000a94   0x08000a94   0x00000054   Code   RO         5182    i.CalculateSpeed_Pos  dji_motor_ctrl.o
    0x08000ae8   0x08000ae8   0x00000038   Code   RO         5183    i.CanId_Init        dji_motor_ctrl.o
    0x08000b20   0x08000b20   0x00000178   Code   RO         5458    i.Chassis_Task_Entry  chassis_task.o
    0x08000c98   0x08000c98   0x00000038   Code   RO         5423    i.DJI_Motor_Ctrl_Task_Entry  dji_motor_ctrl_task.o
    0x08000cd0   0x08000cd0   0x0000000c   Code   RO          515    i.DMA1_Stream6_IRQHandler  stm32f4xx_it.o
    0x08000cdc   0x08000cdc   0x0000000c   Code   RO          516    i.DMA2_Stream2_IRQHandler  stm32f4xx_it.o
    0x08000ce8   0x08000ce8   0x00000028   Code   RO         1426    i.DMA_CalcBaseAndBitshift  stm32f4xx_hal_dma.o
    0x08000d10   0x08000d10   0x00000054   Code   RO         1427    i.DMA_CheckFifoParam  stm32f4xx_hal_dma.o
    0x08000d64   0x08000d64   0x00000028   Code   RO         1428    i.DMA_SetConfig     stm32f4xx_hal_dma.o
    0x08000d8c   0x08000d8c   0x00000002   Code   RO          517    i.DebugMon_Handler  stm32f4xx_it.o
    0x08000d8e   0x08000d8e   0x00000002   PAD
    0x08000d90   0x08000d90   0x00000130   Code   RO         5184    i.DriverInit        dji_motor_ctrl.o
    0x08000ec0   0x08000ec0   0x00000004   Code   RO           13    i.Error_Handler     main.o
    0x08000ec4   0x08000ec4   0x0000000c   Code   RO         5923    i.Get_Now_X_Speed   mcknum_wheel.o
    0x08000ed0   0x08000ed0   0x0000000c   Code   RO         5924    i.Get_Now_Y_Speed   mcknum_wheel.o
    0x08000edc   0x08000edc   0x00000080   Code   RO         5459    i.Global_Cor_Trans  chassis_task.o
    0x08000f5c   0x08000f5c   0x00000024   Code   RO          682    i.HAL_CAN_ActivateNotification  stm32f4xx_hal_can.o
    0x08000f80   0x08000f80   0x000000c8   Code   RO          683    i.HAL_CAN_AddTxMessage  stm32f4xx_hal_can.o
    0x08001048   0x08001048   0x0000010c   Code   RO          684    i.HAL_CAN_ConfigFilter  stm32f4xx_hal_can.o
    0x08001154   0x08001154   0x00000002   Code   RO          687    i.HAL_CAN_ErrorCallback  stm32f4xx_hal_can.o
    0x08001156   0x08001156   0x000000e8   Code   RO          690    i.HAL_CAN_GetRxMessage  stm32f4xx_hal_can.o
    0x0800123e   0x0800123e   0x000001fc   Code   RO          694    i.HAL_CAN_IRQHandler  stm32f4xx_hal_can.o
    0x0800143a   0x0800143a   0x0000011a   Code   RO          695    i.HAL_CAN_Init      stm32f4xx_hal_can.o
    0x08001554   0x08001554   0x00000088   Code   RO          339    i.HAL_CAN_MspInit   can.o
    0x080015dc   0x080015dc   0x00000002   Code   RO          702    i.HAL_CAN_RxFifo0FullCallback  stm32f4xx_hal_can.o
    0x080015de   0x080015de   0x00000002   PAD
    0x080015e0   0x080015e0   0x000000ac   Code   RO         5188    i.HAL_CAN_RxFifo0MsgPendingCallback  dji_motor_ctrl.o
    0x0800168c   0x0800168c   0x00000002   Code   RO          704    i.HAL_CAN_RxFifo1FullCallback  stm32f4xx_hal_can.o
    0x0800168e   0x0800168e   0x00000002   Code   RO          705    i.HAL_CAN_RxFifo1MsgPendingCallback  stm32f4xx_hal_can.o
    0x08001690   0x08001690   0x00000002   Code   RO          706    i.HAL_CAN_SleepCallback  stm32f4xx_hal_can.o
    0x08001692   0x08001692   0x00000002   PAD
    0x08001694   0x08001694   0x00000058   Code   RO          707    i.HAL_CAN_Start     stm32f4xx_hal_can.o
    0x080016ec   0x080016ec   0x00000002   Code   RO          709    i.HAL_CAN_TxMailbox0AbortCallback  stm32f4xx_hal_can.o
    0x080016ee   0x080016ee   0x00000002   Code   RO          710    i.HAL_CAN_TxMailbox0CompleteCallback  stm32f4xx_hal_can.o
    0x080016f0   0x080016f0   0x00000002   Code   RO          711    i.HAL_CAN_TxMailbox1AbortCallback  stm32f4xx_hal_can.o
    0x080016f2   0x080016f2   0x00000002   Code   RO          712    i.HAL_CAN_TxMailbox1CompleteCallback  stm32f4xx_hal_can.o
    0x080016f4   0x080016f4   0x00000002   Code   RO          713    i.HAL_CAN_TxMailbox2AbortCallback  stm32f4xx_hal_can.o
    0x080016f6   0x080016f6   0x00000002   Code   RO          714    i.HAL_CAN_TxMailbox2CompleteCallback  stm32f4xx_hal_can.o
    0x080016f8   0x080016f8   0x00000002   Code   RO          716    i.HAL_CAN_WakeUpFromRxMsgCallback  stm32f4xx_hal_can.o
    0x080016fa   0x080016fa   0x00000092   Code   RO         1429    i.HAL_DMA_Abort     stm32f4xx_hal_dma.o
    0x0800178c   0x0800178c   0x00000024   Code   RO         1430    i.HAL_DMA_Abort_IT  stm32f4xx_hal_dma.o
    0x080017b0   0x080017b0   0x000001a0   Code   RO         1434    i.HAL_DMA_IRQHandler  stm32f4xx_hal_dma.o
    0x08001950   0x08001950   0x000000d4   Code   RO         1435    i.HAL_DMA_Init      stm32f4xx_hal_dma.o
    0x08001a24   0x08001a24   0x00000046   Code   RO         1438    i.HAL_DMA_Start     stm32f4xx_hal_dma.o
    0x08001a6a   0x08001a6a   0x00000002   PAD
    0x08001a6c   0x08001a6c   0x00000234   Code   RO         1322    i.HAL_GPIO_Init     stm32f4xx_hal_gpio.o
    0x08001ca0   0x08001ca0   0x00000010   Code   RO         1325    i.HAL_GPIO_TogglePin  stm32f4xx_hal_gpio.o
    0x08001cb0   0x08001cb0   0x0000000a   Code   RO         1326    i.HAL_GPIO_WritePin  stm32f4xx_hal_gpio.o
    0x08001cba   0x08001cba   0x00000002   PAD
    0x08001cbc   0x08001cbc   0x0000000c   Code   RO         1874    i.HAL_GetTick       stm32f4xx_hal.o
    0x08001cc8   0x08001cc8   0x00000010   Code   RO         1880    i.HAL_IncTick       stm32f4xx_hal.o
    0x08001cd8   0x08001cd8   0x00000034   Code   RO         1881    i.HAL_Init          stm32f4xx_hal.o
    0x08001d0c   0x08001d0c   0x00000074   Code   RO          642    i.HAL_InitTick      stm32f4xx_hal_timebase_tim.o
    0x08001d80   0x08001d80   0x00000038   Code   RO          618    i.HAL_MspInit       stm32f4xx_hal_msp.o
    0x08001db8   0x08001db8   0x0000001a   Code   RO         1729    i.HAL_NVIC_EnableIRQ  stm32f4xx_hal_cortex.o
    0x08001dd2   0x08001dd2   0x00000002   PAD
    0x08001dd4   0x08001dd4   0x00000040   Code   RO         1735    i.HAL_NVIC_SetPriority  stm32f4xx_hal_cortex.o
    0x08001e14   0x08001e14   0x00000024   Code   RO         1736    i.HAL_NVIC_SetPriorityGrouping  stm32f4xx_hal_cortex.o
    0x08001e38   0x08001e38   0x00000134   Code   RO          916    i.HAL_RCC_ClockConfig  stm32f4xx_hal_rcc.o
    0x08001f6c   0x08001f6c   0x00000040   Code   RO          920    i.HAL_RCC_GetClockConfig  stm32f4xx_hal_rcc.o
    0x08001fac   0x08001fac   0x00000020   Code   RO          923    i.HAL_RCC_GetPCLK1Freq  stm32f4xx_hal_rcc.o
    0x08001fcc   0x08001fcc   0x00000020   Code   RO          924    i.HAL_RCC_GetPCLK2Freq  stm32f4xx_hal_rcc.o
    0x08001fec   0x08001fec   0x00000064   Code   RO          925    i.HAL_RCC_GetSysClockFreq  stm32f4xx_hal_rcc.o
    0x08002050   0x08002050   0x0000036c   Code   RO          928    i.HAL_RCC_OscConfig  stm32f4xx_hal_rcc.o
    0x080023bc   0x080023bc   0x00000002   Code   RO         2835    i.HAL_TIMEx_BreakCallback  stm32f4xx_hal_tim_ex.o
    0x080023be   0x080023be   0x00000002   Code   RO         2836    i.HAL_TIMEx_CommutCallback  stm32f4xx_hal_tim_ex.o
    0x080023c0   0x080023c0   0x00000090   Code   RO         2854    i.HAL_TIMEx_MasterConfigSynchronization  stm32f4xx_hal_tim_ex.o
    0x08002450   0x08002450   0x0000005a   Code   RO         2131    i.HAL_TIM_Base_Init  stm32f4xx_hal_tim.o
    0x080024aa   0x080024aa   0x00000002   Code   RO         2133    i.HAL_TIM_Base_MspInit  stm32f4xx_hal_tim.o
    0x080024ac   0x080024ac   0x00000080   Code   RO         2136    i.HAL_TIM_Base_Start_IT  stm32f4xx_hal_tim.o
    0x0800252c   0x0800252c   0x00000002   Code   RO         2165    i.HAL_TIM_IC_CaptureCallback  stm32f4xx_hal_tim.o
    0x0800252e   0x0800252e   0x00000166   Code   RO         2179    i.HAL_TIM_IRQHandler  stm32f4xx_hal_tim.o
    0x08002694   0x08002694   0x000000ac   Code   RO          404    i.HAL_TIM_MspPostInit  tim.o
    0x08002740   0x08002740   0x00000002   Code   RO         2182    i.HAL_TIM_OC_DelayElapsedCallback  stm32f4xx_hal_tim.o
    0x08002742   0x08002742   0x000000cc   Code   RO         2203    i.HAL_TIM_PWM_ConfigChannel  stm32f4xx_hal_tim.o
    0x0800280e   0x0800280e   0x0000005a   Code   RO         2206    i.HAL_TIM_PWM_Init  stm32f4xx_hal_tim.o
    0x08002868   0x08002868   0x00000040   Code   RO          406    i.HAL_TIM_PWM_MspInit  tim.o
    0x080028a8   0x080028a8   0x00000002   Code   RO         2209    i.HAL_TIM_PWM_PulseFinishedCallback  stm32f4xx_hal_tim.o
    0x080028aa   0x080028aa   0x00000002   PAD
    0x080028ac   0x080028ac   0x000000c8   Code   RO         2211    i.HAL_TIM_PWM_Start  stm32f4xx_hal_tim.o
    0x08002974   0x08002974   0x00000014   Code   RO           14    i.HAL_TIM_PeriodElapsedCallback  main.o
    0x08002988   0x08002988   0x00000002   Code   RO         2222    i.HAL_TIM_TriggerCallback  stm32f4xx_hal_tim.o
    0x0800298a   0x0800298a   0x00000002   Code   RO         3113    i.HAL_UARTEx_RxEventCallback  stm32f4xx_hal_uart.o
    0x0800298c   0x0800298c   0x00000002   Code   RO         3127    i.HAL_UART_ErrorCallback  stm32f4xx_hal_uart.o
    0x0800298e   0x0800298e   0x00000002   PAD
    0x08002990   0x08002990   0x00000268   Code   RO         3130    i.HAL_UART_IRQHandler  stm32f4xx_hal_uart.o
    0x08002bf8   0x08002bf8   0x00000062   Code   RO         3131    i.HAL_UART_Init     stm32f4xx_hal_uart.o
    0x08002c5a   0x08002c5a   0x00000002   PAD
    0x08002c5c   0x08002c5c   0x00000190   Code   RO          459    i.HAL_UART_MspInit  usart.o
    0x08002dec   0x08002dec   0x0000002a   Code   RO         3136    i.HAL_UART_Receive_IT  stm32f4xx_hal_uart.o
    0x08002e16   0x08002e16   0x00000002   PAD
    0x08002e18   0x08002e18   0x00000030   Code   RO         6053    i.HAL_UART_RxCpltCallback  tjc_usart_hmi.o
    0x08002e48   0x08002e48   0x000000b2   Code   RO         3139    i.HAL_UART_Transmit  stm32f4xx_hal_uart.o
    0x08002efa   0x08002efa   0x00000002   Code   RO         3142    i.HAL_UART_TxCpltCallback  stm32f4xx_hal_uart.o
    0x08002efc   0x08002efc   0x00000048   Code   RO         5696    i.HMI_Update        task_flow.o
    0x08002f44   0x08002f44   0x000000ac   Code   RO         6013    i.HMI_Write_txt     bsp_hmi.o
    0x08002ff0   0x08002ff0   0x00000002   Code   RO          518    i.HardFault_Handler  stm32f4xx_it.o
    0x08002ff2   0x08002ff2   0x00000002   PAD
    0x08002ff4   0x08002ff4   0x00000078   Code   RO         5189    i.HomingMode        dji_motor_ctrl.o
    0x0800306c   0x0800306c   0x00000044   Code   RO          340    i.MX_CAN1_Init      can.o
    0x080030b0   0x080030b0   0x0000004c   Code   RO          380    i.MX_DMA_Init       dma.o
    0x080030fc   0x080030fc   0x00000094   Code   RO          253    i.MX_FREERTOS_Init  freertos.o
    0x08003190   0x08003190   0x000000d0   Code   RO          227    i.MX_GPIO_Init      gpio.o
    0x08003260   0x08003260   0x00000064   Code   RO          407    i.MX_TIM12_Init     tim.o
    0x080032c4   0x080032c4   0x000000a4   Code   RO          408    i.MX_TIM5_Init      tim.o
    0x08003368   0x08003368   0x00000038   Code   RO          460    i.MX_UART8_Init     usart.o
    0x080033a0   0x080033a0   0x00000044   Code   RO          461    i.MX_USART1_UART_Init  usart.o
    0x080033e4   0x080033e4   0x00000038   Code   RO          462    i.MX_USART6_UART_Init  usart.o
    0x0800341c   0x0800341c   0x00000022   Code   RO         5190    i.MaxMinLimit       dji_motor_ctrl.o
    0x0800343e   0x0800343e   0x00000002   PAD
    0x08003440   0x08003440   0x000000fc   Code   RO         5925    i.Mcknum_Kinematic_Inverse  mcknum_wheel.o
    0x0800353c   0x0800353c   0x00000134   Code   RO         5926    i.Mcknum_Kinematic_Positive  mcknum_wheel.o
    0x08003670   0x08003670   0x00000002   Code   RO          519    i.MemManage_Handler  stm32f4xx_it.o
    0x08003672   0x08003672   0x00000002   PAD
    0x08003674   0x08003674   0x000001d8   Code   RO         5191    i.MotorCtrl         dji_motor_ctrl.o
    0x0800384c   0x0800384c   0x00000068   Code   RO         5194    i.MotorOn           dji_motor_ctrl.o
    0x080038b4   0x080038b4   0x00000002   Code   RO          520    i.NMI_Handler       stm32f4xx_it.o
    0x080038b6   0x080038b6   0x00000002   PAD
    0x080038b8   0x080038b8   0x00000074   Code   RO         5647    i.Navigation_Angle_Ctrl  navigation_task.o
    0x0800392c   0x0800392c   0x000000b8   Code   RO         5648    i.Navigation_Task_Entry  navigation_task.o
    0x080039e4   0x080039e4   0x00000022   Code   RO         5649    i.Ops_Coordinate_Trans  navigation_task.o
    0x08003a06   0x08003a06   0x00000022   Code   RO         4914    i.Ops_Frame_Parse   bsp_ops.o
    0x08003a28   0x08003a28   0x0000000c   Code   RO         4915    i.Ops_Get_X         bsp_ops.o
    0x08003a34   0x08003a34   0x0000000c   Code   RO         4916    i.Ops_Get_Y         bsp_ops.o
    0x08003a40   0x08003a40   0x0000000c   Code   RO         4917    i.Ops_Get_Yaw       bsp_ops.o
    0x08003a4c   0x08003a4c   0x00000164   Code   RO         5650    i.PID_Nav_Init      navigation_task.o
    0x08003bb0   0x08003bb0   0x000000bc   Code   RO         5197    i.PosCtrl           dji_motor_ctrl.o
    0x08003c6c   0x08003c6c   0x00000030   Code   RO         5565    i.RC_Task_Entry     rc_task.o
    0x08003c9c   0x08003c9c   0x0000003c   Code   RO         5566    i.Rc_Key_Callback_Handler  rc_task.o
    0x08003cd8   0x08003cd8   0x00000062   Code   RO         5567    i.Rc_Key_Handler    rc_task.o
    0x08003d3a   0x08003d3a   0x00000002   PAD
    0x08003d3c   0x08003d3c   0x00000010   Code   RO         5572    i.Rc_Key_d_Callback  rc_task.o
    0x08003d4c   0x08003d4c   0x00000198   Code   RO         5573    i.Rc_Update         rc_task.o
    0x08003ee4   0x08003ee4   0x00000068   Code   RO         5198    i.SetCur            dji_motor_ctrl.o
    0x08003f4c   0x08003f4c   0x00000060   Code   RO         5199    i.SetCur1           dji_motor_ctrl.o
    0x08003fac   0x08003fac   0x00000048   Code   RO         5201    i.SetSpeed          dji_motor_ctrl.o
    0x08003ff4   0x08003ff4   0x0000001c   Code   RO          257    i.StartDefaultTask  freertos.o
    0x08004010   0x08004010   0x0000002c   Code   RO         4715    i.SysTick_Handler   port.o
    0x0800403c   0x0800403c   0x00000094   Code   RO           15    i.SystemClock_Config  main.o
    0x080040d0   0x080040d0   0x00000010   Code   RO         3460    i.SystemInit        system_stm32f4xx.o
    0x080040e0   0x080040e0   0x0000000c   Code   RO          521    i.TIM1_UP_TIM10_IRQHandler  stm32f4xx_it.o
    0x080040ec   0x080040ec   0x000000c8   Code   RO         2224    i.TIM_Base_SetConfig  stm32f4xx_hal_tim.o
    0x080041b4   0x080041b4   0x0000001a   Code   RO         2225    i.TIM_CCxChannelCmd  stm32f4xx_hal_tim.o
    0x080041ce   0x080041ce   0x00000002   PAD
    0x080041d0   0x080041d0   0x00000060   Code   RO         2237    i.TIM_OC1_SetConfig  stm32f4xx_hal_tim.o
    0x08004230   0x08004230   0x0000006c   Code   RO         2238    i.TIM_OC2_SetConfig  stm32f4xx_hal_tim.o
    0x0800429c   0x0800429c   0x00000068   Code   RO         2239    i.TIM_OC3_SetConfig  stm32f4xx_hal_tim.o
    0x08004304   0x08004304   0x00000050   Code   RO         2240    i.TIM_OC4_SetConfig  stm32f4xx_hal_tim.o
    0x08004354   0x08004354   0x0000003c   Code   RO         5697    i.Task_Flow_Entry   task_flow.o
    0x08004390   0x08004390   0x00000018   Code   RO          522    i.UART8_IRQHandler  stm32f4xx_it.o
    0x080043a8   0x080043a8   0x00000010   Code   RO         3144    i.UART_DMAAbortOnError  stm32f4xx_hal_uart.o
    0x080043b8   0x080043b8   0x0000004e   Code   RO         3154    i.UART_EndRxTransfer  stm32f4xx_hal_uart.o
    0x08004406   0x08004406   0x000000c0   Code   RO         3156    i.UART_Receive_IT   stm32f4xx_hal_uart.o
    0x080044c6   0x080044c6   0x00000002   PAD
    0x080044c8   0x080044c8   0x0000010c   Code   RO         3157    i.UART_SetConfig    stm32f4xx_hal_uart.o
    0x080045d4   0x080045d4   0x0000003a   Code   RO         3159    i.UART_Start_Receive_IT  stm32f4xx_hal_uart.o
    0x0800460e   0x0800460e   0x00000078   Code   RO         3160    i.UART_WaitOnFlagUntilTimeout  stm32f4xx_hal_uart.o
    0x08004686   0x08004686   0x00000002   PAD
    0x08004688   0x08004688   0x00000018   Code   RO          523    i.USART1_IRQHandler  stm32f4xx_it.o
    0x080046a0   0x080046a0   0x0000000c   Code   RO          524    i.USART6_IRQHandler  stm32f4xx_it.o
    0x080046ac   0x080046ac   0x0000000c   Code   RO         4837    i.Uart8_Idle_Callback  bsp_usart.o
    0x080046b8   0x080046b8   0x00000002   Code   RO          525    i.UsageFault_Handler  stm32f4xx_it.o
    0x080046ba   0x080046ba   0x00000002   PAD
    0x080046bc   0x080046bc   0x00000064   Code   RO         4839    i.Usart_IdleIRQ_Callback  bsp_usart.o
    0x08004720   0x08004720   0x00000038   Code   RO         4840    i.Usart_IdleIRQ_Handler  bsp_usart.o
    0x08004758   0x08004758   0x0000008c   Code   RO         4841    i.Usart_IdleIRQ_Init  bsp_usart.o
    0x080047e4   0x080047e4   0x0000004c   Code   RO         5202    i.VelPidCtrl        dji_motor_ctrl.o
    0x08004830   0x08004830   0x00000046   Code   RO         5203    i.VelSlope          dji_motor_ctrl.o
    0x08004876   0x08004876   0x00000002   PAD
    0x08004878   0x08004878   0x00000020   Code   RO         6480    i.__0printf         mc_w.l(printfa.o)
    0x08004898   0x08004898   0x00000026   Code   RO         6550    i.__ARM_fpclassifyf  m_wm.l(fpclassifyf.o)
    0x080048be   0x080048be   0x00000020   Code   RO         1742    i.__NVIC_SetPriority  stm32f4xx_hal_cortex.o
    0x080048de   0x080048de   0x00000002   PAD
    0x080048e0   0x080048e0   0x00000150   Code   RO         6170    i.__hardfp_cosf     m_wm.l(cosf.o)
    0x08004a30   0x08004a30   0x00000190   Code   RO         6196    i.__hardfp_sinf     m_wm.l(sinf.o)
    0x08004bc0   0x08004bc0   0x0000007a   Code   RO         6208    i.__hardfp_sqrt     m_wm.l(sqrt.o)
    0x08004c3a   0x08004c3a   0x00000006   Code   RO         6553    i.__mathlib_flt_infnan  m_wm.l(funder.o)
    0x08004c40   0x08004c40   0x00000010   Code   RO         6555    i.__mathlib_flt_invalid  m_wm.l(funder.o)
    0x08004c50   0x08004c50   0x00000010   Code   RO         6558    i.__mathlib_flt_underflow  m_wm.l(funder.o)
    0x08004c60   0x08004c60   0x00000154   Code   RO         6569    i.__mathlib_rredf2  m_wm.l(rredf.o)
    0x08004db4   0x08004db4   0x0000000e   Code   RO         6621    i.__scatterload_copy  mc_w.l(handlers.o)
    0x08004dc2   0x08004dc2   0x00000002   Code   RO         6622    i.__scatterload_null  mc_w.l(handlers.o)
    0x08004dc4   0x08004dc4   0x0000000e   Code   RO         6623    i.__scatterload_zeroinit  mc_w.l(handlers.o)
    0x08004dd2   0x08004dd2   0x00000002   PAD
    0x08004dd4   0x08004dd4   0x0000000c   Code   RO         6597    i.__set_errno       mc_w.l(errno.o)
    0x08004de0   0x08004de0   0x00000184   Code   RO         6487    i._fp_digits        mc_w.l(printfa.o)
    0x08004f64   0x08004f64   0x000006dc   Code   RO         6488    i._printf_core      mc_w.l(printfa.o)
    0x08005640   0x08005640   0x00000024   Code   RO         6489    i._printf_post_padding  mc_w.l(printfa.o)
    0x08005664   0x08005664   0x0000002e   Code   RO         6490    i._printf_pre_padding  mc_w.l(printfa.o)
    0x08005692   0x08005692   0x00000002   PAD
    0x08005694   0x08005694   0x00000010   Code   RO         5033    i.buzzer_on         bsp_buzzer.o
    0x080056a4   0x080056a4   0x00000052   Code   RO         5974    i.exp_fuzzy         fuzzy_pid.o
    0x080056f6   0x080056f6   0x0000002a   Code   RO         5834    i.first_order_filter_cali  simple_filter.o
    0x08005720   0x08005720   0x00000020   Code   RO         5835    i.first_order_filter_init  simple_filter.o
    0x08005740   0x08005740   0x00000018   Code   RO         6015    i.fputc             bsp_hmi.o
    0x08005758   0x08005758   0x000001e8   Code   RO         5975    i.fuzzification     fuzzy_pid.o
    0x08005940   0x08005940   0x000000a8   Code   RO         5976    i.fuzzy_init        fuzzy_pid.o
    0x080059e8   0x080059e8   0x0000009a   Code   RO         5977    i.fuzzypid_cal      fuzzy_pid.o
    0x08005a82   0x08005a82   0x00000002   PAD
    0x08005a84   0x08005a84   0x00000054   Code   RO           16    i.main              main.o
    0x08005ad8   0x08005ad8   0x0000000c   Code   RO         4280    i.makeFreeRtosPriority  cmsis_os.o
    0x08005ae4   0x08005ae4   0x0000000e   Code   RO         4282    i.osDelay           cmsis_os.o
    0x08005af2   0x08005af2   0x0000000a   Code   RO         4285    i.osKernelStart     cmsis_os.o
    0x08005afc   0x08005afc   0x00000054   Code   RO         4319    i.osThreadCreate    cmsis_os.o
    0x08005b50   0x08005b50   0x00000070   Code   RO         3962    i.prvAddCurrentTaskToDelayedList  tasks.o
    0x08005bc0   0x08005bc0   0x000000d0   Code   RO         3963    i.prvAddNewTaskToReadyList  tasks.o
    0x08005c90   0x08005c90   0x00000034   Code   RO         3964    i.prvDeleteTCB      tasks.o
    0x08005cc4   0x08005cc4   0x0000004c   Code   RO         4647    i.prvHeapInit       heap_4.o
    0x08005d10   0x08005d10   0x00000060   Code   RO         3965    i.prvIdleTask       tasks.o
    0x08005d70   0x08005d70   0x00000098   Code   RO         3966    i.prvInitialiseNewTask  tasks.o
    0x08005e08   0x08005e08   0x0000004c   Code   RO         4648    i.prvInsertBlockIntoFreeList  heap_4.o
    0x08005e54   0x08005e54   0x00000020   Code   RO         3967    i.prvResetNextTaskUnblockTime  tasks.o
    0x08005e74   0x08005e74   0x00000028   Code   RO         4716    i.prvTaskExitError  port.o
    0x08005e9c   0x08005e9c   0x000000dc   Code   RO         4649    i.pvPortMalloc      heap_4.o
    0x08005f78   0x08005f78   0x0000002c   Code   RO         4717    i.pxPortInitialiseStack  port.o
    0x08005fa4   0x08005fa4   0x0000003e   Code   RO         4842    i.uart_receive_dma_no_it  bsp_usart.o
    0x08005fe2   0x08005fe2   0x00000026   Code   RO         3598    i.uxListRemove      list.o
    0x08006008   0x08006008   0x00000014   Code   RO          259    i.vApplicationGetIdleTaskMemory  freertos.o
    0x0800601c   0x0800601c   0x00000016   Code   RO         3599    i.vListInitialise   list.o
    0x08006032   0x08006032   0x00000006   Code   RO         3600    i.vListInitialiseItem  list.o
    0x08006038   0x08006038   0x00000030   Code   RO         3601    i.vListInsert       list.o
    0x08006068   0x08006068   0x00000018   Code   RO         3602    i.vListInsertEnd    list.o
    0x08006080   0x08006080   0x00000040   Code   RO         4719    i.vPortEnterCritical  port.o
    0x080060c0   0x080060c0   0x00000028   Code   RO         4720    i.vPortExitCritical  port.o
    0x080060e8   0x080060e8   0x00000064   Code   RO         4650    i.vPortFree         heap_4.o
    0x0800614c   0x0800614c   0x00000024   Code   RO         4721    i.vPortSetupTimerInterrupt  port.o
    0x08006170   0x08006170   0x0000004c   Code   RO         3976    i.vTaskDelay        tasks.o
    0x080061bc   0x080061bc   0x0000006c   Code   RO         3989    i.vTaskStartScheduler  tasks.o
    0x08006228   0x08006228   0x00000010   Code   RO         3991    i.vTaskSuspendAll   tasks.o
    0x08006238   0x08006238   0x0000005c   Code   RO         3992    i.vTaskSwitchContext  tasks.o
    0x08006294   0x08006294   0x00000030   Code   RO         6060    i.writeRingBuff     tjc_usart_hmi.o
    0x080062c4   0x080062c4   0x000000f4   Code   RO         4723    i.xPortStartScheduler  port.o
    0x080063b8   0x080063b8   0x0000005a   Code   RO         3995    i.xTaskCreate       tasks.o
    0x08006412   0x08006412   0x00000056   Code   RO         3996    i.xTaskCreateStatic  tasks.o
    0x08006468   0x08006468   0x000000cc   Code   RO         4003    i.xTaskIncrementTick  tasks.o
    0x08006534   0x08006534   0x000000c4   Code   RO         4009    i.xTaskResumeAll    tasks.o
    0x080065f8   0x080065f8   0x000000a8   Data   RO          261    .constdata          freertos.o
    0x080066a0   0x080066a0   0x00000008   Data   RO         1441    .constdata          stm32f4xx_hal_dma.o
    0x080066a8   0x080066a8   0x00000010   Data   RO         3461    .constdata          system_stm32f4xx.o
    0x080066b8   0x080066b8   0x00000008   Data   RO         3462    .constdata          system_stm32f4xx.o
    0x080066c0   0x080066c0   0x00000428   Data   RO         5036    .constdata          bsp_buzzer.o
    0x08006ae8   0x08006ae8   0x00000008   Data   RO         5462    .constdata          chassis_task.o
    0x08006af0   0x08006af0   0x00000020   Data   RO         6570    .constdata          m_wm.l(rredf.o)
    0x08006b10   0x08006b10   0x0000004e   Data   RO          262    .conststring        freertos.o
    0x08006b5e   0x08006b5e   0x00000002   PAD
    0x08006b60   0x08006b60   0x00000020   Data   RO         6619    Region$$Table       anon$$obj.o


    Execution Region RW_IRAM2 (Exec base: 0x10000000, Load base: 0x08006c08, Size: 0x00000000, Max: 0x00010000, ABSOLUTE)

    **** No section assigned to this execution region ****


    Execution Region RW_IRAM1 (Exec base: 0x20000000, Load base: 0x08006b80, Size: 0x000053e8, Max: 0x00030000, ABSOLUTE, COMPRESSED[0x00000088])

    Exec Addr    Load Addr    Size         Type   Attr      Idx    E Section Name        Object

    0x20000000   COMPRESSED   0x00000018   Data   RW          263    .data               freertos.o
    0x20000018   COMPRESSED   0x0000000c   Data   RW         1888    .data               stm32f4xx_hal.o
    0x20000024   COMPRESSED   0x00000004   Data   RW         3463    .data               system_stm32f4xx.o
    0x20000028   COMPRESSED   0x0000003c   Data   RW         4012    .data               tasks.o
    0x20000064   COMPRESSED   0x00000020   Data   RW         4656    .data               heap_4.o
    0x20000084   COMPRESSED   0x0000000c   Data   RW         4724    .data               port.o
    0x20000090   COMPRESSED   0x00000004   Data   RW         4845    .data               bsp_usart.o
    0x20000094   COMPRESSED   0x0000000c   Data   RW         5205    .data               dji_motor_ctrl.o
    0x200000a0   COMPRESSED   0x0000000c   Data   RW         5463    .data               chassis_task.o
    0x200000ac   COMPRESSED   0x00000008   Data   RW         5652    .data               navigation_task.o
    0x200000b4   COMPRESSED   0x00000008   Data   RW         5698    .data               task_flow.o
    0x200000bc   COMPRESSED   0x0000024c   Data   RW         5978    .data               fuzzy_pid.o
    0x20000308   COMPRESSED   0x00000001   Data   RW         6062    .data               tjc_usart_hmi.o
    0x20000309   COMPRESSED   0x00000003   PAD
    0x2000030c   COMPRESSED   0x00000004   Data   RW         6586    .data               mc_w.l(stdout.o)
    0x20000310   COMPRESSED   0x00000004   Data   RW         6598    .data               mc_w.l(errno.o)
    0x20000314        -       0x00000254   Zero   RW          260    .bss                freertos.o
    0x20000568        -       0x00000028   Zero   RW          341    .bss                can.o
    0x20000590        -       0x00000090   Zero   RW          409    .bss                tim.o
    0x20000620        -       0x0000018c   Zero   RW          463    .bss                usart.o
    0x200007ac        -       0x00000048   Zero   RW          645    .bss                stm32f4xx_hal_timebase_tim.o
    0x200007f4        -       0x000000f0   Zero   RW         4011    .bss                tasks.o
    0x200008e4        -       0x00003c00   Zero   RW         4655    .bss                heap_4.o
    0x200044e4        -       0x00000051   Zero   RW         4843    .bss                bsp_usart.o
    0x20004535   COMPRESSED   0x00000001   PAD
    0x20004536        -       0x00000014   Zero   RW         4844    .bss                bsp_usart.o
    0x2000454a   COMPRESSED   0x00000002   PAD
    0x2000454c        -       0x00000018   Zero   RW         4927    .bss                bsp_ops.o
    0x20004564        -       0x00000604   Zero   RW         5204    .bss                dji_motor_ctrl.o
    0x20004b68        -       0x00000068   Zero   RW         5460    .bss                chassis_task.o
    0x20004bd0        -       0x00000026   Zero   RW         5574    .bss                rc_task.o
    0x20004bf6   COMPRESSED   0x00000002   PAD
    0x20004bf8        -       0x000001f4   Zero   RW         5651    .bss                navigation_task.o
    0x20004dec        -       0x000001fa   Zero   RW         6061    .bss                tjc_usart_hmi.o
    0x20004fe6   COMPRESSED   0x00000002   PAD
    0x20004fe8        -       0x00000400   Zero   RW            1    STACK               startup_stm32f427xx.o


==============================================================================

Image component sizes


      Code (inc. data)   RO Data    RW Data    ZI Data      Debug   Object Name

        96         14       1064          0          0       1649   bsp_buzzer.o
        56          4          0          0          0        562   bsp_can.o
       196         68          0          0          0       2368   bsp_hmi.o
        70         12          0          0         24       3342   bsp_ops.o
       370         54          0          4        101       5218   bsp_usart.o
       204         22          0          0         40       1753   can.o
       504         54          8         12        104       4721   chassis_task.o
       120          0          0          0          0      23401   cmsis_os.o
      1952        160          0         12       1540      12601   dji_motor_ctrl.o
        56          0          0          0          0        584   dji_motor_ctrl_task.o
        76          4          0          0          0        842   dma.o
         0          0          0          0          0      16936   event_groups.o
       196         18        246         24        596       3085   freertos.o
       892         26          0        588          0       4961   fuzzy_pid.o
       208         14          0          0          0       1107   gpio.o
       472         24          0         32      15360       7499   heap_4.o
       138          0          0          0          0       3618   list.o
       256         26          0          0          0     787326   main.o
       584         54          0          0          0       3597   mcknum_wheel.o
       690         88          0          8        500       4864   navigation_task.o
       702         72          0         12          0      11124   port.o
       630         26          0          0         38       5544   rc_task.o
        74          6          0          0          0       1628   simple_filter.o
        36          8        428          0       1024        848   startup_stm32f427xx.o
        80         14          0         12          0       8302   stm32f4xx_hal.o
      1638          6          0          0          0      14499   stm32f4xx_hal_can.o
       158         14          0          0          0      33218   stm32f4xx_hal_cortex.o
      1044         16          8          0          0       7291   stm32f4xx_hal_dma.o
       590         54          0          0          0       2901   stm32f4xx_hal_gpio.o
        56          4          0          0          0        890   stm32f4xx_hal_msp.o
      1412         86          0          0          0       5981   stm32f4xx_hal_rcc.o
      1694        136          0          0          0      13751   stm32f4xx_hal_tim.o
       148         28          0          0          0       2501   stm32f4xx_hal_tim_ex.o
       116         16          0          0         72       1455   stm32f4xx_hal_timebase_tim.o
      1672         16          0          0          0      11568   stm32f4xx_hal_uart.o
       132         48          0          0          0       6834   stm32f4xx_it.o
         0          0          0          0          0        392   stream_buffer.o
        16          4         24          4          0       1163   system_stm32f4xx.o
       132         18          0          8          0       1887   task_flow.o
      1520        112          0         60        240      19682   tasks.o
       500         54          0          0        144       3202   tim.o
        96         20          0          1        506       2043   tjc_usart_hmi.o
       580         70          0          0        396       3371   usart.o

    ----------------------------------------------------------------------
     20210       1470       1812        780      20692    1050109   Object Totals
         0          0         32          0          0          0   (incl. Generated)
        48          0          2          3          7          0   (incl. Padding)

    ----------------------------------------------------------------------

      Code (inc. data)   RO Data    RW Data    ZI Data      Debug   Library Member Name

       336         56          0          0          0        136   cosf.o
        38          0          0          0          0        116   fpclassifyf.o
        38         12          0          0          0        348   funder.o
       340         24         32          0          0        160   rredf.o
       400         56          0          0          0        212   sinf.o
       122          0          0          0          0        148   sqrt.o
        86          0          0          0          0          0   __dczerorl2.o
         0          0          0          0          0          0   entry.o
         0          0          0          0          0          0   entry10a.o
         0          0          0          0          0          0   entry11a.o
         8          4          0          0          0          0   entry2.o
         4          0          0          0          0          0   entry5.o
         0          0          0          0          0          0   entry7b.o
         0          0          0          0          0          0   entry8b.o
         8          4          0          0          0          0   entry9a.o
        12          6          0          4          0         68   errno.o
        30          0          0          0          0          0   handlers.o
        36          8          0          0          0         68   init.o
         0          0          0          0          0          0   iusefp.o
        30          0          0          0          0         68   llshl.o
        36          0          0          0          0         68   llsshr.o
        32          0          0          0          0         68   llushr.o
        36          0          0          0          0         68   memcpya.o
        36          0          0          0          0        108   memseta.o
      2258         90          0          0          0        452   printfa.o
         0          0          0          4          0          0   stdout.o
        44          0          0          0          0         80   uidiv.o
        98          0          0          0          0         92   uldiv.o
        48          0          0          0          0         68   cdrcmple.o
        56          0          0          0          0         88   d2f.o
       334          0          0          0          0        148   dadd.o
       222          0          0          0          0        100   ddiv.o
       186          0          0          0          0        176   depilogue.o
        48          0          0          0          0         68   dfixul.o
       228          0          0          0          0         96   dmul.o
       162          0          0          0          0        100   dsqrt.o
        38          0          0          0          0         68   f2d.o
       110          0          0          0          0        168   fepilogue.o

    ----------------------------------------------------------------------
      5466        260         32          8          0       3340   Library Totals
         6          0          0          0          0          0   (incl. Padding)

    ----------------------------------------------------------------------

      Code (inc. data)   RO Data    RW Data    ZI Data      Debug   Library Name

      1274        148         32          0          0       1120   m_wm.l
      2754        112          0          8          0       1140   mc_w.l
      1432          0          0          0          0       1080   mf_w.l

    ----------------------------------------------------------------------
      5466        260         32          8          0       3340   Library Totals

    ----------------------------------------------------------------------

==============================================================================


      Code (inc. data)   RO Data    RW Data    ZI Data      Debug   

     25676       1730       1844        788      20692    1033741   Grand Totals
     25676       1730       1844        136      20692    1033741   ELF Image Totals (compressed)
     25676       1730       1844        136          0          0   ROM Totals

==============================================================================

    Total RO  Size (Code + RO Data)                27520 (  26.88kB)
    Total RW  Size (RW Data + ZI Data)             21480 (  20.98kB)
    Total ROM Size (Code + RO Data + RW Data)      27656 (  27.01kB)

==============================================================================

